D/GassUtils( 9166): Found app info for package com.example.sfml:1. Hash: a45c6d5226da6404e0240653900a9209eec8ed1916869309036d2cfbf72f25ff
D/k       ( 9166): Found info for package com.example.sfml in db.
D/DisplayPowerController(  973): -----updatePowerState state=2; policy=3
D/DisplayPowerController(  973): -----updatePowerState state=2; policy=3
D/SurfaceFlinger(  216): Set power mode=2, type=0 flinger=0xb88d85f8
I/DisplayManagerService(  973): Display device changed: DisplayDeviceInfo{"Pantalla integrada": uniqueId="local:0", 720 x 1280, 60.0 fps, supportedRefreshRates [60.0], density 320, 294.967 x 292.9 dpi, appVsyncOff 0, presDeadline 17666667, touch INTERNAL, rotation 0, type BUILT_IN, state ON, FLAG_DEFAULT_DISPLAY, FLAG_ROTATES_WITH_CONTENT, FLAG_SECURE, FLAG_SUPPORTS_PROTECTED_BUFFERS}
V/ActivityManager(  973): Display changed displayId=0
D/qdhwcomposer(  216): hwc_setPowerMode: Setting mode 2 on display: 0
E/qdutils (  216): int qdutils::getHDMINode(): Failed to open fb node 2
E/qdutils (  216): int qdutils::getHDMINode(): Failed to find HDMI node
W/art     (25871): Suspending all threads took: 11.172ms
V/PackageManager(  973): getApplicationInfo com.facebook.orca: Package{31a7ee28 com.facebook.orca}
W/art     (25890): Suspending all threads took: 64.341ms
D/DisplayPowerController(  973): -----updatePowerState state=2; policy=3
I/qdhwcomposer(  216): handle_blank_event: dpy:0 panel power state: 1
E/qdutils (  216): int qdutils::getHDMINode(): Failed to open fb node 2
E/qdutils (  216): int qdutils::getHDMINode(): Failed to find HDMI node
D/DisplayPowerController(  973): -----updatePowerState state=2; policy=3
V/PackageManager(  973): getServiceInfo ComponentInfo{com.google.android.googlequicksearchbox/com.google.android.apps.gsa.search.core.icingsync.UpdateIcingCorporaService}: Service{1baf943 com.google.android.googlequicksearchbox/com.google.android.apps.gsa.search.core.icingsync.UpdateIcingCorporaService}
V/PackageManager(  973): getApplicationInfo com.facebook.orca: Package{31a7ee28 com.facebook.orca}
V/QSPanel ( 1767): onMeasure. Update record [freaknet-2g] row, column, page: 0,0,0
V/QSPanel ( 1767): onMeasure. Update record [Bluetooth] row, column, page: 0,1,0
V/QSPanel ( 1767): onMeasure. Update record [JAZZTEL] row, column, page: 1,0,0
V/QSPanel ( 1767): onMeasure. Update record [Modo Avión] row, column, page: 1,1,0
V/QSPanel ( 1767): onMeasure. Update record [Linterna] row, column, page: 1,2,0
V/QSPanel ( 1767): onMeasure. Update record [Girar automáticamente] row, column, page: 2,0,0
V/QSPanel ( 1767): onMeasure. Update record [Enviar pantalla] row, column, page: 2,1,0
V/QSPanel ( 1767): Num of pages in view pager: 1
V/QSPanel ( 1767): onMeasure. Update record [freaknet-2g] width, height: 268,224
V/QSPanel ( 1767): onMeasure. Update record [Bluetooth] width, height: 268,224
V/QSPanel ( 1767): onMeasure. Update record [JAZZTEL] width, height: 211,176
V/QSPanel ( 1767): onMeasure. Update record [Modo Avión] width, height: 211,176
V/QSPanel ( 1767): onMeasure. Update record [Linterna] width, height: 211,176
V/QSPanel ( 1767): onMeasure. Update record [Girar automáticamente] width, height: 211,176
V/QSPanel ( 1767): onMeasure. Update record [Enviar pantalla] width, height: 211,176
V/indicator( 1767): height: 15 | width: 688
V/PagerAdapter( 1767): getCount:1| Num of tiles: 8
V/PagerAdapter( 1767): getCount:1| Num of tiles: 8
V/QSPanel ( 1767): Visible tiles have changed: false
V/QSPanel ( 1767): onMeasure. Update record [freaknet-2g] row, column, page: 0,0,0
V/QSPanel ( 1767): onMeasure. Update record [Bluetooth] row, column, page: 0,1,0
V/QSPanel ( 1767): onMeasure. Update record [JAZZTEL] row, column, page: 1,0,0
V/QSPanel ( 1767): onMeasure. Update record [Modo Avión] row, column, page: 1,1,0
V/QSPanel ( 1767): onMeasure. Update record [Linterna] row, column, page: 1,2,0
V/QSPanel ( 1767): onMeasure. Update record [Girar automáticamente] row, column, page: 2,0,0
V/QSPanel ( 1767): onMeasure. Update record [Enviar pantalla] row, column, page: 2,1,0
V/QSPanel ( 1767): Num of pages in view pager: 1
V/QSPanel ( 1767): onMeasure. Update record [freaknet-2g] width, height: 268,224
V/QSPanel ( 1767): onMeasure. Update record [Bluetooth] width, height: 268,224
V/QSPanel ( 1767): onMeasure. Update record [JAZZTEL] width, height: 211,176
V/QSPanel ( 1767): onMeasure. Update record [Modo Avión] width, height: 211,176
V/QSPanel ( 1767): onMeasure. Update record [Linterna] width, height: 211,176
V/QSPanel ( 1767): onMeasure. Update record [Girar automáticamente] width, height: 211,176
V/QSPanel ( 1767): onMeasure. Update record [Enviar pantalla] width, height: 211,176
V/indicator( 1767): height: 15 | width: 688
V/PagerAdapter( 1767): getCount:1| Num of tiles: 8
V/PagerAdapter( 1767): getCount:1| Num of tiles: 8
V/QSPanel ( 1767): Visible tiles have changed: false
V/QSPanel ( 1767): onLayout. Update record [freaknet-2g] left, top, right, bottom: 50,0,318,0224
V/QSPanel ( 1767): onLayout. Update record [Bluetooth] left, top, right, bottom: 368,0,636,0224
V/QSPanel ( 1767): onLayout. Update record [JAZZTEL] left, top, right, bottom: 13,208,224,208176
V/QSPanel ( 1767): onLayout. Update record [Modo Avión] left, top, right, bottom: 237,208,448,208176
V/QSPanel ( 1767): onLayout. Update record [Linterna] left, top, right, bottom: 461,208,672,208176
V/QSPanel ( 1767): onLayout. Update record [Girar automáticamente] left, top, right, bottom: 88,384,299,384176
V/QSPanel ( 1767): onLayout. Update record [Enviar pantalla] left, top, right, bottom: 387,384,598,384176
V/footer  ( 1767): false
V/PagerAdapter( 1767): isViewFromObject: true
V/PackageManager(  973): getPackageGidscom.estrongs.android.pop: Package{35a0f422 com.estrongs.android.pop}
V/QSPanel ( 1767): onMeasure. Update record [freaknet-2g] row, column, page: 0,0,0
V/QSPanel ( 1767): onMeasure. Update record [Bluetooth] row, column, page: 0,1,0
V/QSPanel ( 1767): onMeasure. Update record [JAZZTEL] row, column, page: 1,0,0
V/QSPanel ( 1767): onMeasure. Update record [Modo Avión] row, column, page: 1,1,0
V/QSPanel ( 1767): onMeasure. Update record [Linterna] row, column, page: 1,2,0
V/QSPanel ( 1767): onMeasure. Update record [Girar automáticamente] row, column, page: 2,0,0
V/QSPanel ( 1767): onMeasure. Update record [Enviar pantalla] row, column, page: 2,1,0
V/QSPanel ( 1767): Num of pages in view pager: 1
V/QSPanel ( 1767): onMeasure. Update record [freaknet-2g] width, height: 268,224
V/QSPanel ( 1767): onMeasure. Update record [Bluetooth] width, height: 268,224
I/ActivityManager(  973): Start proc 25977:com.estrongs.android.pop/u0a60 for broadcast com.estrongs.android.pop/.app.InstallMonitorReceiver
V/QSPanel ( 1767): onMeasure. Update record [JAZZTEL] width, height: 211,176
V/QSPanel ( 1767): onMeasure. Update record [Modo Avión] width, height: 211,176
V/QSPanel ( 1767): onMeasure. Update record [Linterna] width, height: 211,176
V/QSPanel ( 1767): onMeasure. Update record [Girar automáticamente] width, height: 211,176
V/QSPanel ( 1767): onMeasure. Update record [Enviar pantalla] width, height: 211,176
V/indicator( 1767): height: 15 | width: 688
V/QSPanel ( 1767): Visible tiles have changed: false
D/qdhwcomposer(  216): hwc_setPowerMode: Done setting mode 2 on display 0
D/SurfaceControl(  973): Excessive delay in setPowerMode(): 493ms
V/PackageManager(  973): getApplicationInfo com.facebook.katana: Package{37664ade com.facebook.katana}
V/KeyguardServiceDelegate(  973): **** SHOWN CALLED ****
V/PackageManager(  973): getPackageInfo com.estrongs.android.pop: Package{35a0f422 com.estrongs.android.pop}
I/DisplayPowerController(  973): Unblocked screen on after 687 ms
D/StatusBar.MSimNetworkController( 1767): getPhoneId phoneId: 0
D/StatusBar.MSimNetworkController( 1767): onSignalStrengthsChanged received on phoneId :0signalStrength=SignalStrength: 99 0 -120 -160 -120 -1 -1 23 -95 -8 162 2147483647 2147483647 gsm|lte level=3
D/DisplayPowerController(  973): -----updatePowerState state=2; policy=3
V/LightsService(  973): setLight #0: color=#ff1d1d1d
V/PackageManager(  973): getPackageInfo com.google.android.googlequicksearchbox: Package{15eefba2 com.google.android.googlequicksearchbox}
D/StatusBar.MSimNetworkController( 1767): getPhoneId phoneId: 0
D/StatusBar.MSimNetworkController( 1767): getPhoneId phoneId: 0
D/StatusBar.MSimNetworkController( 1767): updateIconSet, phoneId = 0
D/StatusBar.MSimNetworkController( 1767): updateIconSet, voice network type is: 13/4G, data network type is: 13/4G
D/StatusBar.MSimNetworkController( 1767): updateIconSet, chosenNetworkType=13 hspaDataDistinguishable=true hspapDistinguishable=false showAtLeastThreeGees=false
D/TelephonyIcons( 1767): updateDataType sub=0, type=13, inetCondition=1 showAtLeast3G=false show4GforLte=true hspaDistinguishable=true
D/TelephonyIcons( 1767): data type item name: array/telephony_data_type_sim1
D/TelephonyIcons( 1767): data type item id: 2131492871
W/art     (25911): Suspending all threads took: 13.248ms
D/TelephonyIcons( 1767): updateDataType mSelectedDataTypeIcon[0]=2130837895, mSelectedDataActivityIndex=5
D/StatusBar.MSimNetworkController( 1767): getPhoneId phoneId: 0
D/StatusBar.MSimNetworkController( 1767): updateTelephonySignalStrength: phoneId =0
D/TelephonyIcons( 1767): getSignalStrengthIcon: sub=0, inetCondition=1, level=3 isRoaming=false
D/TelephonyIcons( 1767): signalStrengthArray.length = 9
D/TelephonyIcons( 1767): selectedTypeArray.length = 2
D/TelephonyIcons( 1767): inetArray.length = 5
D/StatusBar.MSimNetworkController( 1767): updateTelephonySignalStrength, sub: 0 level=3 mInetCondition=1 mMSimPhoneSignalIconId[0]=2130838273/com.android.systemui:drawable/stat_sys_signal_3_fully
D/StatusBar.MSimNetworkController( 1767): getPhoneId phoneId: 0
D/StatusBar.MSimNetworkController( 1767): refreshViews phoneId =0mMSimDataConnected =false
D/StatusBar.MSimNetworkController( 1767): refreshViews mMSimDataActivity =0
D/StatusBar.MSimNetworkController( 1767): refreshViews: Data not connected!! Set no data type icon / Roaming for phoneId: 0
D/StatusBar.MSimNetworkController( 1767): refreshViews connected={ wifi } level=3 mMSimcombinedSignalIconId=0x7f020390/com.android.systemui:drawable/stat_sys_wifi_signal_4_fully mMSimcombinedActivityIconId=0x7f020380 mAirplaneMode=false mMSimDataActivity=0 mMSimPhoneSignalIconId=0x7f020301/com.android.systemui:drawable/stat_sys_signal_3_fully mMSimDataDirectionIconId=0x0 mMSimDataSignalIconId=0x7f020301 mMSimDataTypeIconId=0x0/(null) mNoMSimIconId=0x0/(null) mMSimMobileActivityIconId=0x0/(null) mWifiIconId=0x7f020390 mBluetoothTetherIconId=0x1080699
V/PackageManager(  973): getPackageInfo com.example.sfml: Package{11fb6212 com.example.sfml}
D/LightsService(  973): Excessive delay setting light: 79ms
D/DisplayPowerController(  973): -----updatePowerState state=2; policy=3
V/PackageManager(  973): getApplicationInfo com.facebook.katana: Package{37664ade com.facebook.katana}
V/PackageManager(  973): getPackageInfo com.estrongs.android.pop: Package{35a0f422 com.estrongs.android.pop}
V/PackageManager(  973): getPackageInfo com.example.sfml: Package{11fb6212 com.example.sfml}
D/PICCOLO-3822(  973): enableBatteryChargingLed?true
D/StatusBar.MSimNetworkController( 1767): refreshViews phoneId =0mMSimDataConnected =false
D/StatusBar.MSimNetworkController( 1767): refreshViews mMSimDataActivity =0
D/StatusBar.MSimNetworkController( 1767): refreshViews: Data not connected!! Set no data type icon / Roaming for phoneId: 0
D/StatusBar.MSimNetworkController( 1767): refreshViews connected={ wifi } level=3 mMSimcombinedSignalIconId=0x7f020390/com.android.systemui:drawable/stat_sys_wifi_signal_4_fully mMSimcombinedActivityIconId=0x7f020381 mAirplaneMode=false mMSimDataActivity=0 mMSimPhoneSignalIconId=0x7f020301/com.android.systemui:drawable/stat_sys_signal_3_fully mMSimDataDirectionIconId=0x0 mMSimDataSignalIconId=0x7f020301 mMSimDataTypeIconId=0x0/(null) mNoMSimIconId=0x0/(null) mMSimMobileActivityIconId=0x0/(null) mWifiIconId=0x7f020390 mBluetoothTetherIconId=0x1080699
I/MSimSignalClusterView( 1767): setRoamingFlagandResource(0), roaming=false, roamingId=0
I/MSimSignalClusterView( 1767): setRoamingFlagandResource(1), roaming=false, roamingId=0
V/QSPanel ( 1767): onStateChanged. Tile [freaknet-2g,true]
D/StatusBar.MSimNetworkController( 1767): refreshSignalCluster, mMSimPhoneSignalIconId[0]=com.android.systemui:drawable/stat_sys_signal_3_fully mMSimDataSignalIconId[0]=com.android.systemui:drawable/stat_sys_signal_3_fully mMSimDataTypeIconId[0]=(null) mMSimMobileActivityIconId[0]=(null) mNoMSimIconId[0]=(null)
I/MSimSignalClusterView( 1767): setRoamingFlagandResource(0), roaming=false, roamingId=0
I/MSimSignalClusterView( 1767): setRoamingFlagandResource(1), roaming=false, roamingId=0
D/StatusBar.MSimNetworkController( 1767): refreshSignalCluster, mMSimPhoneSignalIconId[0]=com.android.systemui:drawable/stat_sys_signal_3_fully mMSimDataSignalIconId[0]=com.android.systemui:drawable/stat_sys_signal_3_fully mMSimDataTypeIconId[0]=(null) mMSimMobileActivityIconId[0]=(null) mNoMSimIconId[0]=(null)
V/QSPanel ( 1767): onMeasure. Update record [freaknet-2g] row, column, page: 0,0,0
V/QSPanel ( 1767): onMeasure. Update record [Bluetooth] row, column, page: 0,1,0
V/QSPanel ( 1767): onMeasure. Update record [JAZZTEL] row, column, page: 1,0,0
V/QSPanel ( 1767): onMeasure. Update record [Modo Avión] row, column, page: 1,1,0
V/QSPanel ( 1767): onMeasure. Update record [Linterna] row, column, page: 1,2,0
V/QSPanel ( 1767): onMeasure. Update record [Girar automáticamente] row, column, page: 2,0,0
V/QSPanel ( 1767): onMeasure. Update record [Enviar pantalla] row, column, page: 2,1,0
V/QSPanel ( 1767): Num of pages in view pager: 1
V/QSPanel ( 1767): onMeasure. Update record [freaknet-2g] width, height: 268,224
V/QSPanel ( 1767): onMeasure. Update record [Bluetooth] width, height: 268,224
V/QSPanel ( 1767): onMeasure. Update record [JAZZTEL] width, height: 211,176
V/QSPanel ( 1767): onMeasure. Update record [Modo Avión] width, height: 211,176
V/QSPanel ( 1767): onMeasure. Update record [Linterna] width, height: 211,176
V/QSPanel ( 1767): onMeasure. Update record [Girar automáticamente] width, height: 211,176
V/QSPanel ( 1767): onMeasure. Update record [Enviar pantalla] width, height: 211,176
V/indicator( 1767): height: 15 | width: 688
V/QSPanel ( 1767): Visible tiles have changed: false
E/WifiStateMachine(  973): cancelDelayedScan -> 1410
D/wpa_supplicant( 1732): wlan0: Control interface command 'SIGNAL_POLL'
V/WLAN_PSA(  236): NL MSG, len[4031], NL type[0x1C] WNI type[0x5900] len[42767]
V/WLAN_PSA(  236): NL MSG, PID: 236
E/native  (  973): do suspend false
D/wpa_supplicant( 1732): wlan0: Control interface command 'DRIVER SETSUSPENDMODE 0'
V/WLAN_PSA(  236): NL MSG, len[048], NL type[0x11] WNI type[0x5050] len[028]
V/WLAN_PSA(  236): NL MSG, PID: 236
V/WLAN_PSA(  236): NL MSG, len[048], NL type[0x11] WNI type[0x5050] len[028]
V/WLAN_PSA(  236): NL MSG, PID: 236
V/WLAN_PSA(  236): NL MSG, len[048], NL type[0x11] WNI type[0x5050] len[028]
V/WLAN_PSA(  236): NL MSG, PID: 236
V/WLAN_PSA(  236): NL MSG, len[048], NL type[0x11] WNI type[0x5050] len[028]
V/WLAN_PSA(  236): NL MSG, PID: 236
V/WLAN_PSA(  236): NL MSG, len[048], NL type[0x11] WNI type[0x5050] len[028]
V/WLAN_PSA(  236): NL MSG, PID: 236
V/WLAN_PSA(  236): NL MSG, len[4070], NL type[0x1C] WNI type[0x5900] len[52751]
V/WLAN_PSA(  236): NL MSG, PID: 236
V/WLAN_PSA(  236): NL MSG, len[048], NL type[0x11] WNI type[0x5050] len[028]
V/WLAN_PSA(  236): NL MSG, PID: 236
D/wpa_supplicant( 1732): wpa_driver_nl80211_driver_cmd SETSUSPENDMODE 0 len = 0, 4096
V/WLAN_PSA(  236): NL MSG, len[4077], NL type[0x1C] WNI type[0x5900] len[54543]
V/WLAN_PSA(  236): NL MSG, PID: 236
I/WifiHAL (  973): Poll result = 1
I/WifiHAL (  973): Found some events!!!
D/WifiHAL (  973): no_seq_check received
I/WifiHAL (  973): event received NL80211_CMD_SET_REKEY_OFFLOAD
I/WifiHAL (  973): event received NL80211_CMD_SET_REKEY_OFFLOAD, vendor_id = 0x0
I/WifiHAL (  973): event ignored!!
D/wpa_supplicant( 1732): nl80211: Event message available
D/wpa_supplicant( 1732): nl80211: Drv Event 79 (NL80211_CMD_SET_REKEY_OFFLOAD) received for wlan0
W/ContextImpl(  973): Calling a method in the system process without a qualified user: android.app.ContextImpl.sendBroadcast:1327 com.android.server.notification.NotificationManagerService.enableBatteryChargingLed:3145 com.android.server.notification.NotificationManagerService.updateLightsLocked:3077 com.android.server.notification.NotificationManagerService.updateNotificationPulse:3231 com.android.server.notification.NotificationManagerService.access$900:133 
V/SRS_Proc(  229): ParamSet string: screen_state=on
D/audio_hw_primary(  229): adev_set_parameters: enter: screen_state=on
D/audio_hw_extn(  229): audio_extn_set_anc_parameters: anc_enabled:0
D/audio_hw_extn(  229): audio_extn_set_fluence_parameters: enter now
D/audio_hw_extn(  229): audio_extn_set_fluence_parameters: exit now, the str we get is  l)
D/wpa_supplicant( 1732): nl80211: Rekey offload event for BSSID c0:c1:c0:f4:c7:9f
D/wpa_supplicant( 1732): nl80211: Rekey offload - Replay Counter - hexdump(len=8): 00 00 00 00 00 00 00 02
D/wpa_supplicant( 1732): wlan0: Event DRIVER_GTK_REKEY (37) received
D/wpa_supplicant( 1732): wlan0: Control interface command 'BLACKLIST clear'
I/MultiDex(25977): VM with version 2.1.0 has multidex support
I/MultiDex(25977): install
I/MultiDex(25977): VM has multidex support, MultiDex support library is disabled.
I/MultiDex(25977): install
I/MultiDex(25977): VM has multidex support, MultiDex support library is disabled.
D/StatusBar.MSimNetworkController( 1767): getPhoneId phoneId: 0
D/StatusBar.MSimNetworkController( 1767): onDataActivity received on phoneId :0direction=0
D/StatusBar.MSimNetworkController( 1767): updateDataIcon phoneId =0
D/StatusBar.MSimNetworkController( 1767): 3G calls -> 3G: false/tHide data icon for call: false
D/StatusBar.MSimNetworkController( 1767): updateDataIcon dataSub =0 blInCallState=false blHideDataIconForCall=false
D/StatusBar.MSimNetworkController( 1767): updateDataIcon  when SimState =READY
D/StatusBar.MSimNetworkController( 1767): updateDataIcon  when gsm mMSimState =READY
D/StatusBar.MSimNetworkController( 1767): updateDataIcon when iconId=000
D/StatusBar.MSimNetworkController( 1767): updateDataIcon when mMSimDataConnected[0] =false mMSimMobileActivityIconId[0] = 0
D/StatusBar.MSimNetworkController( 1767): refreshViews phoneId =0mMSimDataConnected =false
D/StatusBar.MSimNetworkController( 1767): refreshViews mMSimDataActivity =0
D/StatusBar.MSimNetworkController( 1767): refreshViews: Data not connected!! Set no data type icon / Roaming for phoneId: 0
D/StatusBar.MSimNetworkController( 1767): refreshViews connected={ wifi } level=3 mMSimcombinedSignalIconId=0x7f020390/com.android.systemui:drawable/stat_sys_wifi_signal_4_fully mMSimcombinedActivityIconId=0x7f020381 mAirplaneMode=false mMSimDataActivity=0 mMSimPhoneSignalIconId=0x7f020301/com.android.systemui:drawable/stat_sys_signal_3_fully mMSimDataDirectionIconId=0x0 mMSimDataSignalIconId=0x7f020301 mMSimDataTypeIconId=0x0/(null) mNoMSimIconId=0x0/(null) mMSimMobileActivityIconId=0x0/(null) mWifiIconId=0x7f020390 mBluetoothTetherIconId=0x1080699
D/StatusBar.MSimNetworkController( 1767): getPhoneId phoneId: 1
D/StatusBar.MSimNetworkController( 1767): onDataActivity received on phoneId :1direction=0
D/StatusBar.MSimNetworkController( 1767): updateDataIcon phoneId =1
D/StatusBar.MSimNetworkController( 1767): 3G calls -> 3G: false/tHide data icon for call: false
D/StatusBar.MSimNetworkController( 1767): updateDataIcon dataSub =0 blInCallState=false blHideDataIconForCall=false
D/StatusBar.MSimNetworkController( 1767): updateDataIcon: phoneId1 is not DDS.  Clear the mMSimDataConnected Flag and return
D/StatusBar.MSimNetworkController( 1767): refreshViews phoneId =1mMSimDataConnected =false
D/StatusBar.MSimNetworkController( 1767): refreshViews mMSimDataActivity =0
D/StatusBar.MSimNetworkController( 1767): refreshViews: Data not connected!! Set no data type icon / Roaming for phoneId: 1
D/StatusBar.MSimNetworkController( 1767): refreshViews connected={ wifi } level=0 mMSimcombinedSignalIconId=0x7f020390/com.android.systemui:drawable/stat_sys_wifi_signal_4_fully mMSimcombinedActivityIconId=0x7f020381 mAirplaneMode=false mMSimDataActivity=0 mMSimPhoneSignalIconId=0x7f020374/com.android.systemui:drawable/stat_sys_signal_null mMSimDataDirectionIconId=0x0 mMSimDataSignalIconId=0x7f020374 mMSimDataTypeIconId=0x0/(null) mNoMSimIconId=0x7f0200cf/com.android.systemui:drawable/ic_qs_signal_no_signal mMSimMobileActivityIconId=0x0/(null) mWifiIconId=0x7f020390 mBluetoothTetherIconId=0x1080699
I/MSimSignalClusterView( 1767): setRoamingFlagandResource(0), roaming=false, roamingId=0
I/MSimSignalClusterView( 1767): setRoamingFlagandResource(1), roaming=false, roamingId=0
D/StatusBar.MSimNetworkController( 1767): refreshSignalCluster, mMSimPhoneSignalIconId[1]=com.android.systemui:drawable/stat_sys_signal_null mMSimDataSignalIconId[1]=com.android.systemui:drawable/stat_sys_signal_null mMSimDataTypeIconId[1]=(null) mMSimMobileActivityIconId[1]=(null) mNoMSimIconId[1]=com.android.systemui:drawable/ic_qs_signal_no_signal
I/MSimSignalClusterView( 1767): setRoamingFlagandResource(0), roaming=false, roamingId=0
I/MSimSignalClusterView( 1767): setRoamingFlagandResource(1), roaming=false, roamingId=0
D/StatusBar.MSimNetworkController( 1767): refreshSignalCluster, mMSimPhoneSignalIconId[1]=com.android.systemui:drawable/stat_sys_signal_null mMSimDataSignalIconId[1]=com.android.systemui:drawable/stat_sys_signal_null mMSimDataTypeIconId[1]=(null) mMSimMobileActivityIconId[1]=(null) mNoMSimIconId[1]=com.android.systemui:drawable/ic_qs_signal_no_signal
D/StatusBar.MSimNetworkController( 1767): getPhoneId phoneId: 0
D/StatusBar.MSimNetworkController( 1767): onDataActivity received on phoneId :0direction=0
D/StatusBar.MSimNetworkController( 1767): updateDataIcon phoneId =0
D/StatusBar.MSimNetworkController( 1767): 3G calls -> 3G: false/tHide data icon for call: false
D/StatusBar.MSimNetworkController( 1767): updateDataIcon dataSub =0 blInCallState=false blHideDataIconForCall=false
D/StatusBar.MSimNetworkController( 1767): updateDataIcon  when SimState =READY
D/StatusBar.MSimNetworkController( 1767): updateDataIcon  when gsm mMSimState =READY
D/StatusBar.MSimNetworkController( 1767): updateDataIcon when iconId=000
D/StatusBar.MSimNetworkController( 1767): updateDataIcon when mMSimDataConnected[0] =false mMSimMobileActivityIconId[0] = 0
D/StatusBar.MSimNetworkController( 1767): refreshViews phoneId =0mMSimDataConnected =false
D/StatusBar.MSimNetworkController( 1767): refreshViews mMSimDataActivity =0
D/StatusBar.MSimNetworkController( 1767): refreshViews: Data not connected!! Set no data type icon / Roaming for phoneId: 0
D/StatusBar.MSimNetworkController( 1767): refreshViews connected={ wifi } level=3 mMSimcombinedSignalIconId=0x7f020390/com.android.systemui:drawable/stat_sys_wifi_signal_4_fully mMSimcombinedActivityIconId=0x7f020381 mAirplaneMode=false mMSimDataActivity=0 mMSimPhoneSignalIconId=0x7f020301/com.android.systemui:drawable/stat_sys_signal_3_fully mMSimDataDirectionIconId=0x0 mMSimDataSignalIconId=0x7f020301 mMSimDataTypeIconId=0x0/(null) mNoMSimIconId=0x0/(null) mMSimMobileActivityIconId=0x0/(null) mWifiIconId=0x7f020390 mBluetoothTetherIconId=0x1080699
D/StatusBar.MSimNetworkController( 1767): getPhoneId phoneId: 1
D/StatusBar.MSimNetworkController( 1767): onDataActivity received on phoneId :1direction=0
D/StatusBar.MSimNetworkController( 1767): updateDataIcon phoneId =1
D/StatusBar.MSimNetworkController( 1767): 3G calls -> 3G: false/tHide data icon for call: false
D/StatusBar.MSimNetworkController( 1767): updateDataIcon dataSub =0 blInCallState=false blHideDataIconForCall=false
D/StatusBar.MSimNetworkController( 1767): updateDataIcon: phoneId1 is not DDS.  Clear the mMSimDataConnected Flag and return
D/StatusBar.MSimNetworkController( 1767): refreshViews phoneId =1mMSimDataConnected =false
D/StatusBar.MSimNetworkController( 1767): refreshViews mMSimDataActivity =0
D/StatusBar.MSimNetworkController( 1767): refreshViews: Data not connected!! Set no data type icon / Roaming for phoneId: 1
D/StatusBar.MSimNetworkController( 1767): refreshViews connected={ wifi } level=0 mMSimcombinedSignalIconId=0x7f020390/com.android.systemui:drawable/stat_sys_wifi_signal_4_fully mMSimcombinedActivityIconId=0x7f020381 mAirplaneMode=false mMSimDataActivity=0 mMSimPhoneSignalIconId=0x7f020374/com.android.systemui:drawable/stat_sys_signal_null mMSimDataDirectionIconId=0x0 mMSimDataSignalIconId=0x7f020374 mMSimDataTypeIconId=0x0/(null) mNoMSimIconId=0x7f0200cf/com.android.systemui:drawable/ic_qs_signal_no_signal mMSimMobileActivityIconId=0x0/(null) mWifiIconId=0x7f020390 mBluetoothTetherIconId=0x1080699
D/StatusBar.MSimNetworkController( 1767): getPhoneId phoneId: 0
D/StatusBar.MSimNetworkController( 1767): onDataActivity received on phoneId :0direction=0
D/StatusBar.MSimNetworkController( 1767): updateDataIcon phoneId =0
D/StatusBar.MSimNetworkController( 1767): 3G calls -> 3G: false/tHide data icon for call: false
D/StatusBar.MSimNetworkController( 1767): updateDataIcon dataSub =0 blInCallState=false blHideDataIconForCall=false
D/StatusBar.MSimNetworkController( 1767): updateDataIcon  when SimState =READY
D/StatusBar.MSimNetworkController( 1767): updateDataIcon  when gsm mMSimState =READY
D/StatusBar.MSimNetworkController( 1767): updateDataIcon when iconId=000
D/StatusBar.MSimNetworkController( 1767): updateDataIcon when mMSimDataConnected[0] =false mMSimMobileActivityIconId[0] = 0
D/StatusBar.MSimNetworkController( 1767): refreshViews phoneId =0mMSimDataConnected =false
D/StatusBar.MSimNetworkController( 1767): refreshViews mMSimDataActivity =0
D/StatusBar.MSimNetworkController( 1767): refreshViews: Data not connected!! Set no data type icon / Roaming for phoneId: 0
D/StatusBar.MSimNetworkController( 1767): refreshViews connected={ wifi } level=3 mMSimcombinedSignalIconId=0x7f020390/com.android.systemui:drawable/stat_sys_wifi_signal_4_fully mMSimcombinedActivityIconId=0x7f020381 mAirplaneMode=false mMSimDataActivity=0 mMSimPhoneSignalIconId=0x7f020301/com.android.systemui:drawable/stat_sys_signal_3_fully mMSimDataDirectionIconId=0x0 mMSimDataSignalIconId=0x7f020301 mMSimDataTypeIconId=0x0/(null) mNoMSimIconId=0x0/(null) mMSimMobileActivityIconId=0x0/(null) mWifiIconId=0x7f020390 mBluetoothTetherIconId=0x1080699
D/StatusBar.MSimNetworkController( 1767): getPhoneId phoneId: 1
D/StatusBar.MSimNetworkController( 1767): onDataActivity received on phoneId :1direction=0
D/StatusBar.MSimNetworkController( 1767): updateDataIcon phoneId =1
D/StatusBar.MSimNetworkController( 1767): 3G calls -> 3G: false/tHide data icon for call: false
D/StatusBar.MSimNetworkController( 1767): updateDataIcon dataSub =0 blInCallState=false blHideDataIconForCall=false
D/StatusBar.MSimNetworkController( 1767): updateDataIcon: phoneId1 is not DDS.  Clear the mMSimDataConnected Flag and return
D/StatusBar.MSimNetworkController( 1767): refreshViews phoneId =1mMSimDataConnected =false
D/StatusBar.MSimNetworkController( 1767): refreshViews mMSimDataActivity =0
D/StatusBar.MSimNetworkController( 1767): refreshViews: Data not connected!! Set no data type icon / Roaming for phoneId: 1
D/StatusBar.MSimNetworkController( 1767): refreshViews connected={ wifi } level=0 mMSimcombinedSignalIconId=0x7f020390/com.android.systemui:drawable/stat_sys_wifi_signal_4_fully mMSimcombinedActivityIconId=0x7f020381 mAirplaneMode=false mMSimDataActivity=0 mMSimPhoneSignalIconId=0x7f020374/com.android.systemui:drawable/stat_sys_signal_null mMSimDataDirectionIconId=0x0 mMSimDataSignalIconId=0x7f020374 mMSimDataTypeIconId=0x0/(null) mNoMSimIconId=0x7f0200cf/com.android.systemui:drawable/ic_qs_signal_no_signal mMSimMobileActivityIconId=0x0/(null) mWifiIconId=0x7f020390 mBluetoothTetherIconId=0x1080699
D/StatusBar.MSimNetworkController( 1767): getPhoneId phoneId: 0
D/StatusBar.MSimNetworkController( 1767): onDataActivity received on phoneId :0direction=0
D/StatusBar.MSimNetworkController( 1767): updateDataIcon phoneId =0
D/StatusBar.MSimNetworkController( 1767): 3G calls -> 3G: false/tHide data icon for call: false
D/StatusBar.MSimNetworkController( 1767): updateDataIcon dataSub =0 blInCallState=false blHideDataIconForCall=false
D/StatusBar.MSimNetworkController( 1767): updateDataIcon  when SimState =READY
D/StatusBar.MSimNetworkController( 1767): updateDataIcon  when gsm mMSimState =READY
D/StatusBar.MSimNetworkController( 1767): updateDataIcon when iconId=000
D/StatusBar.MSimNetworkController( 1767): updateDataIcon when mMSimDataConnected[0] =false mMSimMobileActivityIconId[0] = 0
D/StatusBar.MSimNetworkController( 1767): refreshViews phoneId =0mMSimDataConnected =false
D/StatusBar.MSimNetworkController( 1767): refreshViews mMSimDataActivity =0
D/StatusBar.MSimNetworkController( 1767): refreshViews: Data not connected!! Set no data type icon / Roaming for phoneId: 0
D/StatusBar.MSimNetworkController( 1767): refreshViews connected={ wifi } level=3 mMSimcombinedSignalIconId=0x7f020390/com.android.systemui:drawable/stat_sys_wifi_signal_4_fully mMSimcombinedActivityIconId=0x7f020381 mAirplaneMode=false mMSimDataActivity=0 mMSimPhoneSignalIconId=0x7f020301/com.android.systemui:drawable/stat_sys_signal_3_fully mMSimDataDirectionIconId=0x0 mMSimDataSignalIconId=0x7f020301 mMSimDataTypeIconId=0x0/(null) mNoMSimIconId=0x0/(null) mMSimMobileActivityIconId=0x0/(null) mWifiIconId=0x7f020390 mBluetoothTetherIconId=0x1080699
D/StatusBar.MSimNetworkController( 1767): getPhoneId phoneId: 1
D/StatusBar.MSimNetworkController( 1767): onDataActivity received on phoneId :1direction=0
D/StatusBar.MSimNetworkController( 1767): updateDataIcon phoneId =1
D/StatusBar.MSimNetworkController( 1767): 3G calls -> 3G: false/tHide data icon for call: false
D/StatusBar.MSimNetworkController( 1767): updateDataIcon dataSub =0 blInCallState=false blHideDataIconForCall=false
D/StatusBar.MSimNetworkController( 1767): updateDataIcon: phoneId1 is not DDS.  Clear the mMSimDataConnected Flag and return
D/StatusBar.MSimNetworkController( 1767): refreshViews phoneId =1mMSimDataConnected =false
D/StatusBar.MSimNetworkController( 1767): refreshViews mMSimDataActivity =0
D/StatusBar.MSimNetworkController( 1767): refreshViews: Data not connected!! Set no data type icon / Roaming for phoneId: 1
D/StatusBar.MSimNetworkController( 1767): refreshViews connected={ wifi } level=0 mMSimcombinedSignalIconId=0x7f020390/com.android.systemui:drawable/stat_sys_wifi_signal_4_fully mMSimcombinedActivityIconId=0x7f020381 mAirplaneMode=false mMSimDataActivity=0 mMSimPhoneSignalIconId=0x7f020374/com.android.systemui:drawable/stat_sys_signal_null mMSimDataDirectionIconId=0x0 mMSimDataSignalIconId=0x7f020374 mMSimDataTypeIconId=0x0/(null) mNoMSimIconId=0x7f0200cf/com.android.systemui:drawable/ic_qs_signal_no_signal mMSimMobileActivityIconId=0x0/(null) mWifiIconId=0x7f020390 mBluetoothTetherIconId=0x1080699
V/QSPanel ( 1767): onMeasure. Update record [freaknet-2g] row, column, page: 0,0,0
V/QSPanel ( 1767): onMeasure. Update record [Bluetooth] row, column, page: 0,1,0
V/QSPanel ( 1767): onMeasure. Update record [JAZZTEL] row, column, page: 1,0,0
V/QSPanel ( 1767): onMeasure. Update record [Modo Avión] row, column, page: 1,1,0
V/QSPanel ( 1767): onMeasure. Update record [Linterna] row, column, page: 1,2,0
V/QSPanel ( 1767): onMeasure. Update record [Girar automáticamente] row, column, page: 2,0,0
V/QSPanel ( 1767): onMeasure. Update record [Enviar pantalla] row, column, page: 2,1,0
V/QSPanel ( 1767): Num of pages in view pager: 1
V/QSPanel ( 1767): onMeasure. Update record [freaknet-2g] width, height: 268,224
V/QSPanel ( 1767): onMeasure. Update record [Bluetooth] width, height: 268,224
V/QSPanel ( 1767): onMeasure. Update record [JAZZTEL] width, height: 211,176
V/QSPanel ( 1767): onMeasure. Update record [Modo Avión] width, height: 211,176
V/QSPanel ( 1767): onMeasure. Update record [Linterna] width, height: 211,176
V/QSPanel ( 1767): onMeasure. Update record [Girar automáticamente] width, height: 211,176
V/QSPanel ( 1767): onMeasure. Update record [Enviar pantalla] width, height: 211,176
V/indicator( 1767): height: 15 | width: 688
V/QSPanel ( 1767): Visible tiles have changed: false
D/StatusBar.MSimNetworkController( 1767): getPhoneId phoneId: 0
D/StatusBar.MSimNetworkController( 1767): onDataActivity received on phoneId :0direction=0
D/StatusBar.MSimNetworkController( 1767): updateDataIcon phoneId =0
D/StatusBar.MSimNetworkController( 1767): 3G calls -> 3G: false/tHide data icon for call: false
D/StatusBar.MSimNetworkController( 1767): updateDataIcon dataSub =0 blInCallState=false blHideDataIconForCall=false
D/StatusBar.MSimNetworkController( 1767): updateDataIcon  when SimState =READY
D/StatusBar.MSimNetworkController( 1767): updateDataIcon  when gsm mMSimState =READY
D/StatusBar.MSimNetworkController( 1767): updateDataIcon when iconId=000
D/StatusBar.MSimNetworkController( 1767): updateDataIcon when mMSimDataConnected[0] =false mMSimMobileActivityIconId[0] = 0
D/StatusBar.MSimNetworkController( 1767): refreshViews phoneId =0mMSimDataConnected =false
D/StatusBar.MSimNetworkController( 1767): refreshViews mMSimDataActivity =0
D/StatusBar.MSimNetworkController( 1767): refreshViews: Data not connected!! Set no data type icon / Roaming for phoneId: 0
D/StatusBar.MSimNetworkController( 1767): refreshViews connected={ wifi } level=3 mMSimcombinedSignalIconId=0x7f020390/com.android.systemui:drawable/stat_sys_wifi_signal_4_fully mMSimcombinedActivityIconId=0x7f020381 mAirplaneMode=false mMSimDataActivity=0 mMSimPhoneSignalIconId=0x7f020301/com.android.systemui:drawable/stat_sys_signal_3_fully mMSimDataDirectionIconId=0x0 mMSimDataSignalIconId=0x7f020301 mMSimDataTypeIconId=0x0/(null) mNoMSimIconId=0x0/(null) mMSimMobileActivityIconId=0x0/(null) mWifiIconId=0x7f020390 mBluetoothTetherIconId=0x1080699
D/StatusBar.MSimNetworkController( 1767): getPhoneId phoneId: 1
D/StatusBar.MSimNetworkController( 1767): onDataActivity received on phoneId :1direction=0
D/StatusBar.MSimNetworkController( 1767): updateDataIcon phoneId =1
D/StatusBar.MSimNetworkController( 1767): 3G calls -> 3G: false/tHide data icon for call: false
D/StatusBar.MSimNetworkController( 1767): updateDataIcon dataSub =0 blInCallState=false blHideDataIconForCall=false
D/StatusBar.MSimNetworkController( 1767): updateDataIcon: phoneId1 is not DDS.  Clear the mMSimDataConnected Flag and return
D/StatusBar.MSimNetworkController( 1767): refreshViews phoneId =1mMSimDataConnected =false
D/StatusBar.MSimNetworkController( 1767): refreshViews mMSimDataActivity =0
D/StatusBar.MSimNetworkController( 1767): refreshViews: Data not connected!! Set no data type icon / Roaming for phoneId: 1
D/StatusBar.MSimNetworkController( 1767): refreshViews connected={ wifi } level=0 mMSimcombinedSignalIconId=0x7f020390/com.android.systemui:drawable/stat_sys_wifi_signal_4_fully mMSimcombinedActivityIconId=0x7f020381 mAirplaneMode=false mMSimDataActivity=0 mMSimPhoneSignalIconId=0x7f020374/com.android.systemui:drawable/stat_sys_signal_null mMSimDataDirectionIconId=0x0 mMSimDataSignalIconId=0x7f020374 mMSimDataTypeIconId=0x0/(null) mNoMSimIconId=0x7f0200cf/com.android.systemui:drawable/ic_qs_signal_no_signal mMSimMobileActivityIconId=0x0/(null) mWifiIconId=0x7f020390 mBluetoothTetherIconId=0x1080699
D/StatusBar.MSimNetworkController( 1767): getPhoneId phoneId: 0
D/StatusBar.MSimNetworkController( 1767): onDataActivity received on phoneId :0direction=0
D/StatusBar.MSimNetworkController( 1767): updateDataIcon phoneId =0
V/PackageManager(  973): getPackageInfo com.google.android.gms: Package{2d4160db com.google.android.gms}
D/StatusBar.MSimNetworkController( 1767): 3G calls -> 3G: false/tHide data icon for call: false
D/StatusBar.MSimNetworkController( 1767): updateDataIcon dataSub =0 blInCallState=false blHideDataIconForCall=false
D/StatusBar.MSimNetworkController( 1767): updateDataIcon  when SimState =READY
D/StatusBar.MSimNetworkController( 1767): updateDataIcon  when gsm mMSimState =READY
D/StatusBar.MSimNetworkController( 1767): updateDataIcon when iconId=000
D/StatusBar.MSimNetworkController( 1767): updateDataIcon when mMSimDataConnected[0] =false mMSimMobileActivityIconId[0] = 0
D/StatusBar.MSimNetworkController( 1767): refreshViews phoneId =0mMSimDataConnected =false
D/StatusBar.MSimNetworkController( 1767): refreshViews mMSimDataActivity =0
D/StatusBar.MSimNetworkController( 1767): refreshViews: Data not connected!! Set no data type icon / Roaming for phoneId: 0
D/StatusBar.MSimNetworkController( 1767): refreshViews connected={ wifi } level=3 mMSimcombinedSignalIconId=0x7f020390/com.android.systemui:drawable/stat_sys_wifi_signal_4_fully mMSimcombinedActivityIconId=0x7f020381 mAirplaneMode=false mMSimDataActivity=0 mMSimPhoneSignalIconId=0x7f020301/com.android.systemui:drawable/stat_sys_signal_3_fully mMSimDataDirectionIconId=0x0 mMSimDataSignalIconId=0x7f020301 mMSimDataTypeIconId=0x0/(null) mNoMSimIconId=0x0/(null) mMSimMobileActivityIconId=0x0/(null) mWifiIconId=0x7f020390 mBluetoothTetherIconId=0x1080699
D/StatusBar.MSimNetworkController( 1767): getPhoneId phoneId: 1
D/StatusBar.MSimNetworkController( 1767): onDataActivity received on phoneId :1direction=0
D/StatusBar.MSimNetworkController( 1767): updateDataIcon phoneId =1
D/StatusBar.MSimNetworkController( 1767): 3G calls -> 3G: false/tHide data icon for call: false
D/StatusBar.MSimNetworkController( 1767): updateDataIcon dataSub =0 blInCallState=false blHideDataIconForCall=false
D/StatusBar.MSimNetworkController( 1767): updateDataIcon: phoneId1 is not DDS.  Clear the mMSimDataConnected Flag and return
D/StatusBar.MSimNetworkController( 1767): refreshViews phoneId =1mMSimDataConnected =false
D/StatusBar.MSimNetworkController( 1767): refreshViews mMSimDataActivity =0
D/StatusBar.MSimNetworkController( 1767): refreshViews: Data not connected!! Set no data type icon / Roaming for phoneId: 1
D/StatusBar.MSimNetworkController( 1767): refreshViews connected={ wifi } level=0 mMSimcombinedSignalIconId=0x7f020390/com.android.systemui:drawable/stat_sys_wifi_signal_4_fully mMSimcombinedActivityIconId=0x7f020381 mAirplaneMode=false mMSimDataActivity=0 mMSimPhoneSignalIconId=0x7f020374/com.android.systemui:drawable/stat_sys_signal_null mMSimDataDirectionIconId=0x0 mMSimDataSignalIconId=0x7f020374 mMSimDataTypeIconId=0x0/(null) mNoMSimIconId=0x7f0200cf/com.android.systemui:drawable/ic_qs_signal_no_signal mMSimMobileActivityIconId=0x0/(null) mWifiIconId=0x7f020390 mBluetoothTetherIconId=0x1080699
D/StatusBar.MSimNetworkController( 1767): getPhoneId phoneId: 0
D/StatusBar.MSimNetworkController( 1767): onDataActivity received on phoneId :0direction=0
D/StatusBar.MSimNetworkController( 1767): updateDataIcon phoneId =0
V/PackageManager(  973): getPackageInfo com.android.vending: Package{5046ab9 com.android.vending}
D/StatusBar.MSimNetworkController( 1767): 3G calls -> 3G: false/tHide data icon for call: false
D/StatusBar.MSimNetworkController( 1767): updateDataIcon dataSub =0 blInCallState=false blHideDataIconForCall=false
D/StatusBar.MSimNetworkController( 1767): updateDataIcon  when SimState =READY
D/StatusBar.MSimNetworkController( 1767): updateDataIcon  when gsm mMSimState =READY
D/StatusBar.MSimNetworkController( 1767): updateDataIcon when iconId=000
D/StatusBar.MSimNetworkController( 1767): updateDataIcon when mMSimDataConnected[0] =false mMSimMobileActivityIconId[0] = 0
D/StatusBar.MSimNetworkController( 1767): refreshViews phoneId =0mMSimDataConnected =false
D/StatusBar.MSimNetworkController( 1767): refreshViews mMSimDataActivity =0
D/StatusBar.MSimNetworkController( 1767): refreshViews: Data not connected!! Set no data type icon / Roaming for phoneId: 0
D/StatusBar.MSimNetworkController( 1767): refreshViews connected={ wifi } level=3 mMSimcombinedSignalIconId=0x7f020390/com.android.systemui:drawable/stat_sys_wifi_signal_4_fully mMSimcombinedActivityIconId=0x7f020381 mAirplaneMode=false mMSimDataActivity=0 mMSimPhoneSignalIconId=0x7f020301/com.android.systemui:drawable/stat_sys_signal_3_fully mMSimDataDirectionIconId=0x0 mMSimDataSignalIconId=0x7f020301 mMSimDataTypeIconId=0x0/(null) mNoMSimIconId=0x0/(null) mMSimMobileActivityIconId=0x0/(null) mWifiIconId=0x7f020390 mBluetoothTetherIconId=0x1080699
D/StatusBar.MSimNetworkController( 1767): getPhoneId phoneId: 1
D/StatusBar.MSimNetworkController( 1767): onDataActivity received on phoneId :1direction=0
D/StatusBar.MSimNetworkController( 1767): updateDataIcon phoneId =1
D/StatusBar.MSimNetworkController( 1767): 3G calls -> 3G: false/tHide data icon for call: false
D/StatusBar.MSimNetworkController( 1767): updateDataIcon dataSub =0 blInCallState=false blHideDataIconForCall=false
D/StatusBar.MSimNetworkController( 1767): updateDataIcon: phoneId1 is not DDS.  Clear the mMSimDataConnected Flag and return
D/StatusBar.MSimNetworkController( 1767): refreshViews phoneId =1mMSimDataConnected =false
D/StatusBar.MSimNetworkController( 1767): refreshViews mMSimDataActivity =0
D/StatusBar.MSimNetworkController( 1767): refreshViews: Data not connected!! Set no data type icon / Roaming for phoneId: 1
D/StatusBar.MSimNetworkController( 1767): refreshViews connected={ wifi } level=0 mMSimcombinedSignalIconId=0x7f020390/com.android.systemui:drawable/stat_sys_wifi_signal_4_fully mMSimcombinedActivityIconId=0x7f020381 mAirplaneMode=false mMSimDataActivity=0 mMSimPhoneSignalIconId=0x7f020374/com.android.systemui:drawable/stat_sys_signal_null mMSimDataDirectionIconId=0x0 mMSimDataSignalIconId=0x7f020374 mMSimDataTypeIconId=0x0/(null) mNoMSimIconId=0x7f0200cf/com.android.systemui:drawable/ic_qs_signal_no_signal mMSimMobileActivityIconId=0x0/(null) mWifiIconId=0x7f020390 mBluetoothTetherIconId=0x1080699
D/StatusBar.MSimNetworkController( 1767): getPhoneId phoneId: 0
D/StatusBar.MSimNetworkController( 1767): onDataActivity received on phoneId :0direction=0
D/StatusBar.MSimNetworkController( 1767): updateDataIcon phoneId =0
D/StatusBar.MSimNetworkController( 1767): 3G calls -> 3G: false/tHide data icon for call: false
D/StatusBar.MSimNetworkController( 1767): updateDataIcon dataSub =0 blInCallState=false blHideDataIconForCall=false
D/StatusBar.MSimNetworkController( 1767): updateDataIcon  when SimState =READY
D/StatusBar.MSimNetworkController( 1767): updateDataIcon  when gsm mMSimState =READY
D/StatusBar.MSimNetworkController( 1767): updateDataIcon when iconId=000
D/StatusBar.MSimNetworkController( 1767): updateDataIcon when mMSimDataConnected[0] =false mMSimMobileActivityIconId[0] = 0
D/StatusBar.MSimNetworkController( 1767): refreshViews phoneId =0mMSimDataConnected =false
D/StatusBar.MSimNetworkController( 1767): refreshViews mMSimDataActivity =0
D/StatusBar.MSimNetworkController( 1767): refreshViews: Data not connected!! Set no data type icon / Roaming for phoneId: 0
D/StatusBar.MSimNetworkController( 1767): refreshViews connected={ wifi } level=3 mMSimcombinedSignalIconId=0x7f020390/com.android.systemui:drawable/stat_sys_wifi_signal_4_fully mMSimcombinedActivityIconId=0x7f020381 mAirplaneMode=false mMSimDataActivity=0 mMSimPhoneSignalIconId=0x7f020301/com.android.systemui:drawable/stat_sys_signal_3_fully mMSimDataDirectionIconId=0x0 mMSimDataSignalIconId=0x7f020301 mMSimDataTypeIconId=0x0/(null) mNoMSimIconId=0x0/(null) mMSimMobileActivityIconId=0x0/(null) mWifiIconId=0x7f020390 mBluetoothTetherIconId=0x1080699
D/StatusBar.MSimNetworkController( 1767): getPhoneId phoneId: 1
D/StatusBar.MSimNetworkController( 1767): onDataActivity received on phoneId :1direction=0
D/StatusBar.MSimNetworkController( 1767): updateDataIcon phoneId =1
D/StatusBar.MSimNetworkController( 1767): 3G calls -> 3G: false/tHide data icon for call: false
D/StatusBar.MSimNetworkController( 1767): updateDataIcon dataSub =0 blInCallState=false blHideDataIconForCall=false
D/StatusBar.MSimNetworkController( 1767): updateDataIcon: phoneId1 is not DDS.  Clear the mMSimDataConnected Flag and return
D/StatusBar.MSimNetworkController( 1767): refreshViews phoneId =1mMSimDataConnected =false
D/StatusBar.MSimNetworkController( 1767): refreshViews mMSimDataActivity =0
D/StatusBar.MSimNetworkController( 1767): refreshViews: Data not connected!! Set no data type icon / Roaming for phoneId: 1
D/StatusBar.MSimNetworkController( 1767): refreshViews connected={ wifi } level=0 mMSimcombinedSignalIconId=0x7f020390/com.android.systemui:drawable/stat_sys_wifi_signal_4_fully mMSimcombinedActivityIconId=0x7f020381 mAirplaneMode=false mMSimDataActivity=0 mMSimPhoneSignalIconId=0x7f020374/com.android.systemui:drawable/stat_sys_signal_null mMSimDataDirectionIconId=0x0 mMSimDataSignalIconId=0x7f020374 mMSimDataTypeIconId=0x0/(null) mNoMSimIconId=0x7f0200cf/com.android.systemui:drawable/ic_qs_signal_no_signal mMSimMobileActivityIconId=0x0/(null) mWifiIconId=0x7f020390 mBluetoothTetherIconId=0x1080699
V/QSPanel ( 1767): onMeasure. Update record [freaknet-2g] row, column, page: 0,0,0
V/QSPanel ( 1767): onMeasure. Update record [Bluetooth] row, column, page: 0,1,0
V/QSPanel ( 1767): onMeasure. Update record [JAZZTEL] row, column, page: 1,0,0
V/QSPanel ( 1767): onMeasure. Update record [Modo Avión] row, column, page: 1,1,0
V/QSPanel ( 1767): onMeasure. Update record [Linterna] row, column, page: 1,2,0
V/QSPanel ( 1767): onMeasure. Update record [Girar automáticamente] row, column, page: 2,0,0
V/QSPanel ( 1767): onMeasure. Update record [Enviar pantalla] row, column, page: 2,1,0
V/QSPanel ( 1767): Num of pages in view pager: 1
V/QSPanel ( 1767): onMeasure. Update record [freaknet-2g] width, height: 268,224
V/QSPanel ( 1767): onMeasure. Update record [Bluetooth] width, height: 268,224
V/QSPanel ( 1767): onMeasure. Update record [JAZZTEL] width, height: 211,176
V/QSPanel ( 1767): onMeasure. Update record [Modo Avión] width, height: 211,176
V/QSPanel ( 1767): onMeasure. Update record [Linterna] width, height: 211,176
V/QSPanel ( 1767): onMeasure. Update record [Girar automáticamente] width, height: 211,176
V/QSPanel ( 1767): onMeasure. Update record [Enviar pantalla] width, height: 211,176
V/indicator( 1767): height: 15 | width: 688
V/QSPanel ( 1767): Visible tiles have changed: false
D/Ulp_jni (  973): JNI:system_update. Event-0
V/PackageManager(  973): getApplicationInfo com.estrongs.android.pop: Package{35a0f422 com.estrongs.android.pop}
V/PackageManager(  973): getApplicationInfo com.estrongs.android.pop: Package{35a0f422 com.estrongs.android.pop}
D/WifiService(  973): acquireWifiLockLocked: WifiLock{NlpWifiLock type=2 binder=android.os.BinderProxy@1af3a943}
E/WifiStateMachine(  973): WifiStateMachine CMD_START_SCAN source 10009 txSuccessRate=31,12 rxSuccessRate=23,12 targetRoamBSSID=any RSSI=-55
D/wpa_supplicant( 1732): wlan0: Control interface command 'SCAN TYPE=ONLY'
D/wpa_supplicant( 1732): wlan0: Setting scan request: 0.000000 sec
D/wpa_supplicant( 1732): Scan SSID - hexdump(len=11): 66 72 65 61 6b 6e 65 74 2d 32 67
D/wpa_supplicant( 1732): wlan0: Starting AP scan for wildcard SSID
D/wpa_supplicant( 1732): wlan0: Add radio work 'scan'@0xb77f6c20
D/wpa_supplicant( 1732): wlan0: First radio work item in the queue - schedule start immediately
D/wpa_supplicant( 1732): wlan0: Starting radio work 'scan'@0xb77f6c20 after 0.000037 second wait
D/wpa_supplicant( 1732): wlan0: nl80211: scan request
D/wpa_supplicant( 1732): nl80211: Scan SSID - hexdump(len=11): 66 72 65 61 6b 6e 65 74 2d 32 67
D/wpa_supplicant( 1732): nl80211: Scan SSID - hexdump(len=0): [NULL]
V/WLAN_PSA(  236): NL MSG, len[914], NL type[0x11] WNI type[0x5050] len[894]
V/WLAN_PSA(  236): NL MSG, PID: 236
D/wpa_supplicant( 1732): Scan requested (ret=0) - scan timeout 30 seconds
V/WLAN_PSA(  236): NL MSG, len[3996], NL type[0x1C] WNI type[0x5900] len[33807]
D/wpa_supplicant( 1732): nl80211: Event message available
V/WLAN_PSA(  236): NL MSG, PID: 236
D/wpa_supplicant( 1732): nl80211: Drv Event 33 (NL80211_CMD_TRIGGER_SCAN) received for wlan0
D/wpa_supplicant( 1732): wlan0: nl80211: Scan trigger
D/wpa_supplicant( 1732): wlan0: Event SCAN_STARTED (49) received
D/wpa_supplicant( 1732): wlan0: Own scan request started a scan in 0.000092 seconds
D/wpa_supplicant( 1732): CTRL_IFACE monitor sent successfully to /data/misc/wifi/sockets/wpa_ctrl_245-21\x00
D/wpa_supplicant( 1732): CTRL_IFACE monitor sent successfully to /data/misc/wifi/sockets/wpa_ctrl_973-2\x00
I/WifiHAL (  973): Poll result = 1
I/WifiHAL (  973): Found some events!!!
D/WifiHAL (  973): no_seq_check received
I/WifiHAL (  973): event received NL80211_CMD_TRIGGER_SCAN
I/WifiHAL (  973): event received NL80211_CMD_TRIGGER_SCAN, vendor_id = 0x0
I/WifiHAL (  973): event ignored!!
V/WLAN_PSA(  236): NL MSG, len[048], NL type[0x11] WNI type[0x5050] len[028]
V/WLAN_PSA(  236): NL MSG, PID: 236
V/WLAN_PSA(  236): NL MSG, len[3956], NL type[0x1C] WNI type[0x5900] len[23567]
V/WLAN_PSA(  236): NL MSG, PID: 236
E/WifiStateMachine(  973): WifiStateMachine CMD_START_SCAN source -2 txSuccessRate=15,56 rxSuccessRate=11,56 targetRoamBSSID=any RSSI=-55
E/WifiStateMachine(  973): WifiStateMachine starting scan for "freaknet-2g"-WPA_PSK with 2412
D/wpa_supplicant( 1732): wlan0: Control interface command 'SCAN TYPE=ONLY freq=2412'
D/wpa_supplicant( 1732): Ongoing scan action - reject new request
V/WLAN_PSA(  236): NL MSG, len[4086], NL type[0x1C] WNI type[0x5900] len[56847]
V/WLAN_PSA(  236): NL MSG, PID: 236
V/PackageManager(  973): getPackageInfo com.google.android.gms: Package{2d4160db com.google.android.gms}
V/PackageManager(  973): getApplicationInfo com.google.android.gms: Package{2d4160db com.google.android.gms}
V/PackageManager(  973): getPackageInfo com.google.android.gms: Package{2d4160db com.google.android.gms}
V/PackageManager(  973): getApplicationInfo com.google.android.gms: Package{2d4160db com.google.android.gms}
V/WLAN_PSA(  236): NL MSG, len[3989], NL type[0x1C] WNI type[0x5900] len[32015]
