D/StatusBar.MSimNetworkController( 1767): getPhoneId phoneId: 0
D/StatusBar.MSimNetworkController( 1767): onSignalStrengthsChanged received on phoneId :0signalStrength=SignalStrength: 99 0 -120 -160 -120 -1 -1 22 -96 -7 198 2147483647 2147483647 gsm|lte level=3
D/StatusBar.MSimNetworkController( 1767): getPhoneId phoneId: 0
D/StatusBar.MSimNetworkController( 1767): getPhoneId phoneId: 0
D/StatusBar.MSimNetworkController( 1767): updateIconSet, phoneId = 0
D/StatusBar.MSimNetworkController( 1767): updateIconSet, voice network type is: 13/4G, data network type is: 13/4G
D/StatusBar.MSimNetworkController( 1767): updateIconSet, chosenNetworkType=13 hspaDataDistinguishable=true hspapDistinguishable=false showAtLeastThreeGees=false
D/TelephonyIcons( 1767): updateDataType sub=0, type=13, inetCondition=1 showAtLeast3G=false show4GforLte=true hspaDistinguishable=true
D/TelephonyIcons( 1767): data type item name: array/telephony_data_type_sim1
D/TelephonyIcons( 1767): data type item id: 2131492871
D/TelephonyIcons( 1767): updateDataType mSelectedDataTypeIcon[0]=2130837895, mSelectedDataActivityIndex=5
D/StatusBar.MSimNetworkController( 1767): getPhoneId phoneId: 0
D/StatusBar.MSimNetworkController( 1767): updateTelephonySignalStrength: phoneId =0
D/TelephonyIcons( 1767): getSignalStrengthIcon: sub=0, inetCondition=1, level=3 isRoaming=false
D/TelephonyIcons( 1767): signalStrengthArray.length = 9
D/TelephonyIcons( 1767): selectedTypeArray.length = 2
D/TelephonyIcons( 1767): inetArray.length = 5
D/StatusBar.MSimNetworkController( 1767): updateTelephonySignalStrength, sub: 0 level=3 mInetCondition=1 mMSimPhoneSignalIconId[0]=2130838273/com.android.systemui:drawable/stat_sys_signal_3_fully
D/StatusBar.MSimNetworkController( 1767): getPhoneId phoneId: 0
D/StatusBar.MSimNetworkController( 1767): refreshViews phoneId =0mMSimDataConnected =false
D/StatusBar.MSimNetworkController( 1767): refreshViews mMSimDataActivity =0
D/StatusBar.MSimNetworkController( 1767): refreshViews: Data not connected!! Set no data type icon / Roaming for phoneId: 0
D/StatusBar.MSimNetworkController( 1767): refreshViews connected={ wifi } level=3 mMSimcombinedSignalIconId=0x7f020390/com.android.systemui:drawable/stat_sys_wifi_signal_4_fully mMSimcombinedActivityIconId=0x0 mAirplaneMode=false mMSimDataActivity=0 mMSimPhoneSignalIconId=0x7f020301/com.android.systemui:drawable/stat_sys_signal_3_fully mMSimDataDirectionIconId=0x0 mMSimDataSignalIconId=0x7f020301 mMSimDataTypeIconId=0x0/(null) mNoMSimIconId=0x0/(null) mMSimMobileActivityIconId=0x0/(null) mWifiIconId=0x7f020390 mBluetoothTetherIconId=0x1080699
V/Telecom (  973): PhoneAccountRegistrar: No default connection manager specified
W/Telecom (  973): TelecomServiceImpl: null is not visible for the calling user
V/WLAN_PSA(  236): NL MSG, len[4084], NL type[0x1C] WNI type[0x5900] len[56335]
V/WLAN_PSA(  236): NL MSG, PID: 236
I/Choreographer(10478): Skipped 48 frames!  The application may be doing too much work on its main thread.
E/art     (10478): Unable to open stack trace file '/data/anr/traces.txt': Permission denied
W/Telecom (  973): TelecomServiceImpl: ComponentInfo{com.google.android.talk/com.google.android.apps.hangouts.telephony.TeleConnectionService}, hangouts, UserHandle{0} is not visible for the calling user
I/Babel_telephony(26182): TeleModule.updateConnectionManagerRegistration, registration preference changed from false to false
W/Babel   (26182): BAM#gBA: invalid account id: -1
W/Babel   (26182): BAM#gBA: invalid account id: -1
I/Babel_telephony(26182): TeleModule.updateIncomingCallRegistration, preferred account for incoming calls changed from: null to null
V/Telecom (  973): PhoneAccountRegistrar: No default connection manager specified
W/Telecom (  973): TelecomServiceImpl: null is not visible for the calling user
W/Telecom (  973): TelecomServiceImpl: ComponentInfo{com.google.android.talk/com.google.android.apps.hangouts.telephony.TeleConnectionService}, hangouts, UserHandle{0} is not visible for the calling user
W/Babel   (26182): aye TOOK TOO LONG! (15001ms > 10000ms)
V/PackageManager(  973): getPackageInfo com.google.android.talk: Package{270777f8 com.google.android.talk}
D/Ulp_jni (  973): Location CB invoked
V/WLAN_PSA(  236): NL MSG, len[048], NL type[0x11] WNI type[0x5050] len[028]
V/WLAN_PSA(  236): NL MSG, PID: 236
V/LightsService(  973): setLight #2: color=#0
D/StatusBar.MSimNetworkController( 1767): refreshViews phoneId =0mMSimDataConnected =false
D/StatusBar.MSimNetworkController( 1767): refreshViews mMSimDataActivity =0
D/StatusBar.MSimNetworkController( 1767): refreshViews: Data not connected!! Set no data type icon / Roaming for phoneId: 0
D/StatusBar.MSimNetworkController( 1767): refreshViews connected={ wifi } level=3 mMSimcombinedSignalIconId=0x7f020390/com.android.systemui:drawable/stat_sys_wifi_signal_4_fully mMSimcombinedActivityIconId=0x7f020380 mAirplaneMode=false mMSimDataActivity=0 mMSimPhoneSignalIconId=0x7f020301/com.android.systemui:drawable/stat_sys_signal_3_fully mMSimDataDirectionIconId=0x0 mMSimDataSignalIconId=0x7f020301 mMSimDataTypeIconId=0x0/(null) mNoMSimIconId=0x0/(null) mMSimMobileActivityIconId=0x0/(null) mWifiIconId=0x7f020390 mBluetoothTetherIconId=0x1080699
I/MSimSignalClusterView( 1767): setRoamingFlagandResource(0), roaming=false, roamingId=0
I/MSimSignalClusterView( 1767): setRoamingFlagandResource(1), roaming=false, roamingId=0
D/StatusBar.MSimNetworkController( 1767): refreshSignalCluster, mMSimPhoneSignalIconId[0]=com.android.systemui:drawable/stat_sys_signal_3_fully mMSimDataSignalIconId[0]=com.android.systemui:drawable/stat_sys_signal_3_fully mMSimDataTypeIconId[0]=(null) mMSimMobileActivityIconId[0]=(null) mNoMSimIconId[0]=(null)
I/MSimSignalClusterView( 1767): setRoamingFlagandResource(0), roaming=false, roamingId=0
I/MSimSignalClusterView( 1767): setRoamingFlagandResource(1), roaming=false, roamingId=0
D/StatusBar.MSimNetworkController( 1767): refreshSignalCluster, mMSimPhoneSignalIconId[0]=com.android.systemui:drawable/stat_sys_signal_3_fully mMSimDataSignalIconId[0]=com.android.systemui:drawable/stat_sys_signal_3_fully mMSimDataTypeIconId[0]=(null) mMSimMobileActivityIconId[0]=(null) mNoMSimIconId[0]=(null)
D/powerUI ( 1767): accValue============44
D/powerUI ( 1767): mCputempVlaue============44
W/ActivityManager(  973):   Force finishing activity 1 com.example.sfml/android.app.NativeActivity
I/WindowManager(  973): Screenshot max retries 4 of Token{1faff6c8 ActivityRecord{af59b6b u0 com.example.sfml/android.app.NativeActivity t1937 f}} appWin=Window{3053b810 u0 Starting com.example.sfml} drawState=4
I/ActivityManager(  973): Killing 26146:com.example.sfml/u0a170 (adj 0): user request after error
E/WindowState(  973): getStack: Window{3053b810 u0 Starting com.example.sfml} couldn't find taskId=1937 Callers=com.android.server.wm.WindowManagerService.performLayoutAndPlaceSurfacesLockedInner:9811 com.android.server.wm.WindowManagerService.performLayoutAndPlaceSurfacesLockedLoop:8847 com.android.server.wm.WindowManagerService.performLayoutAndPlaceSurfacesLocked:8789 com.android.server.wm.WindowManagerService.executeAppTransition:4157 
E/WindowState(  973): getStack: Window{3053b810 u0 Starting com.example.sfml} couldn't find taskId=1937 Callers=com.android.server.wm.WindowState.getDisplayContent:782 com.android.server.wm.WindowStateAnimator.updateSurfaceWindowCrop:1284 com.android.server.wm.WindowStateAnimator.setSurfaceBoundariesLocked:1459 com.android.server.wm.WindowManagerService.performLayoutAndPlaceSurfacesLockedInner:9899 
E/WindowState(  973): getStack: Window{3053b810 u0 Starting com.example.sfml} couldn't find taskId=1937 Callers=com.android.server.wm.WindowState.getDisplayContent:782 com.android.server.wm.WindowState.isDefaultDisplay:1286 com.android.server.wm.WindowStateAnimator.updateSurfaceWindowCrop:1294 com.android.server.wm.WindowStateAnimator.setSurfaceBoundariesLocked:1459 
E/WindowState(  973): getStack: Window{3053b810 u0 Starting com.example.sfml} couldn't find taskId=1937 Callers=com.android.server.wm.WindowState.getDisplayContent:782 com.android.server.wm.WindowState.getDisplayId:787 com.android.server.wm.InputMonitor.updateInputWindowsLw:294 com.android.server.wm.WindowManagerService.performLayoutAndPlaceSurfacesLockedInner:10150 
D/StatusBar.MSimNetworkController( 1767): refreshViews phoneId =0mMSimDataConnected =false
D/StatusBar.MSimNetworkController( 1767): refreshViews mMSimDataActivity =0
E/WindowState(  973): getStack: Window{3053b810 u0 Starting com.example.sfml} couldn't find taskId=1937 Callers=com.android.server.wm.DisplayContent.setTouchExcludeRegion:237 com.android.server.wm.WindowManagerService.setFocusedStackFrame:3998 com.android.server.wm.WindowManagerService.performLayoutAndPlaceSurfacesLockedInner:10226 com.android.server.wm.WindowManagerService.performLayoutAndPlaceSurfacesLockedLoop:8847 
D/StatusBar.MSimNetworkController( 1767): refreshViews: Data not connected!! Set no data type icon / Roaming for phoneId: 0
D/StatusBar.MSimNetworkController( 1767): refreshViews connected={ wifi } level=3 mMSimcombinedSignalIconId=0x7f020390/com.android.systemui:drawable/stat_sys_wifi_signal_4_fully mMSimcombinedActivityIconId=0x0 mAirplaneMode=false mMSimDataActivity=0 mMSimPhoneSignalIconId=0x7f020301/com.android.systemui:drawable/stat_sys_signal_3_fully mMSimDataDirectionIconId=0x0 mMSimDataSignalIconId=0x7f020301 mMSimDataTypeIconId=0x0/(null) mNoMSimIconId=0x0/(null) mMSimMobileActivityIconId=0x0/(null) mWifiIconId=0x7f020390 mBluetoothTetherIconId=0x1080699
I/MSimSignalClusterView( 1767): setRoamingFlagandResource(0), roaming=false, roamingId=0
I/MSimSignalClusterView( 1767): setRoamingFlagandResource(1), roaming=false, roamingId=0
D/StatusBar.MSimNetworkController( 1767): refreshSignalCluster, mMSimPhoneSignalIconId[0]=com.android.systemui:drawable/stat_sys_signal_3_fully mMSimDataSignalIconId[0]=com.android.systemui:drawable/stat_sys_signal_3_fully mMSimDataTypeIconId[0]=(null) mMSimMobileActivityIconId[0]=(null) mNoMSimIconId[0]=(null)
I/MSimSignalClusterView( 1767): setRoamingFlagandResource(0), roaming=false, roamingId=0
I/MSimSignalClusterView( 1767): setRoamingFlagandResource(1), roaming=false, roamingId=0
D/StatusBar.MSimNetworkController( 1767): refreshSignalCluster, mMSimPhoneSignalIconId[0]=com.android.systemui:drawable/stat_sys_signal_3_fully mMSimDataSignalIconId[0]=com.android.systemui:drawable/stat_sys_signal_3_fully mMSimDataTypeIconId[0]=(null) mMSimMobileActivityIconId[0]=(null) mNoMSimIconId[0]=(null)
E/WindowState(  973): getStack: Window{3053b810 u0 Starting com.example.sfml} couldn't find taskId=1937 Callers=com.android.server.wm.WindowManagerService.assignLayersLocked:8763 com.android.server.wm.WindowManagerService.updateFocusedWindowLocked:10520 com.android.server.wm.WindowManagerService.relayoutWindow:3241 com.android.server.wm.Session.relayout:197 
E/WindowState(  973): getStack: Window{3053b810 u0 Starting com.example.sfml} couldn't find taskId=1937 Callers=com.android.server.wm.WindowManagerService.performLayoutAndPlaceSurfacesLockedInner:9811 com.android.server.wm.WindowManagerService.performLayoutAndPlaceSurfacesLockedLoop:8847 com.android.server.wm.WindowManagerService.performLayoutAndPlaceSurfacesLocked:8789 com.android.server.wm.WindowManagerService.relayoutWindow:3270 
E/WindowState(  973): getStack: Window{3053b810 u0 Starting com.example.sfml} couldn't find taskId=1937 Callers=com.android.server.wm.WindowState.getDisplayContent:782 com.android.server.wm.WindowStateAnimator.updateSurfaceWindowCrop:1284 com.android.server.wm.WindowStateAnimator.setSurfaceBoundariesLocked:1459 com.android.server.wm.WindowManagerService.performLayoutAndPlaceSurfacesLockedInner:9899 
E/WindowState(  973): getStack: Window{3053b810 u0 Starting com.example.sfml} couldn't find taskId=1937 Callers=com.android.server.wm.WindowState.getDisplayContent:782 com.android.server.wm.WindowState.isDefaultDisplay:1286 com.android.server.wm.WindowStateAnimator.updateSurfaceWindowCrop:1294 com.android.server.wm.WindowStateAnimator.setSurfaceBoundariesLocked:1459 
E/WindowState(  973): getStack: Window{3053b810 u0 Starting com.example.sfml} couldn't find taskId=1937 Callers=com.android.server.wm.WindowState.getDisplayContent:782 com.android.server.wm.WindowState.getDisplayId:787 com.android.server.wm.InputMonitor.updateInputWindowsLw:294 com.android.server.wm.WindowManagerService.performLayoutAndPlaceSurfacesLockedInner:10150 
E/WindowState(  973): getStack: Window{3053b810 u0 Starting com.example.sfml} couldn't find taskId=1937 Callers=com.android.server.wm.DisplayContent.setTouchExcludeRegion:237 com.android.server.wm.WindowManagerService.setFocusedStackFrame:3998 com.android.server.wm.WindowManagerService.performLayoutAndPlaceSurfacesLockedInner:10226 com.android.server.wm.WindowManagerService.performLayoutAndPlaceSurfacesLockedLoop:8847 
E/WindowState(  973): getStack: Window{3053b810 u0 Starting com.example.sfml} couldn't find taskId=1937 Callers=com.android.server.wm.WindowState.getDisplayContent:782 com.android.server.wm.WindowState.getDisplayId:787 com.android.server.wm.InputMonitor.updateInputWindowsLw:294 com.android.server.wm.WindowManagerService.relayoutWindow:3301 
E/WindowState(  973): getStack: Window{3053b810 u0 Starting com.example.sfml} couldn't find taskId=1937 Callers=com.android.server.wm.WindowState.getDisplayContent:782 com.android.server.wm.WindowState.getWindowList:1354 com.android.server.wm.WindowManagerService.removeWindowInnerLocked:2778 com.android.server.wm.WindowManagerService.removeWindowLocked:2679 
E/WindowState(  973): getStack: Window{3053b810 u0 Starting com.example.sfml} couldn't find taskId=1937 Callers=com.android.server.wm.WindowState.getDisplayContent:782 com.android.server.wm.WindowManagerService.removeWindowInnerLocked:2783 com.android.server.wm.WindowManagerService.removeWindowLocked:2679 com.android.server.wm.WindowManagerService.removeWindow:2601 
W/InputMethodManagerService(  973): Window already focused, ignoring focus gain of: com.android.internal.view.IInputMethodClient$Stub$Proxy@15365cfb attribute=null, token = android.os.BinderProxy@45b88ae
I/Timeline( 2255): Timeline: Activity_idle id: android.os.BinderProxy@2875ce1d time:67553110
D/wpa_supplicant( 1732): wlan0: Control interface command 'SIGNAL_POLL'
D/StatusBar.MSimNetworkController( 1767): getPhoneId phoneId: 0
D/StatusBar.MSimNetworkController( 1767): onSignalStrengthsChanged received on phoneId :0signalStrength=SignalStrength: 99 0 -120 -160 -120 -1 -1 25 -93 -9 174 2147483647 2147483647 gsm|lte level=3
D/StatusBar.MSimNetworkController( 1767): getPhoneId phoneId: 0
D/StatusBar.MSimNetworkController( 1767): getPhoneId phoneId: 0
D/StatusBar.MSimNetworkController( 1767): updateIconSet, phoneId = 0
D/StatusBar.MSimNetworkController( 1767): updateIconSet, voice network type is: 13/4G, data network type is: 13/4G
D/StatusBar.MSimNetworkController( 1767): updateIconSet, chosenNetworkType=13 hspaDataDistinguishable=true hspapDistinguishable=false showAtLeastThreeGees=false
D/TelephonyIcons( 1767): updateDataType sub=0, type=13, inetCondition=1 showAtLeast3G=false show4GforLte=true hspaDistinguishable=true
D/TelephonyIcons( 1767): data type item name: array/telephony_data_type_sim1
D/TelephonyIcons( 1767): data type item id: 2131492871
D/TelephonyIcons( 1767): updateDataType mSelectedDataTypeIcon[0]=2130837895, mSelectedDataActivityIndex=5
D/StatusBar.MSimNetworkController( 1767): getPhoneId phoneId: 0
D/StatusBar.MSimNetworkController( 1767): updateTelephonySignalStrength: phoneId =0
D/TelephonyIcons( 1767): getSignalStrengthIcon: sub=0, inetCondition=1, level=3 isRoaming=false
D/TelephonyIcons( 1767): signalStrengthArray.length = 9
D/TelephonyIcons( 1767): selectedTypeArray.length = 2
D/TelephonyIcons( 1767): inetArray.length = 5
D/StatusBar.MSimNetworkController( 1767): updateTelephonySignalStrength, sub: 0 level=3 mInetCondition=1 mMSimPhoneSignalIconId[0]=2130838273/com.android.systemui:drawable/stat_sys_signal_3_fully
D/StatusBar.MSimNetworkController( 1767): getPhoneId phoneId: 0
D/StatusBar.MSimNetworkController( 1767): refreshViews phoneId =0mMSimDataConnected =false
D/StatusBar.MSimNetworkController( 1767): refreshViews mMSimDataActivity =0
D/StatusBar.MSimNetworkController( 1767): refreshViews: Data not connected!! Set no data type icon / Roaming for phoneId: 0
D/StatusBar.MSimNetworkController( 1767): refreshViews connected={ wifi } level=3 mMSimcombinedSignalIconId=0x7f020390/com.android.systemui:drawable/stat_sys_wifi_signal_4_fully mMSimcombinedActivityIconId=0x0 mAirplaneMode=false mMSimDataActivity=0 mMSimPhoneSignalIconId=0x7f020301/com.android.systemui:drawable/stat_sys_signal_3_fully mMSimDataDirectionIconId=0x0 mMSimDataSignalIconId=0x7f020301 mMSimDataTypeIconId=0x0/(null) mNoMSimIconId=0x0/(null) mMSimMobileActivityIconId=0x0/(null) mWifiIconId=0x7f020390 mBluetoothTetherIconId=0x1080699
I/Timeline(  973): Timeline: Activity_windows_visible id: ActivityRecord{20d67ea5 u0 com.android.launcher3/.Launcher t1886} time:67553360
I/ServiceManager(25759): Waiting for service AtCmdFwd...
D/powerUI ( 1767): accValue============43
D/powerUI ( 1767): mCputempVlaue============43
I/ServiceManager(25759): Waiting for service AtCmdFwd...
I/ServiceManager(25759): Waiting for service AtCmdFwd...
D/StatusBar.MSimNetworkController( 1767): refreshViews phoneId =0mMSimDataConnected =false
D/StatusBar.MSimNetworkController( 1767): refreshViews mMSimDataActivity =0
D/StatusBar.MSimNetworkController( 1767): refreshViews: Data not connected!! Set no data type icon / Roaming for phoneId: 0
D/StatusBar.MSimNetworkController( 1767): refreshViews connected={ wifi } level=3 mMSimcombinedSignalIconId=0x7f020390/com.android.systemui:drawable/stat_sys_wifi_signal_4_fully mMSimcombinedActivityIconId=0x7f020380 mAirplaneMode=false mMSimDataActivity=0 mMSimPhoneSignalIconId=0x7f020301/com.android.systemui:drawable/stat_sys_signal_3_fully mMSimDataDirectionIconId=0x0 mMSimDataSignalIconId=0x7f020301 mMSimDataTypeIconId=0x0/(null) mNoMSimIconId=0x0/(null) mMSimMobileActivityIconId=0x0/(null) mWifiIconId=0x7f020390 mBluetoothTetherIconId=0x1080699
I/MSimSignalClusterView( 1767): setRoamingFlagandResource(0), roaming=false, roamingId=0
I/MSimSignalClusterView( 1767): setRoamingFlagandResource(1), roaming=false, roamingId=0
D/StatusBar.MSimNetworkController( 1767): refreshSignalCluster, mMSimPhoneSignalIconId[0]=com.android.systemui:drawable/stat_sys_signal_3_fully mMSimDataSignalIconId[0]=com.android.systemui:drawable/stat_sys_signal_3_fully mMSimDataTypeIconId[0]=(null) mMSimMobileActivityIconId[0]=(null) mNoMSimIconId[0]=(null)
I/MSimSignalClusterView( 1767): setRoamingFlagandResource(0), roaming=false, roamingId=0
I/MSimSignalClusterView( 1767): setRoamingFlagandResource(1), roaming=false, roamingId=0
D/StatusBar.MSimNetworkController( 1767): refreshSignalCluster, mMSimPhoneSignalIconId[0]=com.android.systemui:drawable/stat_sys_signal_3_fully mMSimDataSignalIconId[0]=com.android.systemui:drawable/stat_sys_signal_3_fully mMSimDataTypeIconId[0]=(null) mMSimMobileActivityIconId[0]=(null) mNoMSimIconId[0]=(null)
D/wpa_supplicant( 1732): wlan0: Control interface command 'SIGNAL_POLL'
D/powerUI ( 1767): accValue============42
D/powerUI ( 1767): mCputempVlaue============42
D/StatusBar.MSimNetworkController( 1767): getPhoneId phoneId: 0
D/StatusBar.MSimNetworkController( 1767): onSignalStrengthsChanged received on phoneId :0signalStrength=SignalStrength: 99 0 -120 -160 -120 -1 -1 23 -94 -7 196 2147483647 2147483647 gsm|lte level=3
D/StatusBar.MSimNetworkController( 1767): getPhoneId phoneId: 0
D/StatusBar.MSimNetworkController( 1767): getPhoneId phoneId: 0
D/StatusBar.MSimNetworkController( 1767): updateIconSet, phoneId = 0
D/StatusBar.MSimNetworkController( 1767): updateIconSet, voice network type is: 13/4G, data network type is: 13/4G
D/StatusBar.MSimNetworkController( 1767): updateIconSet, chosenNetworkType=13 hspaDataDistinguishable=true hspapDistinguishable=false showAtLeastThreeGees=false
D/TelephonyIcons( 1767): updateDataType sub=0, type=13, inetCondition=1 showAtLeast3G=false show4GforLte=true hspaDistinguishable=true
D/TelephonyIcons( 1767): data type item name: array/telephony_data_type_sim1
D/TelephonyIcons( 1767): data type item id: 2131492871
D/TelephonyIcons( 1767): updateDataType mSelectedDataTypeIcon[0]=2130837895, mSelectedDataActivityIndex=5
D/StatusBar.MSimNetworkController( 1767): getPhoneId phoneId: 0
D/StatusBar.MSimNetworkController( 1767): updateTelephonySignalStrength: phoneId =0
D/TelephonyIcons( 1767): getSignalStrengthIcon: sub=0, inetCondition=1, level=3 isRoaming=false
D/TelephonyIcons( 1767): signalStrengthArray.length = 9
D/TelephonyIcons( 1767): selectedTypeArray.length = 2
D/TelephonyIcons( 1767): inetArray.length = 5
D/StatusBar.MSimNetworkController( 1767): updateTelephonySignalStrength, sub: 0 level=3 mInetCondition=1 mMSimPhoneSignalIconId[0]=2130838273/com.android.systemui:drawable/stat_sys_signal_3_fully
D/StatusBar.MSimNetworkController( 1767): getPhoneId phoneId: 0
D/StatusBar.MSimNetworkController( 1767): refreshViews phoneId =0mMSimDataConnected =false
D/StatusBar.MSimNetworkController( 1767): refreshViews mMSimDataActivity =0
D/StatusBar.MSimNetworkController( 1767): refreshViews: Data not connected!! Set no data type icon / Roaming for phoneId: 0
D/StatusBar.MSimNetworkController( 1767): refreshViews connected={ wifi } level=3 mMSimcombinedSignalIconId=0x7f020390/com.android.systemui:drawable/stat_sys_wifi_signal_4_fully mMSimcombinedActivityIconId=0x7f020380 mAirplaneMode=false mMSimDataActivity=0 mMSimPhoneSignalIconId=0x7f020301/com.android.systemui:drawable/stat_sys_signal_3_fully mMSimDataDirectionIconId=0x0 mMSimDataSignalIconId=0x7f020301 mMSimDataTypeIconId=0x0/(null) mNoMSimIconId=0x0/(null) mMSimMobileActivityIconId=0x0/(null) mWifiIconId=0x7f020390 mBluetoothTetherIconId=0x1080699
D/TaskPersister(  973): removeObsoleteFile: deleting file=1937_task.xml
V/WLAN_PSA(  236): NL MSG, len[048], NL type[0x11] WNI type[0x5050] len[028]
V/WLAN_PSA(  236): NL MSG, PID: 236
V/PackageManager(  973): getServiceInfo ComponentInfo{com.estrongs.android.pop/com.estrongs.android.pop.app.analysis.AnalysisInstallAppService}: Service{3d9c4118 com.estrongs.android.pop/.app.analysis.AnalysisInstallAppService}
V/PackageManager(  973): getPackageInfo com.example.sfml: Package{11fb6212 com.example.sfml}
V/PackageManager(  973): getPackageInfo com.example.sfml: Package{11fb6212 com.example.sfml}
I/ServiceManager(25759): Waiting for service AtCmdFwd...
D/StatusBar.MSimNetworkController( 1767): refreshViews phoneId =0mMSimDataConnected =false
D/StatusBar.MSimNetworkController( 1767): refreshViews mMSimDataActivity =0
D/StatusBar.MSimNetworkController( 1767): refreshViews: Data not connected!! Set no data type icon / Roaming for phoneId: 0
D/StatusBar.MSimNetworkController( 1767): refreshViews connected={ wifi } level=3 mMSimcombinedSignalIconId=0x7f020390/com.android.systemui:drawable/stat_sys_wifi_signal_4_fully mMSimcombinedActivityIconId=0x7f020382 mAirplaneMode=false mMSimDataActivity=0 mMSimPhoneSignalIconId=0x7f020301/com.android.systemui:drawable/stat_sys_signal_3_fully mMSimDataDirectionIconId=0x0 mMSimDataSignalIconId=0x7f020301 mMSimDataTypeIconId=0x0/(null) mNoMSimIconId=0x0/(null) mMSimMobileActivityIconId=0x0/(null) mWifiIconId=0x7f020390 mBluetoothTetherIconId=0x1080699
I/MSimSignalClusterView( 1767): setRoamingFlagandResource(0), roaming=false, roamingId=0
I/MSimSignalClusterView( 1767): setRoamingFlagandResource(1), roaming=false, roamingId=0
D/StatusBar.MSimNetworkController( 1767): refreshSignalCluster, mMSimPhoneSignalIconId[0]=com.android.systemui:drawable/stat_sys_signal_3_fully mMSimDataSignalIconId[0]=com.android.systemui:drawable/stat_sys_signal_3_fully mMSimDataTypeIconId[0]=(null) mMSimMobileActivityIconId[0]=(null) mNoMSimIconId[0]=(null)
I/MSimSignalClusterView( 1767): setRoamingFlagandResource(0), roaming=false, roamingId=0
I/MSimSignalClusterView( 1767): setRoamingFlagandResource(1), roaming=false, roamingId=0
D/StatusBar.MSimNetworkController( 1767): refreshSignalCluster, mMSimPhoneSignalIconId[0]=com.android.systemui:drawable/stat_sys_signal_3_fully mMSimDataSignalIconId[0]=com.android.systemui:drawable/stat_sys_signal_3_fully mMSimDataTypeIconId[0]=(null) mMSimMobileActivityIconId[0]=(null) mNoMSimIconId[0]=(null)
I/ServiceManager(25759): Waiting for service AtCmdFwd...
D/StatusBar.MSimNetworkController( 1767): refreshViews phoneId =0mMSimDataConnected =false
D/StatusBar.MSimNetworkController( 1767): refreshViews mMSimDataActivity =0
D/StatusBar.MSimNetworkController( 1767): refreshViews: Data not connected!! Set no data type icon / Roaming for phoneId: 0
D/StatusBar.MSimNetworkController( 1767): refreshViews connected={ wifi } level=3 mMSimcombinedSignalIconId=0x7f020390/com.android.systemui:drawable/stat_sys_wifi_signal_4_fully mMSimcombinedActivityIconId=0x7f020380 mAirplaneMode=false mMSimDataActivity=0 mMSimPhoneSignalIconId=0x7f020301/com.android.systemui:drawable/stat_sys_signal_3_fully mMSimDataDirectionIconId=0x0 mMSimDataSignalIconId=0x7f020301 mMSimDataTypeIconId=0x0/(null) mNoMSimIconId=0x0/(null) mMSimMobileActivityIconId=0x0/(null) mWifiIconId=0x7f020390 mBluetoothTetherIconId=0x1080699
I/MSimSignalClusterView( 1767): setRoamingFlagandResource(0), roaming=false, roamingId=0
I/MSimSignalClusterView( 1767): setRoamingFlagandResource(1), roaming=false, roamingId=0
D/StatusBar.MSimNetworkController( 1767): refreshSignalCluster, mMSimPhoneSignalIconId[0]=com.android.systemui:drawable/stat_sys_signal_3_fully mMSimDataSignalIconId[0]=com.android.systemui:drawable/stat_sys_signal_3_fully mMSimDataTypeIconId[0]=(null) mMSimMobileActivityIconId[0]=(null) mNoMSimIconId[0]=(null)
I/MSimSignalClusterView( 1767): setRoamingFlagandResource(0), roaming=false, roamingId=0
I/MSimSignalClusterView( 1767): setRoamingFlagandResource(1), roaming=false, roamingId=0
D/StatusBar.MSimNetworkController( 1767): refreshSignalCluster, mMSimPhoneSignalIconId[0]=com.android.systemui:drawable/stat_sys_signal_3_fully mMSimDataSignalIconId[0]=com.android.systemui:drawable/stat_sys_signal_3_fully mMSimDataTypeIconId[0]=(null) mMSimMobileActivityIconId[0]=(null) mNoMSimIconId[0]=(null)
D/powerUI ( 1767): accValue============42
D/powerUI ( 1767): mCputempVlaue============42
W/Atfwd_Sendcmd(25759): AtCmdFwd service not published, waiting... retryCnt : 2
D/StatusBar.MSimNetworkController( 1767): refreshViews phoneId =0mMSimDataConnected =false
D/StatusBar.MSimNetworkController( 1767): refreshViews mMSimDataActivity =0
D/StatusBar.MSimNetworkController( 1767): refreshViews: Data not connected!! Set no data type icon / Roaming for phoneId: 0
D/StatusBar.MSimNetworkController( 1767): refreshViews connected={ wifi } level=3 mMSimcombinedSignalIconId=0x7f020390/com.android.systemui:drawable/stat_sys_wifi_signal_4_fully mMSimcombinedActivityIconId=0x0 mAirplaneMode=false mMSimDataActivity=0 mMSimPhoneSignalIconId=0x7f020301/com.android.systemui:drawable/stat_sys_signal_3_fully mMSimDataDirectionIconId=0x0 mMSimDataSignalIconId=0x7f020301 mMSimDataTypeIconId=0x0/(null) mNoMSimIconId=0x0/(null) mMSimMobileActivityIconId=0x0/(null) mWifiIconId=0x7f020390 mBluetoothTetherIconId=0x1080699
I/MSimSignalClusterView( 1767): setRoamingFlagandResource(0), roaming=false, roamingId=0
I/MSimSignalClusterView( 1767): setRoamingFlagandResource(1), roaming=false, roamingId=0
D/StatusBar.MSimNetworkController( 1767): refreshSignalCluster, mMSimPhoneSignalIconId[0]=com.android.systemui:drawable/stat_sys_signal_3_fully mMSimDataSignalIconId[0]=com.android.systemui:drawable/stat_sys_signal_3_fully mMSimDataTypeIconId[0]=(null) mMSimMobileActivityIconId[0]=(null) mNoMSimIconId[0]=(null)
I/MSimSignalClusterView( 1767): setRoamingFlagandResource(0), roaming=false, roamingId=0
I/MSimSignalClusterView( 1767): setRoamingFlagandResource(1), roaming=false, roamingId=0
D/StatusBar.MSimNetworkController( 1767): refreshSignalCluster, mMSimPhoneSignalIconId[0]=com.android.systemui:drawable/stat_sys_signal_3_fully mMSimDataSignalIconId[0]=com.android.systemui:drawable/stat_sys_signal_3_fully mMSimDataTypeIconId[0]=(null) mMSimMobileActivityIconId[0]=(null) mNoMSimIconId[0]=(null)
D/wpa_supplicant( 1732): wlan0: Control interface command 'SIGNAL_POLL'
V/WLAN_PSA(  236): NL MSG, len[4090], NL type[0x1C] WNI type[0x5900] len[57871]
V/WLAN_PSA(  236): NL MSG, PID: 236
D/StatusBar.MSimNetworkController( 1767): getPhoneId phoneId: 0
D/StatusBar.MSimNetworkController( 1767): onSignalStrengthsChanged received on phoneId :0signalStrength=SignalStrength: 99 0 -120 -160 -120 -1 -1 23 -95 -9 144 2147483647 2147483647 gsm|lte level=3
D/StatusBar.MSimNetworkController( 1767): getPhoneId phoneId: 0
D/StatusBar.MSimNetworkController( 1767): getPhoneId phoneId: 0
D/StatusBar.MSimNetworkController( 1767): updateIconSet, phoneId = 0
D/StatusBar.MSimNetworkController( 1767): updateIconSet, voice network type is: 13/4G, data network type is: 13/4G
D/StatusBar.MSimNetworkController( 1767): updateIconSet, chosenNetworkType=13 hspaDataDistinguishable=true hspapDistinguishable=false showAtLeastThreeGees=false
D/TelephonyIcons( 1767): updateDataType sub=0, type=13, inetCondition=1 showAtLeast3G=false show4GforLte=true hspaDistinguishable=true
D/TelephonyIcons( 1767): data type item name: array/telephony_data_type_sim1
D/TelephonyIcons( 1767): data type item id: 2131492871
D/TelephonyIcons( 1767): updateDataType mSelectedDataTypeIcon[0]=2130837895, mSelectedDataActivityIndex=5
D/StatusBar.MSimNetworkController( 1767): getPhoneId phoneId: 0
D/StatusBar.MSimNetworkController( 1767): updateTelephonySignalStrength: phoneId =0
D/TelephonyIcons( 1767): getSignalStrengthIcon: sub=0, inetCondition=1, level=3 isRoaming=false
D/TelephonyIcons( 1767): signalStrengthArray.length = 9
D/TelephonyIcons( 1767): selectedTypeArray.length = 2
D/TelephonyIcons( 1767): inetArray.length = 5
D/StatusBar.MSimNetworkController( 1767): updateTelephonySignalStrength, sub: 0 level=3 mInetCondition=1 mMSimPhoneSignalIconId[0]=2130838273/com.android.systemui:drawable/stat_sys_signal_3_fully
D/StatusBar.MSimNetworkController( 1767): getPhoneId phoneId: 0
D/StatusBar.MSimNetworkController( 1767): refreshViews phoneId =0mMSimDataConnected =false
D/StatusBar.MSimNetworkController( 1767): refreshViews mMSimDataActivity =0
D/StatusBar.MSimNetworkController( 1767): refreshViews: Data not connected!! Set no data type icon / Roaming for phoneId: 0
D/StatusBar.MSimNetworkController( 1767): refreshViews connected={ wifi } level=3 mMSimcombinedSignalIconId=0x7f020390/com.android.systemui:drawable/stat_sys_wifi_signal_4_fully mMSimcombinedActivityIconId=0x0 mAirplaneMode=false mMSimDataActivity=0 mMSimPhoneSignalIconId=0x7f020301/com.android.systemui:drawable/stat_sys_signal_3_fully mMSimDataDirectionIconId=0x0 mMSimDataSignalIconId=0x7f020301 mMSimDataTypeIconId=0x0/(null) mNoMSimIconId=0x0/(null) mMSimMobileActivityIconId=0x0/(null) mWifiIconId=0x7f020390 mBluetoothTetherIconId=0x1080699
D/powerUI ( 1767): accValue============41
D/powerUI ( 1767): mCputempVlaue============41
D/StatusBar.MSimNetworkController( 1767): refreshViews phoneId =0mMSimDataConnected =false
D/StatusBar.MSimNetworkController( 1767): refreshViews mMSimDataActivity =0
D/StatusBar.MSimNetworkController( 1767): refreshViews: Data not connected!! Set no data type icon / Roaming for phoneId: 0
D/StatusBar.MSimNetworkController( 1767): refreshViews connected={ wifi } level=3 mMSimcombinedSignalIconId=0x7f020390/com.android.systemui:drawable/stat_sys_wifi_signal_4_fully mMSimcombinedActivityIconId=0x7f020381 mAirplaneMode=false mMSimDataActivity=0 mMSimPhoneSignalIconId=0x7f020301/com.android.systemui:drawable/stat_sys_signal_3_fully mMSimDataDirectionIconId=0x0 mMSimDataSignalIconId=0x7f020301 mMSimDataTypeIconId=0x0/(null) mNoMSimIconId=0x0/(null) mMSimMobileActivityIconId=0x0/(null) mWifiIconId=0x7f020390 mBluetoothTetherIconId=0x1080699
I/MSimSignalClusterView( 1767): setRoamingFlagandResource(0), roaming=false, roamingId=0
I/MSimSignalClusterView( 1767): setRoamingFlagandResource(1), roaming=false, roamingId=0
D/StatusBar.MSimNetworkController( 1767): refreshSignalCluster, mMSimPhoneSignalIconId[0]=com.android.systemui:drawable/stat_sys_signal_3_fully mMSimDataSignalIconId[0]=com.android.systemui:drawable/stat_sys_signal_3_fully mMSimDataTypeIconId[0]=(null) mMSimMobileActivityIconId[0]=(null) mNoMSimIconId[0]=(null)
I/MSimSignalClusterView( 1767): setRoamingFlagandResource(0), roaming=false, roamingId=0
I/MSimSignalClusterView( 1767): setRoamingFlagandResource(1), roaming=false, roamingId=0
D/StatusBar.MSimNetworkController( 1767): refreshSignalCluster, mMSimPhoneSignalIconId[0]=com.android.systemui:drawable/stat_sys_signal_3_fully mMSimDataSignalIconId[0]=com.android.systemui:drawable/stat_sys_signal_3_fully mMSimDataTypeIconId[0]=(null) mMSimMobileActivityIconId[0]=(null) mNoMSimIconId[0]=(null)
D/Ulp_jni (  973): Location CB invoked
V/WLAN_PSA(  236): NL MSG, len[048], NL type[0x11] WNI type[0x5050] len[028]
V/WLAN_PSA(  236): NL MSG, PID: 236
D/StatusBar.MSimNetworkController( 1767): refreshViews phoneId =0mMSimDataConnected =false
D/StatusBar.MSimNetworkController( 1767): refreshViews mMSimDataActivity =0
D/StatusBar.MSimNetworkController( 1767): refreshViews: Data not connected!! Set no data type icon / Roaming for phoneId: 0
D/StatusBar.MSimNetworkController( 1767): refreshViews connected={ wifi } level=3 mMSimcombinedSignalIconId=0x7f020390/com.android.systemui:drawable/stat_sys_wifi_signal_4_fully mMSimcombinedActivityIconId=0x7f020380 mAirplaneMode=false mMSimDataActivity=0 mMSimPhoneSignalIconId=0x7f020301/com.android.systemui:drawable/stat_sys_signal_3_fully mMSimDataDirectionIconId=0x0 mMSimDataSignalIconId=0x7f020301 mMSimDataTypeIconId=0x0/(null) mNoMSimIconId=0x0/(null) mMSimMobileActivityIconId=0x0/(null) mWifiIconId=0x7f020390 mBluetoothTetherIconId=0x1080699
I/MSimSignalClusterView( 1767): setRoamingFlagandResource(0), roaming=false, roamingId=0
I/MSimSignalClusterView( 1767): setRoamingFlagandResource(1), roaming=false, roamingId=0
D/StatusBar.MSimNetworkController( 1767): refreshSignalCluster, mMSimPhoneSignalIconId[0]=com.android.systemui:drawable/stat_sys_signal_3_fully mMSimDataSignalIconId[0]=com.android.systemui:drawable/stat_sys_signal_3_fully mMSimDataTypeIconId[0]=(null) mMSimMobileActivityIconId[0]=(null) mNoMSimIconId[0]=(null)
I/MSimSignalClusterView( 1767): setRoamingFlagandResource(0), roaming=false, roamingId=0
I/MSimSignalClusterView( 1767): setRoamingFlagandResource(1), roaming=false, roamingId=0
D/StatusBar.MSimNetworkController( 1767): refreshSignalCluster, mMSimPhoneSignalIconId[0]=com.android.systemui:drawable/stat_sys_signal_3_fully mMSimDataSignalIconId[0]=com.android.systemui:drawable/stat_sys_signal_3_fully mMSimDataTypeIconId[0]=(null) mMSimMobileActivityIconId[0]=(null) mNoMSimIconId[0]=(null)
D/wpa_supplicant( 1732): wlan0: Control interface command 'SIGNAL_POLL'
D/powerUI ( 1767): accValue============41
D/powerUI ( 1767): mCputempVlaue============41
D/StatusBar.MSimNetworkController( 1767): getPhoneId phoneId: 0
D/StatusBar.MSimNetworkController( 1767): onSignalStrengthsChanged received on phoneId :0signalStrength=SignalStrength: 99 0 -120 -160 -120 -1 -1 22 -95 -7 196 2147483647 2147483647 gsm|lte level=3
D/StatusBar.MSimNetworkController( 1767): getPhoneId phoneId: 0
D/StatusBar.MSimNetworkController( 1767): getPhoneId phoneId: 0
D/StatusBar.MSimNetworkController( 1767): updateIconSet, phoneId = 0
D/StatusBar.MSimNetworkController( 1767): updateIconSet, voice network type is: 13/4G, data network type is: 13/4G
D/StatusBar.MSimNetworkController( 1767): updateIconSet, chosenNetworkType=13 hspaDataDistinguishable=true hspapDistinguishable=false showAtLeastThreeGees=false
D/TelephonyIcons( 1767): updateDataType sub=0, type=13, inetCondition=1 showAtLeast3G=false show4GforLte=true hspaDistinguishable=true
D/TelephonyIcons( 1767): data type item name: array/telephony_data_type_sim1
D/TelephonyIcons( 1767): data type item id: 2131492871
D/TelephonyIcons( 1767): updateDataType mSelectedDataTypeIcon[0]=2130837895, mSelectedDataActivityIndex=5
D/StatusBar.MSimNetworkController( 1767): getPhoneId phoneId: 0
D/StatusBar.MSimNetworkController( 1767): updateTelephonySignalStrength: phoneId =0
D/TelephonyIcons( 1767): getSignalStrengthIcon: sub=0, inetCondition=1, level=3 isRoaming=false
D/TelephonyIcons( 1767): signalStrengthArray.length = 9
D/TelephonyIcons( 1767): selectedTypeArray.length = 2
D/TelephonyIcons( 1767): inetArray.length = 5
D/StatusBar.MSimNetworkController( 1767): updateTelephonySignalStrength, sub: 0 level=3 mInetCondition=1 mMSimPhoneSignalIconId[0]=2130838273/com.android.systemui:drawable/stat_sys_signal_3_fully
D/StatusBar.MSimNetworkController( 1767): getPhoneId phoneId: 0
D/StatusBar.MSimNetworkController( 1767): refreshViews phoneId =0mMSimDataConnected =false
D/StatusBar.MSimNetworkController( 1767): refreshViews mMSimDataActivity =0
D/StatusBar.MSimNetworkController( 1767): refreshViews: Data not connected!! Set no data type icon / Roaming for phoneId: 0
D/StatusBar.MSimNetworkController( 1767): refreshViews connected={ wifi } level=3 mMSimcombinedSignalIconId=0x7f020390/com.android.systemui:drawable/stat_sys_wifi_signal_4_fully mMSimcombinedActivityIconId=0x7f020380 mAirplaneMode=false mMSimDataActivity=0 mMSimPhoneSignalIconId=0x7f020301/com.android.systemui:drawable/stat_sys_signal_3_fully mMSimDataDirectionIconId=0x0 mMSimDataSignalIconId=0x7f020301 mMSimDataTypeIconId=0x0/(null) mNoMSimIconId=0x0/(null) mMSimMobileActivityIconId=0x0/(null) mWifiIconId=0x7f020390 mBluetoothTetherIconId=0x1080699
D/StatusBar.MSimNetworkController( 1767): refreshViews phoneId =0mMSimDataConnected =false
D/StatusBar.MSimNetworkController( 1767): refreshViews mMSimDataActivity =0
D/StatusBar.MSimNetworkController( 1767): refreshViews: Data not connected!! Set no data type icon / Roaming for phoneId: 0
D/StatusBar.MSimNetworkController( 1767): refreshViews connected={ wifi } level=3 mMSimcombinedSignalIconId=0x7f020390/com.android.systemui:drawable/stat_sys_wifi_signal_4_fully mMSimcombinedActivityIconId=0x0 mAirplaneMode=false mMSimDataActivity=0 mMSimPhoneSignalIconId=0x7f020301/com.android.systemui:drawable/stat_sys_signal_3_fully mMSimDataDirectionIconId=0x0 mMSimDataSignalIconId=0x7f020301 mMSimDataTypeIconId=0x0/(null) mNoMSimIconId=0x0/(null) mMSimMobileActivityIconId=0x0/(null) mWifiIconId=0x7f020390 mBluetoothTetherIconId=0x1080699
I/MSimSignalClusterView( 1767): setRoamingFlagandResource(0), roaming=false, roamingId=0
I/MSimSignalClusterView( 1767): setRoamingFlagandResource(1), roaming=false, roamingId=0
D/StatusBar.MSimNetworkController( 1767): refreshSignalCluster, mMSimPhoneSignalIconId[0]=com.android.systemui:drawable/stat_sys_signal_3_fully mMSimDataSignalIconId[0]=com.android.systemui:drawable/stat_sys_signal_3_fully mMSimDataTypeIconId[0]=(null) mMSimMobileActivityIconId[0]=(null) mNoMSimIconId[0]=(null)
I/MSimSignalClusterView( 1767): setRoamingFlagandResource(0), roaming=false, roamingId=0
I/MSimSignalClusterView( 1767): setRoamingFlagandResource(1), roaming=false, roamingId=0
D/StatusBar.MSimNetworkController( 1767): refreshSignalCluster, mMSimPhoneSignalIconId[0]=com.android.systemui:drawable/stat_sys_signal_3_fully mMSimDataSignalIconId[0]=com.android.systemui:drawable/stat_sys_signal_3_fully mMSimDataTypeIconId[0]=(null) mMSimMobileActivityIconId[0]=(null) mNoMSimIconId[0]=(null)
D/powerUI ( 1767): accValue============40
D/powerUI ( 1767): mCputempVlaue============40
D/wpa_supplicant( 1732): wlan0: Control interface command 'SIGNAL_POLL'
D/powerUI ( 1767): accValue============40
D/powerUI ( 1767): mCputempVlaue============40
V/WLAN_PSA(  236): NL MSG, len[4080], NL type[0x1C] WNI type[0x5900] len[55311]
V/WLAN_PSA(  236): NL MSG, PID: 236
V/WLAN_PSA(  236): NL MSG, len[048], NL type[0x11] WNI type[0x5050] len[028]
V/WLAN_PSA(  236): NL MSG, PID: 236
E/WifiStateMachine(  973): WifiStateMachine CMD_START_SCAN source -2 txSuccessRate=0,65 rxSuccessRate=2,91 targetRoamBSSID=any RSSI=-51
D/wpa_supplicant( 1732): wlan0: Control interface command 'SCAN TYPE=ONLY'
D/wpa_supplicant( 1732): wlan0: Setting scan request: 0.000000 sec
D/wpa_supplicant( 1732): Scan SSID - hexdump(len=11): 66 72 65 61 6b 6e 65 74 2d 32 67
D/wpa_supplicant( 1732): wlan0: Starting AP scan for wildcard SSID
D/wpa_supplicant( 1732): wlan0: Add radio work 'scan'@0xb77f6c20
D/wpa_supplicant( 1732): wlan0: First radio work item in the queue - schedule start immediately
D/wpa_supplicant( 1732): wlan0: Starting radio work 'scan'@0xb77f6c20 after 0.000054 second wait
D/wpa_supplicant( 1732): wlan0: nl80211: scan request
D/wpa_supplicant( 1732): nl80211: Scan SSID - hexdump(len=11): 66 72 65 61 6b 6e 65 74 2d 32 67
D/wpa_supplicant( 1732): nl80211: Scan SSID - hexdump(len=0): [NULL]
V/WLAN_PSA(  236): NL MSG, len[914], NL type[0x11] WNI type[0x5050] len[894]
V/WLAN_PSA(  236): NL MSG, PID: 236
D/wpa_supplicant( 1732): Scan requested (ret=0) - scan timeout 30 seconds
D/wpa_supplicant( 1732): nl80211: Event message available
D/wpa_supplicant( 1732): nl80211: Drv Event 33 (NL80211_CMD_TRIGGER_SCAN) received for wlan0
D/wpa_supplicant( 1732): wlan0: nl80211: Scan trigger
D/wpa_supplicant( 1732): wlan0: Event SCAN_STARTED (49) received
D/wpa_supplicant( 1732): wlan0: Own scan request started a scan in 0.000125 seconds
D/wpa_supplicant( 1732): CTRL_IFACE monitor sent successfully to /data/misc/wifi/sockets/wpa_ctrl_245-21\x00
D/wpa_supplicant( 1732): CTRL_IFACE monitor sent successfully to /data/misc/wifi/sockets/wpa_ctrl_973-2\x00
I/WifiHAL (  973): Poll result = 1
I/WifiHAL (  973): Found some events!!!
D/WifiHAL (  973): no_seq_check received
I/WifiHAL (  973): event received NL80211_CMD_TRIGGER_SCAN
I/WifiHAL (  973): event received NL80211_CMD_TRIGGER_SCAN, vendor_id = 0x0
I/WifiHAL (  973): event ignored!!
V/WLAN_PSA(  236): NL MSG, len[048], NL type[0x11] WNI type[0x5050] len[028]
V/WLAN_PSA(  236): NL MSG, PID: 236
V/WLAN_PSA(  236): NL MSG, len[4091], NL type[0x1C] WNI type[0x5900] len[58127]
V/WLAN_PSA(  236): NL MSG, PID: 236
V/WLAN_PSA(  236): NL MSG, len[4060], NL type[0x1C] WNI type[0x5900] len[50191]
V/WLAN_PSA(  236): NL MSG, PID: 236
V/WLAN_PSA(  236): NL MSG, len[4026], NL type[0x1C] WNI type[0x5900] len[41487]
V/WLAN_PSA(  236): NL MSG, PID: 236
V/WLAN_PSA(  236): NL MSG, len[4084], NL type[0x1C] WNI type[0x5900] len[56335]
V/WLAN_PSA(  236): NL MSG, PID: 236
V/WLAN_PSA(  236): NL MSG, len[4061], NL type[0x1C] WNI type[0x5900] len[50447]
V/WLAN_PSA(  236): NL MSG, PID: 236
V/WLAN_PSA(  236): NL MSG, len[4022], NL type[0x1C] WNI type[0x5900] len[40463]
V/WLAN_PSA(  236): NL MSG, PID: 236
V/WLAN_PSA(  236): NL MSG, len[4066], NL type[0x1C] WNI type[0x5900] len[51727]
V/WLAN_PSA(  236): NL MSG, PID: 236
V/WLAN_PSA(  236): NL MSG, len[4064], NL type[0x1C] WNI type[0x5900] len[51215]
V/WLAN_PSA(  236): NL MSG, PID: 236
V/WLAN_PSA(  236): NL MSG, len[914], NL type[0x11] WNI type[0x5050] len[894]
V/WLAN_PSA(  236): NL MSG, PID: 236
V/WLAN_PSA(  236): NL MSG, len[3973], NL type[0x1C] WNI type[0x5900] len[27919]
V/WLAN_PSA(  236): NL MSG, PID: 236
I/WifiHAL (  973): Poll result = 1
I/WifiHAL (  973): Found some events!!!
D/WifiHAL (  973): no_seq_check received
I/WifiHAL (  973): event received NL80211_CMD_NEW_SCAN_RESULTS
I/WifiHAL (  973): event received NL80211_CMD_NEW_SCAN_RESULTS, vendor_id = 0x0
I/WifiHAL (  973): event ignored!!
D/wpa_supplicant( 1732): nl80211: Event message available
D/wpa_supplicant( 1732): nl80211: Drv Event 34 (NL80211_CMD_NEW_SCAN_RESULTS) received for wlan0
D/wpa_supplicant( 1732): wlan0: nl80211: New scan results available
D/wpa_supplicant( 1732): nl80211: Scan probed for SSID 'freaknet-2g'
D/wpa_supplicant( 1732): nl80211: Scan probed for SSID ''
D/wpa_supplicant( 1732): nl80211: Scan included frequencies: 2412 2417 2422 2427 2432 2437 2442 2447 2452 2457 2462 2467 2472
D/wpa_supplicant( 1732): wlan0: Event SCAN_RESULTS (3) received
D/wpa_supplicant( 1732): wlan0: Scan completed in 0.430185 seconds
D/wpa_supplicant( 1732): nl80211: Associated on 2412 MHz
D/wpa_supplicant( 1732): nl80211: Associated with c0:c1:c0:f4:c7:9f
D/wpa_supplicant( 1732): nl80211: Received scan results (14 BSSes)
D/wpa_supplicant( 1732): nl80211: Scan results indicate BSS status with c0:c1:c0:f4:c7:9f as associated
D/wpa_supplicant( 1732): wlan0: BSS: Start scan result update 6225
D/wpa_supplicant( 1732): wlan0: BSS: Add new id 8849 BSSID f8:63:94:d7:c1:4e SSID 'MOVISTAR_C145'
D/wpa_supplicant( 1732): CTRL_IFACE monitor sent successfully to /data/misc/wifi/sockets/wpa_ctrl_245-21\x00
D/wpa_supplicant( 1732): CTRL_IFACE monitor sent successfully to /data/misc/wifi/sockets/wpa_ctrl_973-2\x00
D/wpa_supplicant( 1732): wlan0: BSS: Add new id 8850 BSSID 6a:8e:85:65:ad:41 SSID 'jazztel_1'
D/wpa_supplicant( 1732): CTRL_IFACE monitor sent successfully to /data/misc/wifi/sockets/wpa_ctrl_245-21\x00
D/wpa_supplicant( 1732): CTRL_IFACE monitor sent successfully to /data/misc/wifi/sockets/wpa_ctrl_973-2\x00
D/wpa_supplicant( 1732): wlan0: BSS: Add new id 8851 BSSID f8:8e:85:65:ad:40 SSID 'JAZZTEL_AD40'
D/wpa_supplicant( 1732): CTRL_IFACE monitor sent successfully to /data/misc/wifi/sockets/wpa_ctrl_245-21\x00
D/wpa_supplicant( 1732): CTRL_IFACE monitor sent successfully to /data/misc/wifi/sockets/wpa_ctrl_973-2\x00
D/wpa_supplicant( 1732): wlan0: BSS: Add new id 8852 BSSID 4c:09:d4:53:f0:3a SSID 'Orange-F038'
D/wpa_supplicant( 1732): CTRL_IFACE monitor sent successfully to /data/misc/wifi/sockets/wpa_ctrl_245-21\x00
D/wpa_supplicant( 1732): CTRL_IFACE monitor sent successfully to /data/misc/wifi/sockets/wpa_ctrl_973-2\x00
D/wpa_supplicant( 1732): BSS: last_scan_res_used=14/64
D/wpa_supplicant( 1732): wlan0: Scan-only results received
D/wpa_supplicant( 1732): CTRL_IFACE monitor sent successfully to /data/misc/wifi/sockets/wpa_ctrl_245-21\x00
D/wpa_supplicant( 1732): CTRL_IFACE monitor sent successfully to /data/misc/wifi/sockets/wpa_ctrl_973-2\x00
D/wpa_supplicant( 1732): wlan0: Radio work 'scan'@0xb77f6c20 done in 0.432518 seconds
D/wpa_supplicant( 1732): wlan0: Control interface command 'BSS RANGE=0- MASK=0x21987'
D/wpa_supplicant( 1732): wlan0: Control interface command 'STATUS-NO_EVENTS'
D/LBSSystemMonitorService(  973): handleMessage what - 4
D/Wiper_jni(  973): Send Network Location.
D/wpa_supplicant( 1732): wlan0: Control interface command 'SIGNAL_POLL'
D/powerUI ( 1767): accValue============39
D/powerUI ( 1767): mCputempVlaue============39
I/ServiceManager(25759): Waiting for service AtCmdFwd...
D/StatusBar.MSimNetworkController( 1767): refreshViews phoneId =0mMSimDataConnected =false
D/StatusBar.MSimNetworkController( 1767): refreshViews mMSimDataActivity =0
D/StatusBar.MSimNetworkController( 1767): refreshViews: Data not connected!! Set no data type icon / Roaming for phoneId: 0
D/StatusBar.MSimNetworkController( 1767): refreshViews connected={ wifi } level=3 mMSimcombinedSignalIconId=0x7f020390/com.android.systemui:drawable/stat_sys_wifi_signal_4_fully mMSimcombinedActivityIconId=0x7f020380 mAirplaneMode=false mMSimDataActivity=0 mMSimPhoneSignalIconId=0x7f020301/com.android.systemui:drawable/stat_sys_signal_3_fully mMSimDataDirectionIconId=0x0 mMSimDataSignalIconId=0x7f020301 mMSimDataTypeIconId=0x0/(null) mNoMSimIconId=0x0/(null) mMSimMobileActivityIconId=0x0/(null) mWifiIconId=0x7f020390 mBluetoothTetherIconId=0x1080699
I/MSimSignalClusterView( 1767): setRoamingFlagandResource(0), roaming=false, roamingId=0
I/MSimSignalClusterView( 1767): setRoamingFlagandResource(1), roaming=false, roamingId=0
D/StatusBar.MSimNetworkController( 1767): refreshSignalCluster, mMSimPhoneSignalIconId[0]=com.android.systemui:drawable/stat_sys_signal_3_fully mMSimDataSignalIconId[0]=com.android.systemui:drawable/stat_sys_signal_3_fully mMSimDataTypeIconId[0]=(null) mMSimMobileActivityIconId[0]=(null) mNoMSimIconId[0]=(null)
I/MSimSignalClusterView( 1767): setRoamingFlagandResource(0), roaming=false, roamingId=0
I/MSimSignalClusterView( 1767): setRoamingFlagandResource(1), roaming=false, roamingId=0
D/StatusBar.MSimNetworkController( 1767): refreshSignalCluster, mMSimPhoneSignalIconId[0]=com.android.systemui:drawable/stat_sys_signal_3_fully mMSimDataSignalIconId[0]=com.android.systemui:drawable/stat_sys_signal_3_fully mMSimDataTypeIconId[0]=(null) mMSimMobileActivityIconId[0]=(null) mNoMSimIconId[0]=(null)
I/ServiceManager(25759): Waiting for service AtCmdFwd...
D/StatusBar.MSimNetworkController( 1767): refreshViews phoneId =0mMSimDataConnected =false
D/StatusBar.MSimNetworkController( 1767): refreshViews mMSimDataActivity =0
D/StatusBar.MSimNetworkController( 1767): refreshViews: Data not connected!! Set no data type icon / Roaming for phoneId: 0
D/StatusBar.MSimNetworkController( 1767): refreshViews connected={ wifi } level=3 mMSimcombinedSignalIconId=0x7f020390/com.android.systemui:drawable/stat_sys_wifi_signal_4_fully mMSimcombinedActivityIconId=0x0 mAirplaneMode=false mMSimDataActivity=0 mMSimPhoneSignalIconId=0x7f020301/com.android.systemui:drawable/stat_sys_signal_3_fully mMSimDataDirectionIconId=0x0 mMSimDataSignalIconId=0x7f020301 mMSimDataTypeIconId=0x0/(null) mNoMSimIconId=0x0/(null) mMSimMobileActivityIconId=0x0/(null) mWifiIconId=0x7f020390 mBluetoothTetherIconId=0x1080699
I/MSimSignalClusterView( 1767): setRoamingFlagandResource(0), roaming=false, roamingId=0
I/MSimSignalClusterView( 1767): setRoamingFlagandResource(1), roaming=false, roamingId=0
D/StatusBar.MSimNetworkController( 1767): refreshSignalCluster, mMSimPhoneSignalIconId[0]=com.android.systemui:drawable/stat_sys_signal_3_fully mMSimDataSignalIconId[0]=com.android.systemui:drawable/stat_sys_signal_3_fully mMSimDataTypeIconId[0]=(null) mMSimMobileActivityIconId[0]=(null) mNoMSimIconId[0]=(null)
