V/PackageManager(  973): getPackageInfo com.google.android.googlequicksearchbox: Package{15eefba2 com.google.android.googlequicksearchbox}
V/PackageManager(  973): getPackageInfo com.google.android.googlequicksearchbox: Package{15eefba2 com.google.android.googlequicksearchbox}
V/PackageManager(  973): getPackageInfo com.android.providers.calendar: Package{17e48e11 com.android.providers.calendar}
W/ContextImpl( 2255): Calling a method in the system process without a qualified user: android.app.ContextImpl.sendBroadcast:1341 android.content.ContextWrapper.sendBroadcast:382 com.android.launcher3.Stats.recordLaunch:126 com.android.launcher3.Launcher.startAppShortcutOrInfoActivity:2775 com.android.launcher3.Launcher.onClick:2603 
V/PackageManager(  973): getApplicationInfo com.idealista.android: Package{19963d62 com.idealista.android}
V/PackageManager(  973): getPackageInfo com.google.android.gms: Package{2d4160db com.google.android.gms}
V/PackageManager(  973): getPackageInfo com.android.providers.calendar: Package{17e48e11 com.android.providers.calendar}
V/PackageManager(  973): getPackageInfo com.android.providers.calendar: Package{17e48e11 com.android.providers.calendar}
V/PackageManager(  973): getPackageInfo com.android.vending: Package{5046ab9 com.android.vending}
V/PackageManager(  973): getPackageGidscom.example.sfml: Package{11fb6212 com.example.sfml}
V/PackageManager(  973): getPackageInfo com.android.providers.calendar: Package{17e48e11 com.android.providers.calendar}
V/PackageManager(  973): getPackageInfo com.android.providers.media: Package{2c1780ee com.android.providers.media}
V/PackageManager(  973): getApplicationInfo com.idealista.android: Package{19963d62 com.idealista.android}
V/PackageManager(  973): getApplicationInfo com.idealista.android: Package{19963d62 com.idealista.android}
V/PackageManager(  973): getApplicationInfo com.idealista.android: Package{19963d62 com.idealista.android}
I/ActivityManager(  973): Start proc 26146:com.example.sfml/u0a170 for activity com.example.sfml/android.app.NativeActivity
V/PackageManager(  973): getPackageInfo com.android.providers.media: Package{2c1780ee com.android.providers.media}
V/PackageManager(  973): getPackageInfo com.android.providers.media: Package{2c1780ee com.android.providers.media}
I/art     (26146): Late-enabling -Xcheck:jni
V/PackageManager(  973): getPackageInfo com.android.providers.media: Package{2c1780ee com.android.providers.media}
V/PackageManager(  973): getPackageInfo com.google.android.apps.docs.editors.docs: Package{1a63ec88 com.google.android.apps.docs.editors.docs}
V/PackageManager(  973): getPackageInfo com.android.vending: Package{5046ab9 com.android.vending}
V/PackageManager(  973): getPackageInfo com.google.android.gms: Package{2d4160db com.google.android.gms}
V/PackageManager(  973): getPackageInfo com.android.vending: Package{5046ab9 com.android.vending}
I/ViewRootImpl(  973): CPU Rendering VSync enable = true
V/WindowManager(  973): Adding window Window{3053b810 u0 Starting com.example.sfml} at 11 of 14 (after Window{249d8728 u0 com.whatsapp/com.whatsapp.Conversation})
V/PackageManager(  973): getApplicationInfo com.idealista.android: Package{19963d62 com.idealista.android}
V/PackageManager(  973): getPackageInfo com.example.sfml: Package{11fb6212 com.example.sfml}
V/PackageManager(  973): getPackageInfo com.example.sfml: Package{11fb6212 com.example.sfml}
W/FlurryAgent(25977): Analytics report sent.
V/PackageManager(  973): getPackageInfo com.google.android.apps.docs.editors.docs: Package{1a63ec88 com.google.android.apps.docs.editors.docs}
V/PackageManager(  973): getPackageInfo com.google.android.apps.docs.editors.docs: Package{1a63ec88 com.google.android.apps.docs.editors.docs}
V/PackageManager(  973): getPackageInfo com.google.android.apps.docs.editors.docs: Package{1a63ec88 com.google.android.apps.docs.editors.docs}
V/PackageManager(  973): getPackageInfo com.qti.service.colorservice: Package{7b20e3a com.qti.service.colorservice}
V/PackageManager(  973): getPackageInfo com.qti.service.colorservice: Package{7b20e3a com.qti.service.colorservice}
V/PackageManager(  973): getPackageInfo com.qti.service.colorservice: Package{7b20e3a com.qti.service.colorservice}
V/PackageManager(  973): getPackageInfo com.qti.service.colorservice: Package{7b20e3a com.qti.service.colorservice}
V/PackageManager(  973): getPackageInfo com.google.android.onetimeinitializer: Package{129b00a9 com.google.android.onetimeinitializer}
V/PackageManager(  973): getPackageInfo com.google.android.onetimeinitializer: Package{129b00a9 com.google.android.onetimeinitializer}
V/PackageManager(  973): getPackageInfo com.google.android.onetimeinitializer: Package{129b00a9 com.google.android.onetimeinitializer}
V/PackageManager(  973): getPackageInfo com.google.android.onetimeinitializer: Package{129b00a9 com.google.android.onetimeinitializer}
D/wpa_supplicant( 1732): wlan0: Control interface command 'SIGNAL_POLL'
V/PackageManager(  973): getPackageInfo com.qualcomm.shutdownlistner: Package{21a95c16 com.qualcomm.shutdownlistner}
V/PackageManager(  973): getPackageInfo com.qualcomm.shutdownlistner: Package{21a95c16 com.qualcomm.shutdownlistner}
V/PackageManager(  973): getPackageInfo com.qualcomm.shutdownlistner: Package{21a95c16 com.qualcomm.shutdownlistner}
V/PackageManager(  973): getPackageInfo com.qualcomm.shutdownlistner: Package{21a95c16 com.qualcomm.shutdownlistner}
V/PackageManager(  973): getPackageInfo com.android.wallpapercropper: Package{54b54fc com.android.wallpapercropper}
V/PackageManager(  973): getPackageInfo com.android.wallpapercropper: Package{54b54fc com.android.wallpapercropper}
V/PackageManager(  973): getPackageInfo com.android.wallpapercropper: Package{54b54fc com.android.wallpapercropper}
V/PackageManager(  973): getPackageInfo com.android.wallpapercropper: Package{54b54fc com.android.wallpapercropper}
V/PackageManager(  973): getPackageInfo com.quicinc.cne.CNEService: Package{2a8de94c com.quicinc.cne.CNEService}
V/PackageManager(  973): getPackageInfo com.quicinc.cne.CNEService: Package{2a8de94c com.quicinc.cne.CNEService}
V/PackageManager(  973): getPackageInfo com.quicinc.cne.CNEService: Package{2a8de94c com.quicinc.cne.CNEService}
V/PackageManager(  973): getPackageInfo com.quicinc.cne.CNEService: Package{2a8de94c com.quicinc.cne.CNEService}
V/PackageManager(  973): getPackageInfo com.devhd.feedly: Package{3220446b com.devhd.feedly}
D/StatusBar.NetworkController( 1767): refreshViews:: activeNetworkInfo.getType(): 1	activeNetworkInfo.getTypeName(): WIFI	activeNetworkInfo.isConnected(): true	params networkType: 1
D/StatusBar.MSimNetworkController( 1767): refreshViews phoneId =0mMSimDataConnected =false
D/StatusBar.MSimNetworkController( 1767): refreshViews mMSimDataActivity =0
D/StatusBar.MSimNetworkController( 1767): refreshViews: Data not connected!! Set no data type icon / Roaming for phoneId: 0
D/StatusBar.MSimNetworkController( 1767): refreshViews connected={ wifi } level=3 mMSimcombinedSignalIconId=0x7f02038d/com.android.systemui:drawable/stat_sys_wifi_signal_3_fully mMSimcombinedActivityIconId=0x7f020381 mAirplaneMode=false mMSimDataActivity=0 mMSimPhoneSignalIconId=0x7f020301/com.android.systemui:drawable/stat_sys_signal_3_fully mMSimDataDirectionIconId=0x0 mMSimDataSignalIconId=0x7f020301 mMSimDataTypeIconId=0x0/(null) mNoMSimIconId=0x0/(null) mMSimMobileActivityIconId=0x0/(null) mWifiIconId=0x7f02038d mBluetoothTetherIconId=0x1080699
I/MSimSignalClusterView( 1767): setRoamingFlagandResource(0), roaming=false, roamingId=0
I/MSimSignalClusterView( 1767): setRoamingFlagandResource(1), roaming=false, roamingId=0
D/StatusBar.MSimNetworkController( 1767): refreshSignalCluster, mMSimPhoneSignalIconId[0]=com.android.systemui:drawable/stat_sys_signal_3_fully mMSimDataSignalIconId[0]=com.android.systemui:drawable/stat_sys_signal_3_fully mMSimDataTypeIconId[0]=(null) mMSimMobileActivityIconId[0]=(null) mNoMSimIconId[0]=(null)
I/MSimSignalClusterView( 1767): setRoamingFlagandResource(0), roaming=false, roamingId=0
I/MSimSignalClusterView( 1767): setRoamingFlagandResource(1), roaming=false, roamingId=0
D/StatusBar.MSimNetworkController( 1767): refreshSignalCluster, mMSimPhoneSignalIconId[0]=com.android.systemui:drawable/stat_sys_signal_3_fully mMSimDataSignalIconId[0]=com.android.systemui:drawable/stat_sys_signal_3_fully mMSimDataTypeIconId[0]=(null) mMSimMobileActivityIconId[0]=(null) mNoMSimIconId[0]=(null)
D/StatusBar.MSimNetworkController( 1767): refreshViews phoneId =1mMSimDataConnected =false
D/StatusBar.MSimNetworkController( 1767): refreshViews mMSimDataActivity =0
D/StatusBar.MSimNetworkController( 1767): refreshViews: Data not connected!! Set no data type icon / Roaming for phoneId: 1
V/PackageManager(  973): getPackageInfo com.devhd.feedly: Package{3220446b com.devhd.feedly}
V/PackageManager(  973): getPackageInfo com.devhd.feedly: Package{3220446b com.devhd.feedly}
D/StatusBar.MSimNetworkController( 1767): refreshViews connected={ wifi } level=0 mMSimcombinedSignalIconId=0x7f02038d/com.android.systemui:drawable/stat_sys_wifi_signal_3_fully mMSimcombinedActivityIconId=0x7f020381 mAirplaneMode=false mMSimDataActivity=0 mMSimPhoneSignalIconId=0x7f020374/com.android.systemui:drawable/stat_sys_signal_null mMSimDataDirectionIconId=0x0 mMSimDataSignalIconId=0x7f020374 mMSimDataTypeIconId=0x0/(null) mNoMSimIconId=0x7f0200cf/com.android.systemui:drawable/ic_qs_signal_no_signal mMSimMobileActivityIconId=0x0/(null) mWifiIconId=0x7f02038d mBluetoothTetherIconId=0x1080699
V/PackageManager(  973): getPackageInfo com.devhd.feedly: Package{3220446b com.devhd.feedly}
V/PackageManager(  973): getPackageInfo com.dolby.daxappUI: Package{8b0189e com.dolby.daxappUI}
V/PackageManager(  973): getActivityInfo ComponentInfo{com.example.sfml/android.app.NativeActivity}: Activity{3577c3ec com.example.sfml/android.app.NativeActivity}
V/PackageManager(  973): getPackageInfo com.dolby.daxappUI: Package{8b0189e com.dolby.daxappUI}
V/PackageManager(  973): getPackageInfo com.dolby.daxappUI: Package{8b0189e com.dolby.daxappUI}
V/PackageManager(  973): getPackageInfo com.dolby.daxappUI: Package{8b0189e com.dolby.daxappUI}
V/PackageManager(  973): getPackageInfo com.qualcomm.qti.timerswitch: Package{1d1c67a3 com.qualcomm.qti.timerswitch}
V/PackageManager(  973): getPackageInfo com.qualcomm.qti.timerswitch: Package{1d1c67a3 com.qualcomm.qti.timerswitch}
V/PackageManager(  973): getPackageInfo com.qualcomm.qti.timerswitch: Package{1d1c67a3 com.qualcomm.qti.timerswitch}
V/PackageManager(  973): getPackageInfo com.qualcomm.qti.timerswitch: Package{1d1c67a3 com.qualcomm.qti.timerswitch}
V/PackageManager(  973): getPackageInfo com.android.documentsui: Package{23acd0ef com.android.documentsui}
V/PackageManager(  973): getApplicationInfo com.example.sfml: Package{11fb6212 com.example.sfml}
V/PackageManager(  973): getPackageInfo com.android.documentsui: Package{23acd0ef com.android.documentsui}
V/PackageManager(  973): getPackageInfo com.android.documentsui: Package{23acd0ef com.android.documentsui}
V/PackageManager(  973): getPackageInfo com.android.documentsui: Package{23acd0ef com.android.documentsui}
V/PackageManager(  973): getPackageInfo com.bqreaders.customization: Package{29596f92 com.bqreaders.customization}
V/PackageManager(  973): getPackageInfo com.bqreaders.customization: Package{29596f92 com.bqreaders.customization}
V/PackageManager(  973): getPackageInfo com.bqreaders.customization: Package{29596f92 com.bqreaders.customization}
V/PackageManager(  973): getPackageInfo com.bqreaders.customization: Package{29596f92 com.bqreaders.customization}
V/PackageManager(  973): getPackageInfo com.android.galaxy4: Package{1eb32203 com.android.galaxy4}
V/PackageManager(  973): getApplicationInfo com.google.android.gms: Package{2d4160db com.google.android.gms}
V/PackageManager(  973): getPackageInfo com.android.galaxy4: Package{1eb32203 com.android.galaxy4}
V/PackageManager(  973): getPackageInfo com.android.galaxy4: Package{1eb32203 com.android.galaxy4}
V/PackageManager(  973): getPackageInfo com.android.galaxy4: Package{1eb32203 com.android.galaxy4}
V/PackageManager(  973): getPackageInfo com.android.externalstorage: Package{2df80c2a com.android.externalstorage}
V/PackageManager(  973): getPackageInfo com.android.externalstorage: Package{2df80c2a com.android.externalstorage}
V/PackageManager(  973): getPackageInfo com.android.externalstorage: Package{2df80c2a com.android.externalstorage}
V/PackageManager(  973): getPackageInfo com.android.externalstorage: Package{2df80c2a com.android.externalstorage}
V/PackageManager(  973): getPackageInfo com.google.android.apps.enterprise.dmagent: Package{1337a096 com.google.android.apps.enterprise.dmagent}
V/PackageManager(  973): getPackageInfo com.google.android.apps.enterprise.dmagent: Package{1337a096 com.google.android.apps.enterprise.dmagent}
V/PackageManager(  973): getPackageInfo com.google.android.apps.enterprise.dmagent: Package{1337a096 com.google.android.apps.enterprise.dmagent}
V/PackageManager(  973): getPackageInfo com.google.android.apps.enterprise.dmagent: Package{1337a096 com.google.android.apps.enterprise.dmagent}
V/PackageManager(  973): getPackageInfo com.android.htmlviewer: Package{ca85e7d com.android.htmlviewer}
V/PackageManager(  973): getPackageInfo com.android.htmlviewer: Package{ca85e7d com.android.htmlviewer}
V/PackageManager(  973): getPackageInfo com.android.htmlviewer: Package{ca85e7d com.android.htmlviewer}
V/PackageManager(  973): getPackageInfo com.android.htmlviewer: Package{ca85e7d com.android.htmlviewer}
V/PackageManager(  973): getPackageInfo com.idealista.android: Package{19963d62 com.idealista.android}
V/PackageManager(  973): getPackageInfo com.google.android.gms: Package{2d4160db com.google.android.gms}
V/PackageManager(  973): getPackageInfo com.android.vending: Package{5046ab9 com.android.vending}
V/PackageManager(  973): getPackageInfo com.whatsapp: Package{1d6692e6 com.whatsapp}
V/PackageManager(  973): getApplicationInfo com.google.android.gms: Package{2d4160db com.google.android.gms}
W/InstanceID/Rpc(26111): Found 10009
V/PackageManager(  973): getPackageInfo com.google.android.gms: Package{2d4160db com.google.android.gms}
D/GCM     ( 2582): GcmService start Intent { act=com.google.android.c2dm.intent.REGISTER pkg=com.google.android.gms cmp=com.google.android.gms/.gcm.GcmService (has extras) } com.google.android.c2dm.intent.REGISTER
V/PackageManager(  973): getApplicationInfo com.idealista.android: Package{19963d62 com.idealista.android}
V/PackageManager(  973): getPackageInfo com.idealista.android: Package{19963d62 com.idealista.android}
V/PackageManager(  973): getPackageInfo com.google.android.gms: Package{2d4160db com.google.android.gms}
V/PackageManager(  973): getPackageInfo com.idealista.android: Package{19963d62 com.idealista.android}
V/PackageManager(  973): getServiceInfo ComponentInfo{com.google.android.gms/com.google.android.gms.gcm.http.GoogleHttpService}: Service{36135737 com.google.android.gms/.gcm.http.GoogleHttpService}
V/PackageManager(  973): getPackageInfo com.whatsapp: Package{1d6692e6 com.whatsapp}
V/PackageManager(  973): getPackageInfo com.whatsapp: Package{1d6692e6 com.whatsapp}
V/PackageManager(  973): getPackageInfo com.whatsapp: Package{1d6692e6 com.whatsapp}
V/PackageManager(  973): getPackageInfo com.bqreaders.ota: Package{2d3cbf com.bqreaders.ota}
V/PackageManager(  973): getPackageInfo com.google.android.gms: Package{2d4160db com.google.android.gms}
V/PackageManager(  973): getPackageInfo com.bqreaders.ota: Package{2d3cbf com.bqreaders.ota}
V/PackageManager(  973): getPackageInfo com.bqreaders.ota: Package{2d3cbf com.bqreaders.ota}
V/PackageManager(  973): getPackageInfo com.bqreaders.ota: Package{2d3cbf com.bqreaders.ota}
V/JNIHelp (26043): Registering com/google/android/gms/org/conscrypt/NativeCrypto's 254 native methods...
V/PackageManager(  973): getPackageInfo com.iconology.comics: Package{df96d72 com.iconology.comics}
V/PackageManager(  973): getPackageInfo com.iconology.comics: Package{df96d72 com.iconology.comics}
V/PackageManager(  973): getPackageInfo com.iconology.comics: Package{df96d72 com.iconology.comics}
V/PackageManager(  973): getPackageInfo com.iconology.comics: Package{df96d72 com.iconology.comics}
V/PackageManager(  973): getPackageInfo com.android.mms.service: Package{1d2ecbae com.android.mms.service}
V/PackageManager(  973): getPackageInfo com.android.mms.service: Package{1d2ecbae com.android.mms.service}
V/PackageManager(  973): getPackageInfo com.android.mms.service: Package{1d2ecbae com.android.mms.service}
V/PackageManager(  973): getPackageInfo com.android.mms.service: Package{1d2ecbae com.android.mms.service}
V/PackageManager(  973): getPackageInfo com.google.android.apps.docs.editors.sheets: Package{1ccf1824 com.google.android.apps.docs.editors.sheets}
V/PackageManager(  973): getActivityInfo ComponentInfo{com.example.sfml/android.app.NativeActivity}: Activity{3577c3ec com.example.sfml/android.app.NativeActivity}
I/ProviderInstaller(26043): Installed default security provider GmsCore_OpenSSL
V/PackageManager(  973): getPackageInfo com.google.android.apps.docs.editors.sheets: Package{1ccf1824 com.google.android.apps.docs.editors.sheets}
V/PackageManager(  973): getPackageInfo com.google.android.apps.docs.editors.sheets: Package{1ccf1824 com.google.android.apps.docs.editors.sheets}
V/PackageManager(  973): getPackageInfo com.google.android.apps.docs.editors.sheets: Package{1ccf1824 com.google.android.apps.docs.editors.sheets}
V/PackageManager(  973): getPackageInfo com.google.android.apps.docs.editors.slides: Package{224de17e com.google.android.apps.docs.editors.slides}
V/PackageManager(  973): getPackageInfo com.android.vending: Package{5046ab9 com.android.vending}
V/PackageManager(  973): getPackageInfo com.google.android.gms: Package{2d4160db com.google.android.gms}
V/PackageManager(  973): getPackageInfo com.android.vending: Package{5046ab9 com.android.vending}
D/powerUI ( 1767): accValue============49
D/powerUI ( 1767): mCputempVlaue============49
V/PackageManager(  973): getPackageInfo com.google.android.apps.docs.editors.slides: Package{224de17e com.google.android.apps.docs.editors.slides}
V/PackageManager(  973): getPackageInfo com.google.android.apps.docs.editors.slides: Package{224de17e com.google.android.apps.docs.editors.slides}
V/PackageManager(  973): getPackageInfo com.google.android.apps.docs.editors.slides: Package{224de17e com.google.android.apps.docs.editors.slides}
V/PackageManager(  973): getPackageInfo com.codeaurora.fmradio: Package{25492da2 com.codeaurora.fmradio}
V/WLAN_PSA(  236): NL MSG, len[048], NL type[0x11] WNI type[0x5050] len[028]
V/WLAN_PSA(  236): NL MSG, PID: 236
V/PackageManager(  973): getPackageInfo com.codeaurora.fmradio: Package{25492da2 com.codeaurora.fmradio}
V/PackageManager(  973): getPackageInfo com.codeaurora.fmradio: Package{25492da2 com.codeaurora.fmradio}
V/PackageManager(  973): getPackageInfo com.codeaurora.fmradio: Package{25492da2 com.codeaurora.fmradio}
V/PackageManager(  973): getPackageInfo com.android.providers.downloads: Package{2b36b4d2 com.android.providers.downloads}
V/PackageManager(  973): getPackageInfo com.android.providers.downloads: Package{2b36b4d2 com.android.providers.downloads}
V/PackageManager(  973): getPackageInfo com.android.providers.downloads: Package{2b36b4d2 com.android.providers.downloads}
V/PackageManager(  973): getServiceInfo ComponentInfo{com.facebook.katana/com.facebook.feed.platformads.AppInstallService}: Service{170aa788 com.facebook.katana/com.facebook.feed.platformads.AppInstallService}
V/PackageManager(  973): getPackageInfo com.android.providers.downloads: Package{2b36b4d2 com.android.providers.downloads}
V/PackageManager(  973): getPackageInfo com.longcheertel.midtest: Package{39ce4ab6 com.longcheertel.midtest}
V/PackageManager(  973): getPackageInfo com.longcheertel.midtest: Package{39ce4ab6 com.longcheertel.midtest}
V/PackageManager(  973): getPackageInfo com.longcheertel.midtest: Package{39ce4ab6 com.longcheertel.midtest}
V/PackageManager(  973): getPackageInfo com.longcheertel.midtest: Package{39ce4ab6 com.longcheertel.midtest}
V/PackageManager(  973): getPackageInfo com.android.browser.provider: Package{1176a281 com.android.browser.provider}
E/VoldConnector(  973): NDC Command {28 volume mkdirs /storage/sdcard1/Android/data/com.example.sfml/files/} took too long (627ms)
V/PackageManager(  973): getPackageInfo com.android.browser.provider: Package{1176a281 com.android.browser.provider}
V/PackageManager(  973): getPackageInfo com.android.browser.provider: Package{1176a281 com.android.browser.provider}
V/PackageManager(  973): getPackageInfo com.android.browser.provider: Package{1176a281 com.android.browser.provider}
V/PackageManager(  973): getActivityInfo ComponentInfo{com.example.sfml/android.app.NativeActivity}: Activity{3577c3ec com.example.sfml/android.app.NativeActivity}
V/PackageManager(  973): getPackageInfo com.limbika.ahud: Package{255b2beb com.limbika.ahud}
W/linker  (26146): libopenal.so: unused DT entry: type 0xf arg 0x1a39
V/PackageManager(  973): getPackageInfo com.limbika.ahud: Package{255b2beb com.limbika.ahud}
V/PackageManager(  973): getPackageInfo com.limbika.ahud: Package{255b2beb com.limbika.ahud}
V/PackageManager(  973): getPackageInfo com.limbika.ahud: Package{255b2beb com.limbika.ahud}
V/PackageManager(  973): getPackageInfo com.qualcomm.interfacepermissions: Package{734ee42 com.qualcomm.interfacepermissions}
V/PackageManager(  973): getPackageInfo com.qualcomm.interfacepermissions: Package{734ee42 com.qualcomm.interfacepermissions}
V/PackageManager(  973): getPackageInfo com.qualcomm.interfacepermissions: Package{734ee42 com.qualcomm.interfacepermissions}
V/PackageManager(  973): getPackageInfo com.qualcomm.interfacepermissions: Package{734ee42 com.qualcomm.interfacepermissions}
V/PackageManager(  973): getPackageInfo com.google.android.apps.genie.geniewidget: Package{17158f33 com.google.android.apps.genie.geniewidget}
V/PackageManager(  973): getPackageInfo com.google.android.apps.genie.geniewidget: Package{17158f33 com.google.android.apps.genie.geniewidget}
V/PackageManager(  973): getPackageInfo com.google.android.apps.genie.geniewidget: Package{17158f33 com.google.android.apps.genie.geniewidget}
V/PackageManager(  973): getPackageInfo com.google.android.apps.genie.geniewidget: Package{17158f33 com.google.android.apps.genie.geniewidget}
V/PackageManager(  973): getPackageInfo com.cemas.snowforecast: Package{748900d com.cemas.snowforecast}
W/ResourceType(25977): ResTable_typeSpec entry count inconsistent: given 1, previously 1238
V/PackageManager(  973): getPackageInfo com.cemas.snowforecast: Package{748900d com.cemas.snowforecast}
V/PackageManager(  973): getPackageInfo com.cemas.snowforecast: Package{748900d com.cemas.snowforecast}
V/PackageManager(  973): getPackageInfo com.cemas.snowforecast: Package{748900d com.cemas.snowforecast}
V/PackageManager(  973): getPackageInfo com.google.android.configupdater: Package{9533841 com.google.android.configupdater}
V/PackageManager(  973): getPackageInfo com.google.android.configupdater: Package{9533841 com.google.android.configupdater}
V/PackageManager(  973): getPackageInfo com.google.android.configupdater: Package{9533841 com.google.android.configupdater}
V/PackageManager(  973): getPackageInfo com.google.android.configupdater: Package{9533841 com.google.android.configupdater}
V/PackageManager(  973): getPackageInfo com.vaughnweb.colortest: Package{2444aa18 com.vaughnweb.colortest}
V/UserPresentBroadcastReceiver( 2582): Received Intent { act=android.intent.action.USER_PRESENT flg=0x24000010 cmp=com.google.android.gms/.auth.trustagent.UserPresentBroadcastReceiver }.
W/linker  (26146): libsfml-example.so: unused DT entry: type 0x6ffffffe arg 0x6780
W/linker  (26146): libsfml-example.so: unused DT entry: type 0x6fffffff arg 0x2
V/PackageManager(  973): getPackageInfo com.google.android.gms: Package{2d4160db com.google.android.gms}
I/Adreno-EGL(26146): <qeglDrvAPI_eglInitialize:379>: EGL 1.4 QUALCOMM build: AU_LINUX_ANDROID_LA.BR.1.1.3_RB1.05.01.00.032.017_msm8916_32_LA.BR.1.1.3_RB1__release_AU (I716aebe4f9)
I/Adreno-EGL(26146): OpenGL ES Shader Compiler Version: E031.25.03.04
I/Adreno-EGL(26146): Build Date: 07/03/15 Fri
I/Adreno-EGL(26146): Local Branch: 
I/Adreno-EGL(26146): Remote Branch: quic/LA.BR.1.1.3_rb1.18
I/Adreno-EGL(26146): Local Patches: NONE
I/Adreno-EGL(26146): Reconstruct Branch: AU_LINUX_ANDROID_LA.BR.1.1.3_RB1.05.01.00.032.017 + 26a3cba + 6f69ea6 + 8bc2bc8 + 649fcde + a52cccf + dbf281f + 15f0bf8 + 8d02f76 + 9b2cb1a + 25f3b04 + 7cd8c84 + b54906e + 675fd74 + 7c22ef4 + 79b094c +  NOTHING
V/PackageManager(  973): getPackageInfo com.vaughnweb.colortest: Package{2444aa18 com.vaughnweb.colortest}
V/PackageManager(  973): getPackageInfo com.vaughnweb.colortest: Package{2444aa18 com.vaughnweb.colortest}
V/PackageManager(  973): getPackageInfo com.vaughnweb.colortest: Package{2444aa18 com.vaughnweb.colortest}
V/PackageManager(  973): getPackageInfo com.android.defcontainer: Package{1ac596be com.android.defcontainer}
V/PackageManager(  973): getPackageInfo com.android.defcontainer: Package{1ac596be com.android.defcontainer}
V/PackageManager(  973): getPackageInfo com.google.android.gms: Package{2d4160db com.google.android.gms}
V/PackageManager(  973): getPackageInfo com.android.defcontainer: Package{1ac596be com.android.defcontainer}
V/PackageManager(  973): getPackageInfo com.android.defcontainer: Package{1ac596be com.android.defcontainer}
V/PackageManager(  973): getPackageInfo com.android.providers.downloads.ui: Package{3e4cb532 com.android.providers.downloads.ui}
V/PackageManager(  973): getPackageInfo com.android.vending: Package{5046ab9 com.android.vending}
V/PackageManager(  973): getPackageInfo com.android.providers.downloads.ui: Package{3e4cb532 com.android.providers.downloads.ui}
V/PackageManager(  973): getPackageInfo com.android.providers.downloads.ui: Package{3e4cb532 com.android.providers.downloads.ui}
V/PackageManager(  973): getPackageInfo com.android.providers.downloads.ui: Package{3e4cb532 com.android.providers.downloads.ui}
V/PackageManager(  973): getPackageInfo com.android.vending: Package{5046ab9 com.android.vending}
V/PackageManager(  973): getPackageInfo com.google.android.googlequicksearchbox: Package{15eefba2 com.google.android.googlequicksearchbox}
W/OptInChecker( 1084): Missing cached UDC setting for AUDIO_HISTORY
W/BroadcastQueue(  973): Permission Denial: receiving Intent { act=com.android.launcher3.action.LAUNCH flg=0x10 (has extras) } to com.google.android.gms/.icing.proxy.ApplicationLauncherReceiver requires com.android.launcher3.permission.RECEIVE_LAUNCH_BROADCASTS due to sender com.android.launcher3 (uid 1000)
W/BroadcastQueue(  973): Permission Denial: receiving Intent { act=com.android.launcher3.action.LAUNCH flg=0x10 (has extras) } to com.google.android.googlequicksearchbox/com.google.android.apps.gsa.search.core.icingsync.ApplicationLaunchReceiver requires com.android.launcher3.permission.RECEIVE_LAUNCH_BROADCASTS due to sender com.android.launcher3 (uid 1000)
W/OptInChecker( 1084): Missing cached UDC setting for DEVICE_STATE_AND_CONTENT
W/OptInChecker( 1084): Missing cached UDC setting for NOW_CARDS
W/OptInChecker( 1084): Missing cached UDC setting for NOW_NOTIFICATIONS
W/OptInChecker( 1084): Missing cached UDC setting for WEB_HISTORY
W/OptInChecker( 1084): Missing cached UDC setting for WEB_AND_APP_HISTORY
W/OptInChecker( 1084): Missing cached UDC setting for CHROME_HISTORY_SYNC
W/OptInChecker( 1084): Missing cached UDC setting for HOTWORD_ENROLLMENT
V/PackageManager(  973): getPackageInfo com.android.vending: Package{5046ab9 com.android.vending}
V/PackageManager(  973): getPackageInfo com.android.vending: Package{5046ab9 com.android.vending}
V/PackageManager(  973): getPackageInfo com.android.vending: Package{5046ab9 com.android.vending}
D/StatusBar.MSimNetworkController( 1767): getPhoneId phoneId: 0
D/StatusBar.MSimNetworkController( 1767): onSignalStrengthsChanged received on phoneId :0signalStrength=SignalStrength: 99 0 -120 -160 -120 -1 -1 24 -93 -7 190 2147483647 2147483647 gsm|lte level=3
V/PackageManager(  973): getPackageInfo com.android.pacprocessor: Package{224ac149 com.android.pacprocessor}
D/StatusBar.MSimNetworkController( 1767): getPhoneId phoneId: 0
D/StatusBar.MSimNetworkController( 1767): getPhoneId phoneId: 0
D/StatusBar.MSimNetworkController( 1767): updateIconSet, phoneId = 0
D/StatusBar.MSimNetworkController( 1767): updateIconSet, voice network type is: 13/4G, data network type is: 13/4G
D/StatusBar.MSimNetworkController( 1767): updateIconSet, chosenNetworkType=13 hspaDataDistinguishable=true hspapDistinguishable=false showAtLeastThreeGees=false
D/TelephonyIcons( 1767): updateDataType sub=0, type=13, inetCondition=1 showAtLeast3G=false show4GforLte=true hspaDistinguishable=true
D/TelephonyIcons( 1767): data type item name: array/telephony_data_type_sim1
D/TelephonyIcons( 1767): data type item id: 2131492871
D/TelephonyIcons( 1767): updateDataType mSelectedDataTypeIcon[0]=2130837895, mSelectedDataActivityIndex=5
D/StatusBar.MSimNetworkController( 1767): getPhoneId phoneId: 0
D/StatusBar.MSimNetworkController( 1767): updateTelephonySignalStrength: phoneId =0
V/PackageManager(  973): getPackageInfo com.android.pacprocessor: Package{224ac149 com.android.pacprocessor}
V/PackageManager(  973): getPackageInfo com.android.pacprocessor: Package{224ac149 com.android.pacprocessor}
D/TelephonyIcons( 1767): getSignalStrengthIcon: sub=0, inetCondition=1, level=3 isRoaming=false
D/TelephonyIcons( 1767): signalStrengthArray.length = 9
D/TelephonyIcons( 1767): selectedTypeArray.length = 2
D/TelephonyIcons( 1767): inetArray.length = 5
V/PackageManager(  973): getPackageInfo com.android.pacprocessor: Package{224ac149 com.android.pacprocessor}
D/StatusBar.MSimNetworkController( 1767): updateTelephonySignalStrength, sub: 0 level=3 mInetCondition=1 mMSimPhoneSignalIconId[0]=2130838273/com.android.systemui:drawable/stat_sys_signal_3_fully
V/PackageManager(  973): getPackageInfo com.bq.soundrecorder: Package{c309a4a com.bq.soundrecorder}
D/StatusBar.MSimNetworkController( 1767): getPhoneId phoneId: 0
D/StatusBar.MSimNetworkController( 1767): refreshViews phoneId =0mMSimDataConnected =false
D/StatusBar.MSimNetworkController( 1767): refreshViews mMSimDataActivity =0
D/StatusBar.MSimNetworkController( 1767): refreshViews: Data not connected!! Set no data type icon / Roaming for phoneId: 0
D/StatusBar.MSimNetworkController( 1767): refreshViews connected={ wifi } level=3 mMSimcombinedSignalIconId=0x7f02038d/com.android.systemui:drawable/stat_sys_wifi_signal_3_fully mMSimcombinedActivityIconId=0x7f020381 mAirplaneMode=false mMSimDataActivity=0 mMSimPhoneSignalIconId=0x7f020301/com.android.systemui:drawable/stat_sys_signal_3_fully mMSimDataDirectionIconId=0x0 mMSimDataSignalIconId=0x7f020301 mMSimDataTypeIconId=0x0/(null) mNoMSimIconId=0x0/(null) mMSimMobileActivityIconId=0x0/(null) mWifiIconId=0x7f02038d mBluetoothTetherIconId=0x1080699
V/PackageManager(  973): getPackageInfo com.bq.soundrecorder: Package{c309a4a com.bq.soundrecorder}
V/PackageManager(  973): getPackageInfo com.bq.soundrecorder: Package{c309a4a com.bq.soundrecorder}
V/PackageManager(  973): getPackageInfo com.bq.soundrecorder: Package{c309a4a com.bq.soundrecorder}
V/PackageManager(  973): getPackageInfo com.widevine.demo: Package{1627ccfb com.widevine.demo}
V/PackageManager(  973): getPackageInfo com.widevine.demo: Package{1627ccfb com.widevine.demo}
V/PackageManager(  973): getPackageInfo com.widevine.demo: Package{1627ccfb com.widevine.demo}
V/PackageManager(  973): getPackageInfo com.widevine.demo: Package{1627ccfb com.widevine.demo}
V/PackageManager(  973): getPackageInfo com.android.certinstaller: Package{2a70a75b com.android.certinstaller}
V/PackageManager(  973): getPackageInfo com.android.certinstaller: Package{2a70a75b com.android.certinstaller}
V/PackageManager(  973): getPackageInfo com.android.certinstaller: Package{2a70a75b com.android.certinstaller}
V/PackageManager(  973): getPackageInfo com.android.certinstaller: Package{2a70a75b com.android.certinstaller}
V/PackageManager(  973): getPackageInfo com.attidomobile.passwallet: Package{253f70ab com.attidomobile.passwallet}
W/OptInChecker( 1084): Missing cached UDC setting for WEB_HISTORY
V/PackageManager(  973): getPackageInfo com.google.android.gms: Package{2d4160db com.google.android.gms}
V/PackageManager(  973): getPackageInfo com.attidomobile.passwallet: Package{253f70ab com.attidomobile.passwallet}
V/PackageManager(  973): getPackageInfo com.attidomobile.passwallet: Package{253f70ab com.attidomobile.passwallet}
V/PackageManager(  973): getPackageInfo com.attidomobile.passwallet: Package{253f70ab com.attidomobile.passwallet}
V/PackageManager(  973): getPackageInfo com.google.android.marvin.talkback: Package{334b6080 com.google.android.marvin.talkback}
V/Chip9emulator(26146): FOOBARFOOBAR
V/PackageManager(  973): getPackageInfo com.google.android.marvin.talkback: Package{334b6080 com.google.android.marvin.talkback}
V/PackageManager(  973): getPackageInfo com.google.android.marvin.talkback: Package{334b6080 com.google.android.marvin.talkback}
V/PackageManager(  973): getPackageInfo com.google.android.marvin.talkback: Package{334b6080 com.google.android.marvin.talkback}
V/PackageManager(  973): getPackageInfo org.codeaurora.bluetooth: Package{158bd311 org.codeaurora.bluetooth}
V/PackageManager(  973): getPackageInfo org.codeaurora.bluetooth: Package{158bd311 org.codeaurora.bluetooth}
V/PackageManager(  973): getPackageInfo org.codeaurora.bluetooth: Package{158bd311 org.codeaurora.bluetooth}
V/PackageManager(  973): getPackageInfo org.codeaurora.bluetooth: Package{158bd311 org.codeaurora.bluetooth}
V/PackageManager(  973): getPackageInfo com.lctautotest.camera: Package{6352dd6 com.lctautotest.camera}
V/PackageManager(  973): getPackageInfo com.lctautotest.camera: Package{6352dd6 com.lctautotest.camera}
V/PackageManager(  973): getPackageInfo com.lctautotest.camera: Package{6352dd6 com.lctautotest.camera}
V/PackageManager(  973): getPackageInfo com.lctautotest.camera: Package{6352dd6 com.lctautotest.camera}
V/PackageManager(  973): getPackageInfo org.discordia.cmake.example: Package{3528cdf8 org.discordia.cmake.example}
D/powerUI ( 1767): accValue============46
D/powerUI ( 1767): mCputempVlaue============46
V/PackageManager(  973): getPackageInfo org.discordia.cmake.example: Package{3528cdf8 org.discordia.cmake.example}
V/PackageManager(  973): getPackageInfo org.discordia.cmake.example: Package{3528cdf8 org.discordia.cmake.example}
V/PackageManager(  973): getPackageInfo org.discordia.cmake.example: Package{3528cdf8 org.discordia.cmake.example}
V/PackageManager(  973): getPackageInfo android: Package{20520662 android}
V/PackageManager(  973): getPackageInfo android: Package{20520662 android}
V/PackageManager(  973): getPackageInfo android: Package{20520662 android}
V/PackageManager(  973): getPackageInfo android: Package{20520662 android}
V/PackageManager(  973): getPackageInfo com.android.contacts: Package{20581b57 com.android.contacts}
D/wpa_supplicant( 1732): wlan0: Control interface command 'SIGNAL_POLL'
V/PackageManager(  973): getPackageInfo com.android.contacts: Package{20581b57 com.android.contacts}
V/PackageManager(  973): getPackageInfo com.android.contacts: Package{20581b57 com.android.contacts}
V/PackageManager(  973): getPackageInfo com.android.contacts: Package{20581b57 com.android.contacts}
V/PackageManager(  973): getPackageInfo com.ogqcorp.bgh: Package{299c876a com.ogqcorp.bgh}
V/PackageManager(  973): getPackageInfo com.ogqcorp.bgh: Package{299c876a com.ogqcorp.bgh}
V/PackageManager(  973): getPackageInfo com.ogqcorp.bgh: Package{299c876a com.ogqcorp.bgh}
V/PackageManager(  973): getPackageInfo com.ogqcorp.bgh: Package{299c876a com.ogqcorp.bgh}
V/PackageManager(  973): getPackageInfo com.qualcomm.wfd.service: Package{22ec6a39 com.qualcomm.wfd.service}
V/PackageManager(  973): getPackageInfo com.qualcomm.wfd.service: Package{22ec6a39 com.qualcomm.wfd.service}
V/PackageManager(  973): getPackageInfo com.qualcomm.wfd.service: Package{22ec6a39 com.qualcomm.wfd.service}
V/PackageManager(  973): getPackageInfo com.qualcomm.wfd.service: Package{22ec6a39 com.qualcomm.wfd.service}
V/PackageManager(  973): getPackageInfo com.android.stk: Package{3873256c com.android.stk}
V/PackageManager(  973): getPackageInfo com.android.stk: Package{3873256c com.android.stk}
V/PackageManager(  973): getPackageInfo com.android.stk: Package{3873256c com.android.stk}
V/PackageManager(  973): getPackageInfo com.android.stk: Package{3873256c com.android.stk}
V/PackageManager(  973): getPackageInfo com.android.launcher3: Package{1c17fa6 com.android.launcher3}
V/PackageManager(  973): getPackageInfo com.android.launcher3: Package{1c17fa6 com.android.launcher3}
V/PackageManager(  973): getPackageInfo com.android.launcher3: Package{1c17fa6 com.android.launcher3}
V/PackageManager(  973): getPackageInfo com.android.launcher3: Package{1c17fa6 com.android.launcher3}
V/PackageManager(  973): getPackageInfo com.android.backupconfirm: Package{2455a23 com.android.backupconfirm}
V/PackageManager(  973): getPackageInfo com.android.backupconfirm: Package{2455a23 com.android.backupconfirm}
V/PackageManager(  973): getPackageInfo com.android.backupconfirm: Package{2455a23 com.android.backupconfirm}
V/PackageManager(  973): getPackageInfo com.android.backupconfirm: Package{2455a23 com.android.backupconfirm}
V/PackageManager(  973): getPackageInfo org.coursera.android: Package{22017d73 org.coursera.android}
V/PackageManager(  973): getPackageInfo org.coursera.android: Package{22017d73 org.coursera.android}
V/PackageManager(  973): getPackageInfo org.coursera.android: Package{22017d73 org.coursera.android}
V/PackageManager(  973): getPackageInfo org.coursera.android: Package{22017d73 org.coursera.android}
V/PackageManager(  973): getPackageInfo personal.andreabasso.clearfocus: Package{3e6334ed personal.andreabasso.clearfocus}
V/PackageManager(  973): getPackageInfo personal.andreabasso.clearfocus: Package{3e6334ed personal.andreabasso.clearfocus}
V/PackageManager(  973): getPackageInfo personal.andreabasso.clearfocus: Package{3e6334ed personal.andreabasso.clearfocus}
V/PackageManager(  973): getPackageInfo personal.andreabasso.clearfocus: Package{3e6334ed personal.andreabasso.clearfocus}
V/PackageManager(  973): getPackageInfo org.codeaurora.ims: Package{2369a7e4 org.codeaurora.ims}
V/PackageManager(  973): getPackageInfo org.codeaurora.ims: Package{2369a7e4 org.codeaurora.ims}
V/PackageManager(  973): getPackageInfo org.codeaurora.ims: Package{2369a7e4 org.codeaurora.ims}
V/PackageManager(  973): getPackageInfo org.codeaurora.ims: Package{2369a7e4 org.codeaurora.ims}
V/PackageManager(  973): getPackageInfo com.google.android.gm: Package{1b78b50f com.google.android.gm}
V/PackageManager(  973): getPackageInfo com.google.android.gm: Package{1b78b50f com.google.android.gm}
V/PackageManager(  973): getPackageInfo com.google.android.gm: Package{1b78b50f com.google.android.gm}
V/PackageManager(  973): getPackageInfo com.google.android.gm: Package{1b78b50f com.google.android.gm}
V/PackageManager(  973): getPackageInfo com.bemobile.bkie.main: Package{13e220c3 com.bemobile.bkie.main}
V/PackageManager(  973): getPackageInfo com.bemobile.bkie.main: Package{13e220c3 com.bemobile.bkie.main}
V/PackageManager(  973): getPackageInfo com.bemobile.bkie.main: Package{13e220c3 com.bemobile.bkie.main}
V/PackageManager(  973): getPackageInfo com.bemobile.bkie.main: Package{13e220c3 com.bemobile.bkie.main}
V/PackageManager(  973): getPackageInfo fm.last.android: Package{1ea178ab fm.last.android}
V/PackageManager(  973): getPackageInfo fm.last.android: Package{1ea178ab fm.last.android}
V/PackageManager(  973): getPackageInfo fm.last.android: Package{1ea178ab fm.last.android}
V/PackageManager(  973): getPackageInfo fm.last.android: Package{1ea178ab fm.last.android}
V/PackageManager(  973): getPackageInfo com.android.wallpaper.holospiral: Package{3e879958 com.android.wallpaper.holospiral}
V/PackageManager(  973): getPackageInfo com.android.wallpaper.holospiral: Package{3e879958 com.android.wallpaper.holospiral}
V/PackageManager(  973): getPackageInfo com.android.wallpaper.holospiral: Package{3e879958 com.android.wallpaper.holospiral}
V/PackageManager(  973): getPackageInfo com.android.wallpaper.holospiral: Package{3e879958 com.android.wallpaper.holospiral}
V/PackageManager(  973): getPackageInfo com.android.phasebeam: Package{2b6b5d75 com.android.phasebeam}
V/PackageManager(  973): getPackageInfo com.android.phasebeam: Package{2b6b5d75 com.android.phasebeam}
V/PackageManager(  973): getPackageInfo com.android.phasebeam: Package{2b6b5d75 com.android.phasebeam}
V/PackageManager(  973): getPackageInfo com.android.phasebeam: Package{2b6b5d75 com.android.phasebeam}
V/PackageManager(  973): getPackageInfo com.android.camerabq: Package{8a421ae com.android.camerabq}
V/PackageManager(  973): getPackageInfo com.android.camerabq: Package{8a421ae com.android.camerabq}
V/PackageManager(  973): getPackageInfo com.android.camerabq: Package{8a421ae com.android.camerabq}
V/PackageManager(  973): getPackageInfo com.android.camerabq: Package{8a421ae com.android.camerabq}
V/PackageManager(  973): getPackageInfo com.google.android.setupwizard: Package{384ba554 com.google.android.setupwizard}
V/PackageManager(  973): getPackageGidscom.google.android.talk: Package{270777f8 com.google.android.talk}
V/PackageManager(  973): getPackageInfo com.google.android.setupwizard: Package{384ba554 com.google.android.setupwizard}
V/PackageManager(  973): getPackageInfo com.google.android.setupwizard: Package{384ba554 com.google.android.setupwizard}
V/PackageManager(  973): getPackageInfo com.google.android.setupwizard: Package{384ba554 com.google.android.setupwizard}
V/PackageManager(  973): getPackageInfo com.qualcomm.qcrilmsgtunnel: Package{1397d6ec com.qualcomm.qcrilmsgtunnel}
V/PackageManager(  973): getPackageInfo com.qualcomm.qcrilmsgtunnel: Package{1397d6ec com.qualcomm.qcrilmsgtunnel}
V/PackageManager(  973): getPackageInfo com.qualcomm.qcrilmsgtunnel: Package{1397d6ec com.qualcomm.qcrilmsgtunnel}
V/PackageManager(  973): getPackageInfo com.qualcomm.qcrilmsgtunnel: Package{1397d6ec com.qualcomm.qcrilmsgtunnel}
V/PackageManager(  973): getPackageInfo com.android.providers.settings: Package{11163ecb com.android.providers.settings}
V/PackageManager(  973): getPackageInfo com.android.providers.settings: Package{11163ecb com.android.providers.settings}
V/PackageManager(  973): getPackageInfo com.android.providers.settings: Package{11163ecb com.android.providers.settings}
V/PackageManager(  973): getPackageInfo com.android.providers.settings: Package{11163ecb com.android.providers.settings}
V/PackageManager(  973): getPackageInfo com.qualcomm.qcom_qmi: Package{1add6e8f com.qualcomm.qcom_qmi}
I/ActivityManager(  973): Start proc 26182:com.google.android.talk/u0a48 for broadcast com.google.android.talk/com.google.android.apps.hangouts.realtimechat.RealTimeChatService$AlarmReceiver
V/PackageManager(  973): getReceiverInfo ComponentInfo{com.google.android.gms/com.google.android.gms.lockbox.LockboxAlarmReceiver}: Activity{38e93ff8 com.google.android.gms/.lockbox.LockboxAlarmReceiver}
V/PackageManager(  973): getPackageInfo com.qualcomm.qcom_qmi: Package{1add6e8f com.qualcomm.qcom_qmi}
V/PackageManager(  973): getPackageInfo com.qualcomm.qcom_qmi: Package{1add6e8f com.qualcomm.qcom_qmi}
V/PackageManager(  973): getPackageInfo com.qualcomm.qcom_qmi: Package{1add6e8f com.qualcomm.qcom_qmi}
V/PackageManager(  973): getPackageInfo com.android.sharedstoragebackup: Package{3d272f02 com.android.sharedstoragebackup}
V/PackageManager(  973): getPackageInfo com.android.sharedstoragebackup: Package{3d272f02 com.android.sharedstoragebackup}
V/PackageManager(  973): getPackageInfo com.android.sharedstoragebackup: Package{3d272f02 com.android.sharedstoragebackup}
V/PackageManager(  973): getPackageInfo com.android.sharedstoragebackup: Package{3d272f02 com.android.sharedstoragebackup}
V/PackageManager(  973): getPackageInfo cz.destil.settleup: Package{39319246 cz.destil.settleup}
V/PackageManager(  973): getPackageInfo com.google.android.talk: Package{270777f8 com.google.android.talk}
V/PackageManager(  973): getPackageInfo cz.destil.settleup: Package{39319246 cz.destil.settleup}
V/PackageManager(  973): getPackageInfo cz.destil.settleup: Package{39319246 cz.destil.settleup}
V/PackageManager(  973): getPackageInfo cz.destil.settleup: Package{39319246 cz.destil.settleup}
V/PackageManager(  973): getPackageInfo com.google.android.music: Package{91b1222 com.google.android.music}
W/ResourcesManager(26182): Asset path '/system/framework/com.google.android.media.effects.jar' does not exist or contains no resources.
V/PackageManager(  973): getPackageInfo com.google.android.music: Package{91b1222 com.google.android.music}
V/PackageManager(  973): getPackageInfo com.google.android.music: Package{91b1222 com.google.android.music}
V/PackageManager(  973): getPackageInfo com.google.android.music: Package{91b1222 com.google.android.music}
V/PackageManager(  973): getPackageInfo com.android.printspooler: Package{3f7043f com.android.printspooler}
V/PackageManager(  973): getPackageInfo com.android.printspooler: Package{3f7043f com.android.printspooler}
V/PackageManager(  973): getPackageInfo com.android.printspooler: Package{3f7043f com.android.printspooler}
V/PackageManager(  973): getPackageInfo com.android.printspooler: Package{3f7043f com.android.printspooler}
V/PackageManager(  973): getPackageInfo com.android.dreams.basic: Package{30e025b5 com.android.dreams.basic}
V/PackageManager(  973): getPackageInfo com.android.dreams.basic: Package{30e025b5 com.android.dreams.basic}
V/PackageManager(  973): getPackageInfo com.android.dreams.basic: Package{30e025b5 com.android.dreams.basic}
V/PackageManager(  973): getPackageInfo com.android.dreams.basic: Package{30e025b5 com.android.dreams.basic}
V/PackageManager(  973): getPackageInfo com.qapp.quickboot: Package{247f7b2f com.qapp.quickboot}
V/PackageManager(  973): getPackageInfo com.qapp.quickboot: Package{247f7b2f com.qapp.quickboot}
V/PackageManager(  973): getPackageInfo com.google.android.talk: Package{270777f8 com.google.android.talk}
V/PackageManager(  973): getPackageInfo com.qapp.quickboot: Package{247f7b2f com.qapp.quickboot}
V/PackageManager(  973): getPackageInfo com.qapp.quickboot: Package{247f7b2f com.qapp.quickboot}
V/PackageManager(  973): getPackageInfo com.android.inputdevices: Package{3c2ee4f9 com.android.inputdevices}
V/PackageManager(  973): getPackageInfo com.android.inputdevices: Package{3c2ee4f9 com.android.inputdevices}
V/PackageManager(  973): getPackageInfo com.android.inputdevices: Package{3c2ee4f9 com.android.inputdevices}
V/PackageManager(  973): getPackageInfo com.android.inputdevices: Package{3c2ee4f9 com.android.inputdevices}
V/PackageManager(  973): getPackageInfo com.estrongs.android.pop: Package{35a0f422 com.estrongs.android.pop}
V/PackageManager(  973): getPackageInfo com.estrongs.android.pop: Package{35a0f422 com.estrongs.android.pop}
V/PackageManager(  973): getPackageInfo com.estrongs.android.pop: Package{35a0f422 com.estrongs.android.pop}
V/PackageManager(  973): getPackageInfo com.estrongs.android.pop: Package{35a0f422 com.estrongs.android.pop}
V/PackageManager(  973): getPackageInfo com.dropbox.android: Package{1b42a088 com.dropbox.android}
V/PackageManager(  973): getPackageInfo com.dropbox.android: Package{1b42a088 com.dropbox.android}
V/PackageManager(  973): getPackageInfo com.dropbox.android: Package{1b42a088 com.dropbox.android}
V/PackageManager(  973): getPackageInfo com.dropbox.android: Package{1b42a088 com.dropbox.android}
V/PackageManager(  973): getPackageInfo com.qualcomm.gsmtuneaway: Package{37ce5c4b com.qualcomm.gsmtuneaway}
V/PackageManager(  973): getPackageInfo com.qualcomm.gsmtuneaway: Package{37ce5c4b com.qualcomm.gsmtuneaway}
V/PackageManager(  973): getPackageInfo com.qualcomm.gsmtuneaway: Package{37ce5c4b com.qualcomm.gsmtuneaway}
V/PackageManager(  973): getPackageInfo com.qualcomm.gsmtuneaway: Package{37ce5c4b com.qualcomm.gsmtuneaway}
V/PackageManager(  973): getPackageInfo com.qti.xdivert: Package{38f89b25 com.qti.xdivert}
V/PackageManager(  973): getPackageInfo com.qti.xdivert: Package{38f89b25 com.qti.xdivert}
V/PackageManager(  973): getPackageInfo com.qti.xdivert: Package{38f89b25 com.qti.xdivert}
V/PackageManager(  973): getPackageInfo com.qti.xdivert: Package{38f89b25 com.qti.xdivert}
V/PackageManager(  973): getPackageInfo org.madrid.citasanitaria: Package{c4fac81 org.madrid.citasanitaria}
I/InputDispatcher(  973): Dropping event because there is no touchable window at (552, 643).
V/PackageManager(  973): getPackageInfo org.madrid.citasanitaria: Package{c4fac81 org.madrid.citasanitaria}
V/PackageManager(  973): getPackageInfo org.madrid.citasanitaria: Package{c4fac81 org.madrid.citasanitaria}
V/PackageManager(  973): getPackageInfo org.madrid.citasanitaria: Package{c4fac81 org.madrid.citasanitaria}
V/PackageManager(  973): getPackageInfo com.google.android.apps.cloudprint: Package{101d541c com.google.android.apps.cloudprint}
V/PackageManager(  973): getPackageInfo com.google.android.apps.cloudprint: Package{101d541c com.google.android.apps.cloudprint}
V/PackageManager(  973): getPackageInfo com.google.android.apps.cloudprint: Package{101d541c com.google.android.apps.cloudprint}
V/PackageManager(  973): getPackageInfo com.google.android.apps.cloudprint: Package{101d541c com.google.android.apps.cloudprint}
V/PackageManager(  973): getPackageInfo com.android.musicfx: Package{3d880f6b com.android.musicfx}
V/PackageManager(  973): getPackageInfo com.android.musicfx: Package{3d880f6b com.android.musicfx}
