V/WLAN_PSA(  236): NL MSG, PID: 236
V/WLAN_PSA(  236): NL MSG, len[4091], NL type[0x1C] WNI type[0x5900] len[58127]
V/WLAN_PSA(  236): NL MSG, PID: 236
D/PanelView( 1767): mDoubleTapToSleepEnabled = false
D/PanelView( 1767): mDoubleTapToSleepEnabled = false
D/PanelView( 1767): mDoubleTapToSleepEnabled = false
D/PanelView( 1767): mDoubleTapToSleepEnabled = false
D/PanelView( 1767): mDoubleTapToSleepEnabled = false
D/PanelView( 1767): mDoubleTapToSleepEnabled = false
V/WLAN_PSA(  236): NL MSG, len[3972], NL type[0x1C] WNI type[0x5900] len[27663]
V/WLAN_PSA(  236): NL MSG, PID: 236
W/UserActivityMonitor(25297): Screen on, Force rebind: true
V/WLAN_PSA(  236): NL MSG, len[4092], NL type[0x1C] WNI type[0x5900] len[58383]
V/WLAN_PSA(  236): NL MSG, PID: 236
V/PackageManager(  973): getPackageInfo com.estrongs.android.pop: Package{35a0f422 com.estrongs.android.pop}
E/Sonos: SCLibrary(25297): SCLibrary::RefreshNetworking()
V/WLAN_PSA(  236): NL MSG, len[4007], NL type[0x1C] WNI type[0x5900] len[36623]
V/WLAN_PSA(  236): NL MSG, PID: 236
V/WLAN_PSA(  236): NL MSG, len[914], NL type[0x11] WNI type[0x5050] len[894]
V/WLAN_PSA(  236): NL MSG, PID: 236
V/WLAN_PSA(  236): NL MSG, len[4048], NL type[0x1C] WNI type[0x5900] len[47119]
V/WLAN_PSA(  236): NL MSG, PID: 236
D/wpa_supplicant( 1732): nl80211: Event message available
D/wpa_supplicant( 1732): nl80211: Drv Event 34 (NL80211_CMD_NEW_SCAN_RESULTS) received for wlan0
D/wpa_supplicant( 1732): wlan0: nl80211: New scan results available
D/wpa_supplicant( 1732): nl80211: Scan probed for SSID 'freaknet-2g'
D/wpa_supplicant( 1732): nl80211: Scan probed for SSID ''
D/wpa_supplicant( 1732): nl80211: Scan included frequencies: 2412 2417 2422 2427 2432 2437 2442 2447 2452 2457 2462 2467 2472
D/wpa_supplicant( 1732): wlan0: Event SCAN_RESULTS (3) received
D/wpa_supplicant( 1732): wlan0: Scan completed in 0.483435 seconds
D/wpa_supplicant( 1732): nl80211: Associated on 2412 MHz
D/wpa_supplicant( 1732): nl80211: Associated with c0:c1:c0:f4:c7:9f
D/wpa_supplicant( 1732): nl80211: Received scan results (10 BSSes)
D/wpa_supplicant( 1732): nl80211: Scan results indicate BSS status with c0:c1:c0:f4:c7:9f as associated
D/wpa_supplicant( 1732): wlan0: BSS: Start scan result update 6223
D/wpa_supplicant( 1732): wlan0: BSS: Add new id 8847 BSSID 12:08:c1:9a:4a:88 SSID 'DIRECT-AP[TV][LG]Polaroid-1'
V/WLAN_PSA(  236): NL MSG, len[4018], NL type[0x1C] WNI type[0x5900] len[39439]
V/WLAN_PSA(  236): NL MSG, PID: 236
D/wpa_supplicant( 1732): CTRL_IFACE monitor sent successfully to /data/misc/wifi/sockets/wpa_ctrl_245-21\x00
D/wpa_supplicant( 1732): CTRL_IFACE monitor sent successfully to /data/misc/wifi/sockets/wpa_ctrl_973-2\x00
D/wpa_supplicant( 1732): wlan0: BSS: Add new id 8848 BSSID 8c:0c:a3:41:6b:c3 SSID 'MOVISTAR_6BC3'
D/wpa_supplicant( 1732): CTRL_IFACE monitor sent successfully to /data/misc/wifi/sockets/wpa_ctrl_245-21\x00
D/wpa_supplicant( 1732): CTRL_IFACE monitor sent successfully to /data/misc/wifi/sockets/wpa_ctrl_973-2\x00
D/wpa_supplicant( 1732): BSS: last_scan_res_used=10/64
D/wpa_supplicant( 1732): wlan0: Scan-only results received
D/wpa_supplicant( 1732): CTRL_IFACE monitor sent successfully to /data/misc/wifi/sockets/wpa_ctrl_245-21\x00
D/wpa_supplicant( 1732): CTRL_IFACE monitor sent successfully to /data/misc/wifi/sockets/wpa_ctrl_973-2\x00
D/wpa_supplicant( 1732): wlan0: Radio work 'scan'@0xb77f6c20 done in 0.485216 seconds
I/WifiHAL (  973): Poll result = 1
I/WifiHAL (  973): Found some events!!!
D/WifiHAL (  973): no_seq_check received
I/WifiHAL (  973): event received NL80211_CMD_NEW_SCAN_RESULTS
I/WifiHAL (  973): event received NL80211_CMD_NEW_SCAN_RESULTS, vendor_id = 0x0
I/WifiHAL (  973): event ignored!!
D/wpa_supplicant( 1732): wlan0: Control interface command 'BSS RANGE=0- MASK=0x21987'
D/wpa_supplicant( 1732): WPS: Unknown Vendor Extension (Vendor ID 9442)
D/wpa_supplicant( 1732): WPS: Unknown Vendor Extension (Vendor ID 9442)
D/wpa_supplicant( 1732): WPS: Unknown Vendor Extension (Vendor ID 9442)
I/AppIncrementalLogger( 1084): logEvent(): Logged 103 bytes in 1170 ms
I/UpdateIcingCorporaServi( 1084): Updating corpora: APPS=com.example.sfml, CONTACTS=MAYBE
D/powerUI ( 1767): accValue============47
D/powerUI ( 1767): mCputempVlaue============47
D/wpa_supplicant( 1732): wlan0: Control interface command 'STATUS-NO_EVENTS'
D/LBSSystemMonitorService(  973): handleMessage what - 4
D/Wiper_jni(  973): Send Network Location.
V/PackageManager(  973): getPackageInfo com.estrongs.android.pop: Package{35a0f422 com.estrongs.android.pop}
V/PackageManager(  973): getApplicationInfo com.estrongs.android.pop: Package{35a0f422 com.estrongs.android.pop}
V/PackageManager(  973): getApplicationInfo com.estrongs.android.pop: Package{35a0f422 com.estrongs.android.pop}
I/Icing   ( 9166): Indexing 41C70A29C966BADAC3B26697DFB800BE7F29DAC9 from com.google.android.gms
D/WifiService(  973): releaseWifiLockLocked: WifiLock{NlpWifiLock type=2 binder=android.os.BinderProxy@1af3a943}
V/PackageManager(  973): getPackageInfo com.google.android.gms: Package{2d4160db com.google.android.gms}
V/PackageManager(  973): getApplicationInfo com.google.android.gms: Package{2d4160db com.google.android.gms}
V/PackageManager(  973): getApplicationInfo com.google.android.gms: Package{2d4160db com.google.android.gms}
D/LocationFilter( 2582): Forcing stable location. Original location:Location[fused 40,428744,-3,663505 acc=23 et=+1d21h42m9s726ms {Bundle[{wifiScan=[B@252ace88, noGPSLocation=Location[fused 40,428744,-3,663505 acc=23 et=+1d21h42m9s726ms {Bundle[mParcelledData.dataSize=196]}], locationType=3}]}] because connected WiFi network is the same, bssid=c0:c1:c0:f4:c7:9f
V/PackageManager(  973): getApplicationInfo com.citymapper.app.release: Package{2b7bfdd0 com.citymapper.app.release}
V/PackageManager(  973): getApplicationInfo com.google.android.gms: Package{2d4160db com.google.android.gms}
V/PackageManager(  973): getApplicationInfo com.citymapper.app.release: Package{2b7bfdd0 com.citymapper.app.release}
V/PackageManager(  973): getApplicationInfo com.citymapper.app.release: Package{2b7bfdd0 com.citymapper.app.release}
V/PackageManager(  973): getApplicationInfo com.google.android.gms: Package{2d4160db com.google.android.gms}
I/GCoreUlr( 2582): Successfully inserted 1 locations
I/GCoreUlr( 2582): Cancelling scheduled uploads
I/GCoreUlr( 2582): Not calling LocationReporter, hasMoved: false, elapsed millis: 2331706, request: Stationary(3600000)
V/PackageManager(  973): getActivityInfo ComponentInfo{com.example.sfml/android.app.NativeActivity}: Activity{3577c3ec com.example.sfml/android.app.NativeActivity}
I/GCoreUlr( 2582): Scheduling next upload for 1268294ms from now
V/PackageManager(  973): getApplicationInfo com.google.android.gms: Package{2d4160db com.google.android.gms}
V/PackageManager(  973): getApplicationInfo com.google.android.gms: Package{2d4160db com.google.android.gms}
V/PackageManager(  973): getPackageInfo com.google.android.gms: Package{2d4160db com.google.android.gms}
V/PackageManager(  973): getPackageInfo com.android.vending: Package{5046ab9 com.android.vending}
V/PackageManager(  973): getPackageInfo com.google.android.googlequicksearchbox: Package{15eefba2 com.google.android.googlequicksearchbox}
V/PackageManager(  973): getPackageInfo com.google.android.googlequicksearchbox: Package{15eefba2 com.google.android.googlequicksearchbox}
V/PackageManager(  973): getPackageInfo com.google.android.googlequicksearchbox: Package{15eefba2 com.google.android.googlequicksearchbox}
D/PanelView( 1767): mDoubleTapToSleepEnabled = false
D/PanelView( 1767): mDoubleTapToSleepEnabled = false
D/PanelView( 1767): mDoubleTapToSleepEnabled = false
D/PanelView( 1767): mDoubleTapToSleepEnabled = false
D/PanelView( 1767): mDoubleTapToSleepEnabled = false
D/PanelView( 1767): mDoubleTapToSleepEnabled = false
D/PanelView( 1767): mDoubleTapToSleepEnabled = false
D/PanelView( 1767): mDoubleTapToSleepEnabled = false
V/PackageManager(  973): getServiceInfo ComponentInfo{com.estrongs.android.pop/com.estrongs.android.ui.notification.ESTaskService}: Service{2a60bf7d com.estrongs.android.pop/com.estrongs.android.ui.notification.ESTaskService}
D/PhoneStatusBar( 1767): disable: < expand ICONS alerts SYSTEM_INFO back HOME RECENT clock SEARCH >
I/Icing   ( 9166): Indexing done 41C70A29C966BADAC3B26697DFB800BE7F29DAC9
I/UpdateIcingCorporaServi( 1084): UpdateCorporaTask done [took 556 ms] updated apps [took 554 ms] 
V/PackageManager(  973): getApplicationInfo com.estrongs.android.pop: Package{35a0f422 com.estrongs.android.pop}
D/PhoneStatusBar( 1767): disable: < expand icons* alerts system_info* back HOME RECENT clock SEARCH >
D/BluetoothAdapter( 1767): 219150627: getState() :  mService = null. Returning STATE_OFF
D/BluetoothAdapter( 1767): 219150627: getState() :  mService = null. Returning STATE_OFF
V/QSPanel ( 1767): onStateChanged. Tile [Ubicación,true]
D/PhoneStatusBar( 1767): disable: < expand icons alerts system_info back home* recent* clock search* >
D/Launcher.Workspace( 2255): 11683562 - removeExtraEmptyScreen()
D/StatusBar.MSimNetworkController( 1767): getPhoneId phoneId: 0
D/StatusBar.MSimNetworkController( 1767): onSignalStrengthsChanged received on phoneId :0signalStrength=SignalStrength: 99 0 -120 -160 -120 -1 -1 20 -100 -8 170 2147483647 2147483647 gsm|lte level=3
D/StatusBar.MSimNetworkController( 1767): getPhoneId phoneId: 0
D/StatusBar.MSimNetworkController( 1767): getPhoneId phoneId: 0
D/StatusBar.MSimNetworkController( 1767): updateIconSet, phoneId = 0
D/StatusBar.MSimNetworkController( 1767): updateIconSet, voice network type is: 13/4G, data network type is: 13/4G
D/StatusBar.MSimNetworkController( 1767): updateIconSet, chosenNetworkType=13 hspaDataDistinguishable=true hspapDistinguishable=false showAtLeastThreeGees=false
D/TelephonyIcons( 1767): updateDataType sub=0, type=13, inetCondition=1 showAtLeast3G=false show4GforLte=true hspaDistinguishable=true
D/TelephonyIcons( 1767): data type item name: array/telephony_data_type_sim1
D/Launcher.Workspace( 2255): 11683562 - convertFinalScreenToEmptyScreenIfNecessary()
D/TelephonyIcons( 1767): data type item id: 2131492871
D/TelephonyIcons( 1767): updateDataType mSelectedDataTypeIcon[0]=2130837895, mSelectedDataActivityIndex=5
D/StatusBar.MSimNetworkController( 1767): getPhoneId phoneId: 0
D/StatusBar.MSimNetworkController( 1767): updateTelephonySignalStrength: phoneId =0
D/TelephonyIcons( 1767): getSignalStrengthIcon: sub=0, inetCondition=1, level=3 isRoaming=false
D/TelephonyIcons( 1767): signalStrengthArray.length = 9
D/TelephonyIcons( 1767): selectedTypeArray.length = 2
D/TelephonyIcons( 1767): inetArray.length = 5
D/StatusBar.MSimNetworkController( 1767): updateTelephonySignalStrength, sub: 0 level=3 mInetCondition=1 mMSimPhoneSignalIconId[0]=2130838273/com.android.systemui:drawable/stat_sys_signal_3_fully
D/StatusBar.MSimNetworkController( 1767): getPhoneId phoneId: 0
D/StatusBar.MSimNetworkController( 1767): refreshViews phoneId =0mMSimDataConnected =false
D/StatusBar.MSimNetworkController( 1767): refreshViews mMSimDataActivity =0
D/StatusBar.MSimNetworkController( 1767): refreshViews: Data not connected!! Set no data type icon / Roaming for phoneId: 0
D/StatusBar.MSimNetworkController( 1767): refreshViews connected={ wifi } level=3 mMSimcombinedSignalIconId=0x7f020390/com.android.systemui:drawable/stat_sys_wifi_signal_4_fully mMSimcombinedActivityIconId=0x7f020381 mAirplaneMode=false mMSimDataActivity=0 mMSimPhoneSignalIconId=0x7f020301/com.android.systemui:drawable/stat_sys_signal_3_fully mMSimDataDirectionIconId=0x0 mMSimDataSignalIconId=0x7f020301 mMSimDataTypeIconId=0x0/(null) mNoMSimIconId=0x0/(null) mMSimMobileActivityIconId=0x0/(null) mWifiIconId=0x7f020390 mBluetoothTetherIconId=0x1080699
V/PackageManager(  973): getApplicationInfo com.ogqcorp.bgh: Package{299c876a com.ogqcorp.bgh}
V/PackageManager(  973): getApplicationInfo com.ogqcorp.bgh: Package{299c876a com.ogqcorp.bgh}
V/PackageManager(  973): getApplicationInfo com.google.android.googlequicksearchbox: Package{15eefba2 com.google.android.googlequicksearchbox}
V/PackageManager(  973): getApplicationInfo com.google.android.googlequicksearchbox: Package{15eefba2 com.google.android.googlequicksearchbox}
V/PackageManager(  973): getApplicationInfo com.attidomobile.passwallet: Package{253f70ab com.attidomobile.passwallet}
V/PackageManager(  973): getApplicationInfo com.attidomobile.passwallet: Package{253f70ab com.attidomobile.passwallet}
V/PackageManager(  973): getApplicationInfo com.google.android.calendar: Package{b225029 com.google.android.calendar}
V/PackageManager(  973): getApplicationInfo com.google.android.calendar: Package{b225029 com.google.android.calendar}
V/PackageManager(  973): getApplicationInfo personal.andreabasso.clearfocus: Package{3e6334ed personal.andreabasso.clearfocus}
V/PackageManager(  973): getApplicationInfo personal.andreabasso.clearfocus: Package{3e6334ed personal.andreabasso.clearfocus}
D/PICCOLO-3822(  973): enableBatteryChargingLed?true
V/PackageManager(  973): getApplicationInfo com.android.settings: Package{3344b936 com.android.settings}
V/PackageManager(  973): getApplicationInfo com.android.settings: Package{3344b936 com.android.settings}
V/PackageManager(  973): getApplicationInfo com.android.email: Package{3c45fd7 com.android.email}
V/PackageManager(  973): getApplicationInfo com.android.email: Package{3c45fd7 com.android.email}
V/PackageManager(  973): getApplicationInfo com.google.android.apps.docs: Package{f05c2fb com.google.android.apps.docs}
V/PackageManager(  973): getApplicationInfo com.google.android.apps.docs: Package{f05c2fb com.google.android.apps.docs}
V/PackageManager(  973): getApplicationInfo com.devhd.feedly: Package{3220446b com.devhd.feedly}
V/PackageManager(  973): getApplicationInfo com.devhd.feedly: Package{3220446b com.devhd.feedly}
E/AppsCustomizePagedView( 2255): Widget ComponentInfo{com.devhd.feedly/com.devhd.feedly.widget.FeedlyWidgetProvider_4_1} has invalid dimensions (0, 0)
V/PackageManager(  973): getApplicationInfo com.android.gallery3d: Package{7d3060a com.android.gallery3d}
V/PackageManager(  973): getApplicationInfo com.android.gallery3d: Package{7d3060a com.android.gallery3d}
V/PackageManager(  973): getApplicationInfo com.google.android.gm: Package{1b78b50f com.google.android.gm}
V/PackageManager(  973): getApplicationInfo com.google.android.gm: Package{1b78b50f com.google.android.gm}
V/PackageManager(  973): getApplicationInfo com.google.android.keep: Package{8daa430 com.google.android.keep}
V/PackageManager(  973): getApplicationInfo com.google.android.keep: Package{8daa430 com.google.android.keep}
V/PackageManager(  973): getApplicationInfo com.google.android.keep: Package{8daa430 com.google.android.keep}
V/PackageManager(  973): getApplicationInfo com.google.android.keep: Package{8daa430 com.google.android.keep}
V/PackageManager(  973): getApplicationInfo com.google.android.googlequicksearchbox: Package{15eefba2 com.google.android.googlequicksearchbox}
V/PackageManager(  973): getApplicationInfo com.google.android.googlequicksearchbox: Package{15eefba2 com.google.android.googlequicksearchbox}
V/PackageManager(  973): getApplicationInfo com.google.android.apps.magazines: Package{2bd8af49 com.google.android.apps.magazines}
V/PackageManager(  973): getApplicationInfo com.google.android.apps.magazines: Package{2bd8af49 com.google.android.apps.magazines}
V/PackageManager(  973): getApplicationInfo com.google.android.apps.books: Package{195a5a9d com.google.android.apps.books}
V/PackageManager(  973): getApplicationInfo com.google.android.apps.books: Package{195a5a9d com.google.android.apps.books}
V/PackageManager(  973): getApplicationInfo com.google.android.music: Package{91b1222 com.google.android.music}
V/PackageManager(  973): getApplicationInfo com.google.android.music: Package{91b1222 com.google.android.music}
V/PackageManager(  973): getApplicationInfo com.google.android.music: Package{91b1222 com.google.android.music}
V/PackageManager(  973): getApplicationInfo com.google.android.music: Package{91b1222 com.google.android.music}
V/PackageManager(  973): getApplicationInfo com.google.android.googlequicksearchbox: Package{15eefba2 com.google.android.googlequicksearchbox}
V/PackageManager(  973): getApplicationInfo com.google.android.googlequicksearchbox: Package{15eefba2 com.google.android.googlequicksearchbox}
V/PackageManager(  973): getApplicationInfo com.google.android.talk: Package{270777f8 com.google.android.talk}
V/PackageManager(  973): getApplicationInfo com.google.android.talk: Package{270777f8 com.google.android.talk}
V/PackageManager(  973): getApplicationInfo com.tranzmate: Package{3d369005 com.tranzmate}
V/PackageManager(  973): getApplicationInfo com.tranzmate: Package{3d369005 com.tranzmate}
V/PackageManager(  973): getApplicationInfo com.android.chrome: Package{2dfee638 com.android.chrome}
V/PackageManager(  973): getApplicationInfo com.android.chrome: Package{2dfee638 com.android.chrome}
V/PackageManager(  973): getApplicationInfo com.bq.mms: Package{396e53d9 com.bq.mms}
V/PackageManager(  973): getApplicationInfo com.bq.mms: Package{396e53d9 com.bq.mms}
V/PackageManager(  973): getApplicationInfo com.android.vending: Package{5046ab9 com.android.vending}
V/PackageManager(  973): getApplicationInfo com.android.vending: Package{5046ab9 com.android.vending}
V/PackageManager(  973): getApplicationInfo com.google.android.apps.genie.geniewidget: Package{17158f33 com.google.android.apps.genie.geniewidget}
V/PackageManager(  973): getApplicationInfo com.google.android.apps.genie.geniewidget: Package{17158f33 com.google.android.apps.genie.geniewidget}
V/PackageManager(  973): getApplicationInfo com.google.android.apps.genie.geniewidget: Package{17158f33 com.google.android.apps.genie.geniewidget}
V/PackageManager(  973): getApplicationInfo com.google.android.apps.genie.geniewidget: Package{17158f33 com.google.android.apps.genie.geniewidget}
V/PackageManager(  973): getApplicationInfo com.google.android.apps.genie.geniewidget: Package{17158f33 com.google.android.apps.genie.geniewidget}
V/PackageManager(  973): getApplicationInfo com.google.android.apps.genie.geniewidget: Package{17158f33 com.google.android.apps.genie.geniewidget}
V/PackageManager(  973): getApplicationInfo com.google.android.apps.genie.geniewidget: Package{17158f33 com.google.android.apps.genie.geniewidget}
V/PackageManager(  973): getApplicationInfo com.google.android.apps.genie.geniewidget: Package{17158f33 com.google.android.apps.genie.geniewidget}
E/FlurryAgent(25977): GOOGLE PLAY SERVICES EXCEPTION: com.google.android.gms.common.GooglePlayServicesUtil
V/PackageManager(  973): getApplicationInfo com.android.vending: Package{5046ab9 com.android.vending}
E/FlurryAgent(25977): There is a problem with the Google Play Services library, which is required for Android Advertising ID support. The Google Play Services library should be integrated in any app shipping in the Play Store that uses analytics or advertising.
V/PackageManager(  973): getApplicationInfo com.android.vending: Package{5046ab9 com.android.vending}
V/PackageManager(  973): getApplicationInfo com.google.android.apps.plus: Package{3344890b com.google.android.apps.plus}
V/PackageManager(  973): getApplicationInfo com.google.android.apps.plus: Package{3344890b com.google.android.apps.plus}
V/PackageManager(  973): getApplicationInfo com.android.vending: Package{5046ab9 com.android.vending}
V/PackageManager(  973): getApplicationInfo com.android.vending: Package{5046ab9 com.android.vending}
V/PackageManager(  973): getApplicationInfo com.android.deskclock: Package{337de5d2 com.android.deskclock}
V/PackageManager(  973): getApplicationInfo com.android.deskclock: Package{337de5d2 com.android.deskclock}
V/PackageManager(  973): getApplicationInfo com.android.deskclock: Package{337de5d2 com.android.deskclock}
V/PackageManager(  973): getApplicationInfo com.android.deskclock: Package{337de5d2 com.android.deskclock}
V/PackageManager(  973): getApplicationInfo com.sonos.acr: Package{22fe839e com.sonos.acr}
V/PackageManager(  973): getApplicationInfo com.sonos.acr: Package{22fe839e com.sonos.acr}
V/PackageManager(  973): getApplicationInfo com.soundcloud.android: Package{2307b5c7 com.soundcloud.android}
V/PackageManager(  973): getApplicationInfo com.soundcloud.android: Package{2307b5c7 com.soundcloud.android}
V/PackageManager(  973): getApplicationInfo com.soundcloud.android: Package{2307b5c7 com.soundcloud.android}
V/PackageManager(  973): getApplicationInfo com.soundcloud.android: Package{2307b5c7 com.soundcloud.android}
V/PackageManager(  973): getApplicationInfo com.valvesoftware.android.steam.community: Package{241446be com.valvesoftware.android.steam.community}
W/ContextImpl(  973): Calling a method in the system process without a qualified user: android.app.ContextImpl.sendBroadcast:1327 com.android.server.notification.NotificationManagerService.enableBatteryChargingLed:3145 com.android.server.notification.NotificationManagerService.updateLightsLocked:3077 com.android.server.notification.NotificationManagerService$3.onReceive:824 android.app.LoadedApk$ReceiverDispatcher$Args.run:866 
V/PackageManager(  973): getApplicationInfo com.valvesoftware.android.steam.community: Package{241446be com.valvesoftware.android.steam.community}
V/PackageManager(  973): getApplicationInfo com.google.android.apps.plus: Package{3344890b com.google.android.apps.plus}
V/PackageManager(  973): getApplicationInfo com.google.android.apps.plus: Package{3344890b com.google.android.apps.plus}
V/PackageManager(  973): getApplicationInfo com.whatsapp: Package{1d6692e6 com.whatsapp}
V/PackageManager(  973): getApplicationInfo com.whatsapp: Package{1d6692e6 com.whatsapp}
V/WLAN_PSA(  236): NL MSG, len[048], NL type[0x11] WNI type[0x5050] len[028]
V/WLAN_PSA(  236): NL MSG, PID: 236
V/PackageManager(  973): getActivityInfo ComponentInfo{com.estrongs.android.pop/com.flurry.android.FlurryFullscreenTakeoverActivity}: Activity{11ce070f com.estrongs.android.pop/com.flurry.android.FlurryFullscreenTakeoverActivity}
V/PackageManager(  973): getPackageInfo com.estrongs.android.pop: Package{35a0f422 com.estrongs.android.pop}
V/PackageManager(  973): getServiceInfo ComponentInfo{com.estrongs.android.pop/com.dianxinos.dxservice.core.DXCoreService}: Service{1f79c39c com.estrongs.android.pop/com.dianxinos.dxservice.core.DXCoreService}
W/ActivityManager(  973): getTasks: caller 10060 does not hold REAL_GET_TASKS; limiting output
W/InputMethodManagerService(  973): Window already focused, ignoring focus gain of: com.android.internal.view.IInputMethodClient$Stub$Proxy@100a20 attribute=android.view.inputmethod.EditorInfo@1eaa3fd9, token = android.os.BinderProxy@45b88ae
I/Timeline( 2255): Timeline: Activity_idle id: android.os.BinderProxy@2875ce1d time:67526677
I/Keyboard.Facilitator( 2104): onFinishInput()
I/art     ( 2255): Background sticky concurrent mark sweep GC freed 74876(3MB) AllocSpace objects, 11(529KB) LOS objects, 26% free, 10MB/13MB, paused 1.957ms total 169.857ms
I/Timeline(25977): Timeline: Activity_launch_request id:com.estrongs.android.pop time:67526707
V/PackageManager(  973): getActivityInfo ComponentInfo{com.estrongs.android.pop/com.estrongs.android.pop.app.InstallMonitorActivity}: Activity{81089e8 com.estrongs.android.pop/.app.InstallMonitorActivity}
I/ActivityManager(  973): START u0 {flg=0x10800000 cmp=com.estrongs.android.pop/.app.InstallMonitorActivity (has extras)} from uid 10060 on display 0
V/WindowManager(  973): addAppToken: AppWindowToken{93ba84c token=Token{2b6ad07f ActivityRecord{28c77d9e u0 com.estrongs.android.pop/.app.InstallMonitorActivity t1936}}} to stack=1 task=1936 at 0
V/PackageManager(  973): getApplicationInfo com.example.sfml: Package{11fb6212 com.example.sfml}
V/PackageManager(  973): getApplicationInfo com.example.sfml: Package{11fb6212 com.example.sfml}
W/ActivityManager(  973): getTasks: caller 10060 does not hold REAL_GET_TASKS; limiting output
D/WifiService(  973): New client listening to asynchronous messages
V/PackageManager(  973): getPackageInfo com.example.sfml: Package{11fb6212 com.example.sfml}
D/wpa_supplicant( 1732): wlan0: Control interface command 'DRIVER RXFILTER-STOP'
D/wpa_supplicant( 1732): wpa_driver_nl80211_driver_cmd RXFILTER-STOP len = 0, 4096
D/wpa_supplicant( 1732): wlan0: Control interface command 'DRIVER RXFILTER-ADD 2'
D/wpa_supplicant( 1732): wpa_driver_nl80211_driver_cmd RXFILTER-ADD 2 len = 0, 4096
D/wpa_supplicant( 1732): wlan0: Control interface command 'DRIVER RXFILTER-START'
D/wpa_supplicant( 1732): wpa_driver_nl80211_driver_cmd RXFILTER-START len = 0, 4096
I/Icing   ( 9166): Indexing 059D2C9E22313F33BAD631B2C9C3B9ABA1A8F0FF from com.google.android.googlequicksearchbox
V/PackageManager(  973): getPackageInfo com.sonos.acr: Package{22fe839e com.sonos.acr}
V/PackageManager(  973): getApplicationInfo com.google.android.gms: Package{2d4160db com.google.android.gms}
V/PackageManager(  973): getPackageInfo com.google.android.gms: Package{2d4160db com.google.android.gms}
V/PackageManager(  973): getPackageInfo com.android.vending: Package{5046ab9 com.android.vending}
V/PackageManager(  973): getApplicationInfo com.google.android.gms: Package{2d4160db com.google.android.gms}
V/PackageManager(  973): getPackageInfo com.google.android.gms: Package{2d4160db com.google.android.gms}
V/PackageManager(  973): getPackageInfo com.android.vending: Package{5046ab9 com.android.vending}
V/PackageManager(  973): getPackageInfo com.estrongs.android.pop: Package{35a0f422 com.estrongs.android.pop}
V/PackageManager(  973): getPackageInfo com.estrongs.android.pop: Package{35a0f422 com.estrongs.android.pop}
W/FlurryAgent(25977): Flurry session started for context:com.estrongs.android.pop.app.InstallMonitorActivity@1b96f4
W/FlurryAgent(25977): Flurry session resumed for context:com.estrongs.android.pop.app.InstallMonitorActivity@1b96f4
V/PackageManager(  973): getApplicationInfo com.estrongs.android.pop: Package{35a0f422 com.estrongs.android.pop}
V/PackageManager(  973): getApplicationInfo com.estrongs.android.pop: Package{35a0f422 com.estrongs.android.pop}
V/PackageManager(  973): getApplicationInfo com.estrongs.android.pop: Package{35a0f422 com.estrongs.android.pop}
V/PackageManager(  973): getApplicationInfo com.estrongs.android.pop: Package{35a0f422 com.estrongs.android.pop}
W/ActivityManager(  973): getRunningAppProcesses: caller 10060 does not hold REAL_GET_TASKS; limiting output
D/DisplayPowerController(  973): -----updatePowerState state=2; policy=3
W/InputMethodManagerService(  973): Window already focused, ignoring focus gain of: com.android.internal.view.IInputMethodClient$Stub$Proxy@15e37002 attribute=null, token = android.os.BinderProxy@45b88ae
V/LightsService(  973): setLight #0: color=#ff1c1c1c
V/PackageManager(  973): getPackageGidscom.google.android.apps.docs: Package{f05c2fb com.google.android.apps.docs}
V/LightsService(  973): setLight #0: color=#ff1b1b1b
V/PackageManager(  973): getApplicationInfo com.google.android.gms: Package{2d4160db com.google.android.gms}
V/PackageManager(  973): getPackageInfo com.google.android.gms: Package{2d4160db com.google.android.gms}
V/PackageManager(  973): getPackageInfo com.android.vending: Package{5046ab9 com.android.vending}
I/ActivityManager(  973): Start proc 26043:com.google.android.apps.docs/u0a37 for broadcast com.google.android.apps.docs/.receivers.AppPackageAddRemoveReceiver
D/DisplayPowerController(  973): -----updatePowerState state=2; policy=3
V/LightsService(  973): setLight #0: color=#ff1a1a1a
D/DisplayPowerController(  973): -----updatePowerState state=2; policy=3
V/PackageManager(  973): getApplicationInfo com.google.android.webview: Package{2e6c0812 com.google.android.webview}
V/PackageManager(  973): getApplicationInfo com.google.android.gms: Package{2d4160db com.google.android.gms}
V/PackageManager(  973): getPackageInfo com.google.android.gms: Package{2d4160db com.google.android.gms}
V/PackageManager(  973): getPackageInfo com.android.vending: Package{5046ab9 com.android.vending}
D/BluetoothManagerService(  973): Message: 20
D/BluetoothManagerService(  973): Added callback: android.bluetooth.IBluetoothManagerCallback$Stub$Proxy@4ca3b50:true
D/BluetoothManagerService(  973): checkIfCallerIsForegroundUser: valid=true callingUser=0 parentUser=-10000 foregroundUser=0
V/PackageManager(  973): getApplicationInfo com.estrongs.android.pop: Package{35a0f422 com.estrongs.android.pop}
V/PackageManager(  973): getPackageInfo com.estrongs.android.pop: Package{35a0f422 com.estrongs.android.pop}
V/PackageManager(  973): getPackageInfo com.estrongs.android.pop: Package{35a0f422 com.estrongs.android.pop}
V/PackageManager(  973): getApplicationInfo com.estrongs.android.pop: Package{35a0f422 com.estrongs.android.pop}
V/PackageManager(  973): getApplicationInfo com.estrongs.android.pop: Package{35a0f422 com.estrongs.android.pop}
V/PackageManager(  973): getPackageInfo com.google.android.apps.docs: Package{f05c2fb com.google.android.apps.docs}
D/powerUI ( 1767): accValue============50
D/powerUI ( 1767): mCputempVlaue============50
V/PackageManager(  973): getPackageInfo com.google.android.webview: Package{2e6c0812 com.google.android.webview}
I/WebViewFactory(25977): Loading com.google.android.webview version 49.0.2623.105 (code 262310500)
V/PackageManager(  973): getApplicationInfo com.google.android.webview: Package{2e6c0812 com.google.android.webview}
V/PackageManager(  973): getPackageInfo com.google.android.apps.docs: Package{f05c2fb com.google.android.apps.docs}
V/PackageManager(  973): getApplicationInfo com.google.android.gms: Package{2d4160db com.google.android.gms}
V/PackageManager(  973): getPackageInfo com.google.android.gms: Package{2d4160db com.google.android.gms}
V/PackageManager(  973): getPackageInfo com.android.vending: Package{5046ab9 com.android.vending}
V/PackageManager(  973): getApplicationInfo com.google.android.gms: Package{2d4160db com.google.android.gms}
V/PackageManager(  973): getPackageInfo com.google.android.gms: Package{2d4160db com.google.android.gms}
V/PackageManager(  973): getPackageInfo com.android.vending: Package{5046ab9 com.android.vending}
I/Icing   ( 9166): Indexing done 059D2C9E22313F33BAD631B2C9C3B9ABA1A8F0FF
D/wpa_supplicant( 1732): wlan0: Control interface command 'SIGNAL_POLL'
E/Sonos: getavailsvc(25297): Operation Complete OnServiceListChanged. Version:RINCON_B8E9377963B001400:68
I/cr_LibraryLoader(25977): Time to load native libraries: 48 ms (timestamps 7614-7662)
I/cr_LibraryLoader(25977): Expected native library version number "49.0.2623.105", actual native library version number "49.0.2623.105"
V/WebViewChromiumFactoryProvider(25977): Binding Chromium to main looper Looper (main, tid 1) {3720f9a}
I/cr_LibraryLoader(25977): Expected native library version number "49.0.2623.105", actual native library version number "49.0.2623.105"
I/chromium(25977): [INFO:library_loader_hooks.cc(144)] Chromium logging enabled: level = 0, default verbosity = 0
I/cr_BrowserStartup(25977): Initializing chromium process, singleProcess=true
V/PackageManager(  973): getPackageInfo com.estrongs.android.pop: Package{35a0f422 com.estrongs.android.pop}
V/PackageManager(  973): getPackageInfo com.estrongs.android.pop: Package{35a0f422 com.estrongs.android.pop}
V/PackageManager(  973): getApplicationInfo com.estrongs.android.pop: Package{35a0f422 com.estrongs.android.pop}
V/PackageManager(  973): getPackageInfo com.google.android.apps.docs: Package{f05c2fb com.google.android.apps.docs}
V/PackageManager(  973): getPackageInfo com.estrongs.android.pop: Package{35a0f422 com.estrongs.android.pop}
W/ActivityManager(  973): getRunningAppProcesses: caller 10037 does not hold REAL_GET_TASKS; limiting output
W/ActivityManager(  973): getRunningAppProcesses: caller 10037 does not hold REAL_GET_TASKS; limiting output
V/PackageManager(  973): getPackageInfo com.sonos.acr: Package{22fe839e com.sonos.acr}
I/Timeline( 2255): Timeline: Activity_idle id: android.os.BinderProxy@2875ce1d time:67528170
V/PackageManager(  973): getProviderInfo ComponentInfo{com.google.android.apps.docs/com.google.android.apps.docs.doclist.contentprovider.DocListProvider}: Provider{3230b999 com.google.android.apps.docs/.doclist.contentprovider.DocListProvider}
V/WLAN_PSA(  236): NL MSG, len[4046], NL type[0x1C] WNI type[0x5900] len[46607]
V/WLAN_PSA(  236): NL MSG, PID: 236
I/Adreno-EGL(25977): <qeglDrvAPI_eglInitialize:379>: EGL 1.4 QUALCOMM build: AU_LINUX_ANDROID_LA.BR.1.1.3_RB1.05.01.00.032.017_msm8916_32_LA.BR.1.1.3_RB1__release_AU (I716aebe4f9)
I/Adreno-EGL(25977): OpenGL ES Shader Compiler Version: E031.25.03.04
I/Adreno-EGL(25977): Build Date: 07/03/15 Fri
I/Adreno-EGL(25977): Local Branch: 
I/Adreno-EGL(25977): Remote Branch: quic/LA.BR.1.1.3_rb1.18
I/Adreno-EGL(25977): Local Patches: NONE
I/Adreno-EGL(25977): Reconstruct Branch: AU_LINUX_ANDROID_LA.BR.1.1.3_RB1.05.01.00.032.017 + 26a3cba + 6f69ea6 + 8bc2bc8 + 649fcde + a52cccf + dbf281f + 15f0bf8 + 8d02f76 + 9b2cb1a + 25f3b04 + 7cd8c84 + b54906e + 675fd74 + 7c22ef4 + 79b094c +  NOTHING
V/PackageManager(  973): getApplicationInfo com.estrongs.android.pop: Package{35a0f422 com.estrongs.android.pop}
D/BluetoothAdapter(25977): 825581533: getState() :  mService = null. Returning STATE_OFF
E/FlurryAgent(25977): GOOGLE PLAY SERVICES EXCEPTION: com.google.android.gms.common.GooglePlayServicesUtil
E/FlurryAgent(25977): There is a problem with the Google Play Services library, which is required for Android Advertising ID support. The Google Play Services library should be integrated in any app shipping in the Play Store that uses analytics or advertising.
V/PackageManager(  973): getPackageInfo com.estrongs.android.pop: Package{35a0f422 com.estrongs.android.pop}
V/PackageManager(  973): getPackageInfo com.estrongs.android.pop: Package{35a0f422 com.estrongs.android.pop}
W/FlurryAgent(25977): Flurry session paused for context:com.estrongs.android.pop.app.InstallMonitorActivity@1b96f4
D/ConnectivityService(  973): listenForNetwork for NetworkRequest [ id=205, legacyType=-1, [ Capabilities: INTERNET&NOT_RESTRICTED&TRUSTED&NOT_VPN] ]
D/ConnectivityService(  973): handleRegisterNetworkRequest checking NetworkAgentInfo [WIFI () - 144]
D/ConnectivityService(  973): apparently satisfied.  currentScore=60
D/ConnectivityManager.CallbackHandler(25977): CM callback handler got msg 524290
I/GAv4    (26043): Google Analytics 8.1.15 is starting up. To enable debug logging on a device run:
I/GAv4    (26043):   adb shell setprop log.tag.GAv4 DEBUG
I/GAv4    (26043):   adb logcat -s GAv4
V/PackageManager(  973): getApplicationInfo com.google.android.apps.docs: Package{f05c2fb com.google.android.apps.docs}
V/PackageManager(  973): getPackageInfo com.google.android.apps.docs: Package{f05c2fb com.google.android.apps.docs}
V/PackageManager(  973): getReceiverInfo ComponentInfo{com.google.android.apps.docs/hdm}: null
V/PackageManager(  973): getReceiverInfo ComponentInfo{com.google.android.apps.docs/hdm}: null
W/GAv4    (26043): AnalyticsReceiver is not registered or is disabled. Register the receiver for reliable dispatching on non-Google Play devices. See http://goo.gl/8Rd3yj for instructions.
W/ActivityManager(  973): getRunningAppProcesses: caller 10037 does not hold REAL_GET_TASKS; limiting output
V/PackageManager(  973): getReceiverInfo ComponentInfo{com.google.android.apps.docs/hdr}: null
W/GAv4    (26043): CampaignTrackingReceiver is not registered, not exported or is disabled. Installation campaign tracking is not possible. See http://goo.gl/8Rd3yj for instructions.
V/PackageManager(  973): getPackageInfo com.google.android.apps.docs: Package{f05c2fb com.google.android.apps.docs}
V/PackageManager(  973): getServiceInfo ComponentInfo{com.google.android.apps.docs/hdn}: null
W/GAv4    (26043): AnalyticsService not registered in the app manifest. Hits might not be delivered reliably. See http://goo.gl/8Rd3yj for instructions.
V/PackageManager(  973): getProviderInfo ComponentInfo{com.google.android.apps.docs/com.google.android.apps.docs.doclist.contentprovider.DocListProvider}: Provider{3230b999 com.google.android.apps.docs/.doclist.contentprovider.DocListProvider}
V/PackageManager(  973): getProviderInfo ComponentInfo{com.google.android.apps.docs/com.google.android.apps.docs.doclist.contentprovider.DocListProvider}: Provider{3230b999 com.google.android.apps.docs/.doclist.contentprovider.DocListProvider}
V/PackageManager(  973): getProviderInfo ComponentInfo{com.google.android.apps.docs/com.google.android.apps.docs.doclist.statesyncer.CrossAppStateProvider}: Provider{2063b09 com.google.android.apps.docs/.doclist.statesyncer.CrossAppStateProvider}
V/PackageManager(  973): getProviderInfo ComponentInfo{com.google.android.apps.docs/com.google.android.apps.docs.doclist.contentprovider.DocListProvider}: Provider{3230b999 com.google.android.apps.docs/.doclist.contentprovider.DocListProvider}
V/PackageManager(  973): getProviderInfo ComponentInfo{com.google.android.apps.docs/com.google.android.apps.docs.doclist.DocListAccountSuggestionProvider}: Provider{349a110e com.google.android.apps.docs/.doclist.DocListAccountSuggestionProvider}
W/ActivityManager(  973): getRunningAppProcesses: caller 10037 does not hold REAL_GET_TASKS; limiting output
V/PackageManager(  973): getPackageInfo com.google.android.apps.docs: Package{f05c2fb com.google.android.apps.docs}
V/PackageManager(  973): getApplicationInfo com.google.android.apps.docs: Package{f05c2fb com.google.android.apps.docs}
V/PackageManager(  973): getPackageInfo com.google.android.gms: Package{2d4160db com.google.android.gms}
V/PackageManager(  973): getPackageInfo com.android.vending: Package{5046ab9 com.android.vending}
V/PackageManager(  973): getPackageInfo com.google.android.apps.docs: Package{f05c2fb com.google.android.apps.docs}
V/PackageManager(  973): getPackageInfo com.berniiiiiiii.logomatchup: Package{1a000e6 com.berniiiiiiii.logomatchup}
V/PackageManager(  973): getPackageInfo com.berniiiiiiii.logomatchup: Package{1a000e6 com.berniiiiiiii.logomatchup}
V/PackageManager(  973): getPackageInfo com.berniiiiiiii.logomatchup: Package{1a000e6 com.berniiiiiiii.logomatchup}
V/PackageManager(  973): getPackageInfo com.google.android.apps.docs: Package{f05c2fb com.google.android.apps.docs}
V/PackageManager(  973): getPackageInfo com.berniiiiiiii.logomatchup: Package{1a000e6 com.berniiiiiiii.logomatchup}
V/PackageManager(  973): getPackageInfo com.bq.wizardbq.insurance: Package{1cc004b7 com.bq.wizardbq.insurance}
V/PackageManager(  973): getPackageInfo com.google.android.apps.docs: Package{f05c2fb com.google.android.apps.docs}
V/PackageManager(  973): getPackageInfo com.bq.wizardbq.insurance: Package{1cc004b7 com.bq.wizardbq.insurance}
V/PackageManager(  973): getPackageInfo com.bq.wizardbq.insurance: Package{1cc004b7 com.bq.wizardbq.insurance}
V/PackageManager(  973): getPackageInfo com.bq.wizardbq.insurance: Package{1cc004b7 com.bq.wizardbq.insurance}
V/PackageManager(  973): getPackageInfo com.skype.raider: Package{2d5cfd45 com.skype.raider}
V/PackageManager(  973): getPackageGidscom.idealista.android: Package{19963d62 com.idealista.android}
V/PackageManager(  973): getPackageInfo com.skype.raider: Package{2d5cfd45 com.skype.raider}
V/PackageManager(  973): getPackageInfo com.skype.raider: Package{2d5cfd45 com.skype.raider}
V/PackageManager(  973): getPackageInfo com.skype.raider: Package{2d5cfd45 com.skype.raider}
V/PackageManager(  973): getPackageInfo com.google.android.youtube: Package{264e3862 com.google.android.youtube}
I/ActivityManager(  973): Start proc 26111:com.idealista.android/u0a164 for broadcast com.idealista.android/.app.notifications.MyUpgradeReceiver
V/PackageManager(  973): getServiceInfo ComponentInfo{com.google.android.gms/com.google.android.gms.auth.GoogleAccountAuthenticatorService}: Service{2d2cd7ba com.google.android.gms/.auth.GoogleAccountAuthenticatorService}
V/PackageManager(  973): getApplicationInfo com.google.android.apps.docs: Package{f05c2fb com.google.android.apps.docs}
V/PackageManager(  973): getPackageInfo com.google.android.youtube: Package{264e3862 com.google.android.youtube}
V/PackageManager(  973): getPackageInfo com.google.android.youtube: Package{264e3862 com.google.android.youtube}
D/StatusBar.MSimNetworkController( 1767): getPhoneId phoneId: 0
D/StatusBar.MSimNetworkController( 1767): onSignalStrengthsChanged received on phoneId :0signalStrength=SignalStrength: 99 0 -120 -160 -120 -1 -1 24 -91 -7 180 2147483647 2147483647 gsm|lte level=3
V/PackageManager(  973): getPackageInfo com.google.android.gms: Package{2d4160db com.google.android.gms}
D/StatusBar.MSimNetworkController( 1767): getPhoneId phoneId: 0
D/StatusBar.MSimNetworkController( 1767): getPhoneId phoneId: 0
D/StatusBar.MSimNetworkController( 1767): updateIconSet, phoneId = 0
D/StatusBar.MSimNetworkController( 1767): updateIconSet, voice network type is: 13/4G, data network type is: 13/4G
D/StatusBar.MSimNetworkController( 1767): updateIconSet, chosenNetworkType=13 hspaDataDistinguishable=true hspapDistinguishable=false showAtLeastThreeGees=false
D/TelephonyIcons( 1767): updateDataType sub=0, type=13, inetCondition=1 showAtLeast3G=false show4GforLte=true hspaDistinguishable=true
D/TelephonyIcons( 1767): data type item name: array/telephony_data_type_sim1
V/GLSActivity( 2582): AuthDelegateWrapperCreated with selected intent: Intent { cmp=com.google.android.gms/.auth.DefaultAuthDelegateService }
D/TelephonyIcons( 1767): data type item id: 2131492871
V/PackageManager(  973): getPackageInfo com.idealista.android: Package{19963d62 com.idealista.android}
V/PackageManager(  973): getPackageInfo com.google.android.youtube: Package{264e3862 com.google.android.youtube}
V/PackageManager(  973): getPackageInfo com.corecoders.skitracks: Package{2d32e6f9 com.corecoders.skitracks}
D/TelephonyIcons( 1767): updateDataType mSelectedDataTypeIcon[0]=2130837895, mSelectedDataActivityIndex=5
D/StatusBar.MSimNetworkController( 1767): getPhoneId phoneId: 0
D/StatusBar.MSimNetworkController( 1767): updateTelephonySignalStrength: phoneId =0
D/TelephonyIcons( 1767): getSignalStrengthIcon: sub=0, inetCondition=1, level=3 isRoaming=false
D/TelephonyIcons( 1767): signalStrengthArray.length = 9
D/TelephonyIcons( 1767): selectedTypeArray.length = 2
D/TelephonyIcons( 1767): inetArray.length = 5
D/StatusBar.MSimNetworkController( 1767): updateTelephonySignalStrength, sub: 0 level=3 mInetCondition=1 mMSimPhoneSignalIconId[0]=2130838273/com.android.systemui:drawable/stat_sys_signal_3_fully
D/StatusBar.MSimNetworkController( 1767): getPhoneId phoneId: 0
D/StatusBar.MSimNetworkController( 1767): refreshViews phoneId =0mMSimDataConnected =false
D/StatusBar.MSimNetworkController( 1767): refreshViews mMSimDataActivity =0
D/StatusBar.MSimNetworkController( 1767): refreshViews: Data not connected!! Set no data type icon / Roaming for phoneId: 0
D/StatusBar.MSimNetworkController( 1767): refreshViews connected={ wifi } level=3 mMSimcombinedSignalIconId=0x7f020390/com.android.systemui:drawable/stat_sys_wifi_signal_4_fully mMSimcombinedActivityIconId=0x7f020381 mAirplaneMode=false mMSimDataActivity=0 mMSimPhoneSignalIconId=0x7f020301/com.android.systemui:drawable/stat_sys_signal_3_fully mMSimDataDirectionIconId=0x0 mMSimDataSignalIconId=0x7f020301 mMSimDataTypeIconId=0x0/(null) mNoMSimIconId=0x0/(null) mMSimMobileActivityIconId=0x0/(null) mWifiIconId=0x7f020390 mBluetoothTetherIconId=0x1080699
V/PackageManager(  973): getPackageInfo com.corecoders.skitracks: Package{2d32e6f9 com.corecoders.skitracks}
V/PackageManager(  973): getPackageInfo com.corecoders.skitracks: Package{2d32e6f9 com.corecoders.skitracks}
V/PackageManager(  973): getPackageInfo com.corecoders.skitracks: Package{2d32e6f9 com.corecoders.skitracks}
V/PackageManager(  973): getPackageInfo com.inmobation.Snow2day: Package{d0ba6b1 com.inmobation.Snow2day}
V/PackageManager(  973): getPackageInfo com.google.android.apps.docs.editors.docs: Package{1a63ec88 com.google.android.apps.docs.editors.docs}
V/PackageManager(  973): getPackageInfo com.google.android.apps.docs.editors.sheets: Package{1ccf1824 com.google.android.apps.docs.editors.sheets}
V/PackageManager(  973): getPackageInfo com.google.android.apps.docs.editors.slides: Package{224de17e com.google.android.apps.docs.editors.slides}
V/PackageManager(  973): getPackageInfo com.google.android.apps.docs.editors.drawings: null
V/PackageManager(  973): getPackageInfo com.google.android.apps.docs: Package{f05c2fb com.google.android.apps.docs}
V/PackageManager(  973): getPackageInfo com.idealista.android: Package{19963d62 com.idealista.android}
D/powerUI ( 1767): accValue============52
D/powerUI ( 1767): mCputempVlaue============52
V/PackageManager(  973): getPackageInfo com.inmobation.Snow2day: Package{d0ba6b1 com.inmobation.Snow2day}
V/PackageManager(  973): getPackageInfo com.inmobation.Snow2day: Package{d0ba6b1 com.inmobation.Snow2day}
V/PackageManager(  973): getPackageInfo com.inmobation.Snow2day: Package{d0ba6b1 com.inmobation.Snow2day}
V/PackageManager(  973): getPackageInfo com.android.providers.telephony: Package{1d295046 com.android.providers.telephony}
V/PackageManager(  973): getPackageInfo com.google.android.gms: Package{2d4160db com.google.android.gms}
I/MultiDex(26111): VM with version 2.1.0 has multidex support
I/MultiDex(26111): install
I/MultiDex(26111): VM has multidex support, MultiDex support library is disabled.
I/MultiDex(26111): install
I/MultiDex(26111): VM has multidex support, MultiDex support library is disabled.
V/PackageManager(  973): getPackageInfo com.android.vending: Package{5046ab9 com.android.vending}
V/PackageManager(  973): getApplicationInfo com.google.android.gms: Package{2d4160db com.google.android.gms}
W/ActivityManager(  973): getRunningAppProcesses: caller 10164 does not hold REAL_GET_TASKS; limiting output
I/GMPM    (26111): App measurement is starting up, version: 8487
I/GMPM    (26111): To enable debug logging run: adb shell setprop log.tag.GMPM VERBOSE
V/PackageManager(  973): getPackageInfo com.idealista.android: Package{19963d62 com.idealista.android}
V/PackageManager(  973): getPackageInfo com.android.providers.telephony: Package{1d295046 com.android.providers.telephony}
V/PackageManager(  973): getPackageInfo com.android.providers.telephony: Package{1d295046 com.android.providers.telephony}
V/PackageManager(  973): getPackageInfo com.idealista.android: Package{19963d62 com.idealista.android}
V/PackageManager(  973): getPackageInfo com.idealista.android: Package{19963d62 com.idealista.android}
V/PackageManager(  973): getPackageInfo com.android.providers.telephony: Package{1d295046 com.android.providers.telephony}
E/GMPM    (26111): GoogleService failed to initialize, status: 10, Missing an expected resource: 'R.string.google_app_id' for initializing Google services.  Possible causes are missing google-services.json or com.google.gms.google-services gradle plugin.
E/GMPM    (26111): Scheduler not set. Not logging error/warn.
V/PackageManager(  973): getPackageInfo com.adups.fota.sysoper: Package{13a8e13 com.adups.fota.sysoper}
W/ResourcesManager(26043): Asset path '/system/framework/com.android.media.remotedisplay.jar' does not exist or contains no resources.
W/ResourcesManager(26043): Asset path '/system/framework/com.android.location.provider.jar' does not exist or contains no resources.
V/PackageManager(  973): getReceiverInfo ComponentInfo{com.idealista.android/com.google.android.gms.measurement.AppMeasurementReceiver}: Activity{2932d9be com.idealista.android/com.google.android.gms.measurement.AppMeasurementReceiver}
V/PackageManager(  973): getServiceInfo ComponentInfo{com.idealista.android/com.google.android.gms.measurement.AppMeasurementService}: Service{2ff2ca1f com.idealista.android/com.google.android.gms.measurement.AppMeasurementService}
E/GMPM    (26111): Uploading is not possible. App measurement disabled
V/PackageManager(  973): getPackageInfo com.adups.fota.sysoper: Package{13a8e13 com.adups.fota.sysoper}
V/PackageManager(  973): getPackageInfo com.adups.fota.sysoper: Package{13a8e13 com.adups.fota.sysoper}
V/PackageManager(  973): getPackageInfo com.adups.fota.sysoper: Package{13a8e13 com.adups.fota.sysoper}
V/PackageManager(  973): getPackageInfo com.google.android.googlequicksearchbox: Package{15eefba2 com.google.android.googlequicksearchbox}
I/Timeline( 2255): Timeline: Activity_launch_request id:com.example.sfml time:67529921
V/PackageManager(  973): getActivityInfo ComponentInfo{com.example.sfml/android.app.NativeActivity}: Activity{3577c3ec com.example.sfml/android.app.NativeActivity}
V/PackageManager(  973): getPackageInfo com.idealista.android: Package{19963d62 com.idealista.android}
I/ActivityManager(  973): START u0 {act=android.intent.action.MAIN cat=[android.intent.category.LAUNCHER] flg=0x10200000 cmp=com.example.sfml/android.app.NativeActivity (has extras)} from uid 1000 on display 0
V/PackageManager(  973): getApplicationInfo com.example.sfml: Package{11fb6212 com.example.sfml}
V/PackageManager(  973): getPackageInfo com.idealista.android: Package{19963d62 com.idealista.android}
V/PackageManager(  973): getApplicationInfo com.idealista.android: Package{19963d62 com.idealista.android}
I/CrashlyticsCore(26111): Initializing Crashlytics 2.3.5.79
V/PackageManager(  973): getPackageInfo com.idealista.android: Package{19963d62 com.idealista.android}
V/PackageManager(  973): getApplicationInfo com.idealista.android: Package{19963d62 com.idealista.android}
V/PackageManager(  973): getPackageInfo com.google.android.googlequicksearchbox: Package{15eefba2 com.google.android.googlequicksearchbox}
V/WindowManager(  973): addAppToken: AppWindowToken{1cd3361 token=Token{1faff6c8 ActivityRecord{af59b6b u0 com.example.sfml/android.app.NativeActivity t1937}}} to stack=1 task=1937 at 0
